Archive member included to satisfy reference by file (symbol)

app/libapp.a(main.c.obj)      (--whole-archive)
app/libapp.a(display.c.obj)   (--whole-archive)
app/libapp.a(bmp280.c.obj)    (--whole-archive)
zephyr/libzephyr.a(cbprintf_packaged.c.obj)
                              (--whole-archive)
zephyr/libzephyr.a(crc32c_sw.c.obj)
                              (--whole-archive)
zephyr/libzephyr.a(crc32_sw.c.obj)
                              (--whole-archive)
zephyr/libzephyr.a(crc16_sw.c.obj)
                              (--whole-archive)
zephyr/libzephyr.a(crc8_sw.c.obj)
                              (--whole-archive)
zephyr/libzephyr.a(crc7_sw.c.obj)
                              (--whole-archive)
zephyr/libzephyr.a(dec.c.obj)
                              (--whole-archive)
zephyr/libzephyr.a(fdtable.c.obj)
                              (--whole-archive)
zephyr/libzephyr.a(hex.c.obj)
                              (--whole-archive)
zephyr/libzephyr.a(notify.c.obj)
                              (--whole-archive)
zephyr/libzephyr.a(printk.c.obj)
                              (--whole-archive)
zephyr/libzephyr.a(onoff.c.obj)
                              (--whole-archive)
zephyr/libzephyr.a(rb.c.obj)  (--whole-archive)
zephyr/libzephyr.a(sem.c.obj)
                              (--whole-archive)
zephyr/libzephyr.a(thread_entry.c.obj)
                              (--whole-archive)
zephyr/libzephyr.a(timeutil.c.obj)
                              (--whole-archive)
zephyr/libzephyr.a(heap.c.obj)
                              (--whole-archive)
zephyr/libzephyr.a(heap-validate.c.obj)
                              (--whole-archive)
zephyr/libzephyr.a(bitarray.c.obj)
                              (--whole-archive)
zephyr/libzephyr.a(multi_heap.c.obj)
                              (--whole-archive)
zephyr/libzephyr.a(cbprintf_complete.c.obj)
                              (--whole-archive)
zephyr/libzephyr.a(cbprintf.c.obj)
                              (--whole-archive)
zephyr/libzephyr.a(assert.c.obj)
                              (--whole-archive)
zephyr/libzephyr.a(configs.c.obj)
                              (--whole-archive)
zephyr/libzephyr.a(soc_nrf_common.S.obj)
                              (--whole-archive)
zephyr/libzephyr.a(validate_base_addresses.c.obj)
                              (--whole-archive)
zephyr/libzephyr.a(validate_enabled_instances.c.obj)
                              (--whole-archive)
zephyr/libzephyr.a(pm.c.obj)  (--whole-archive)
zephyr/libzephyr.a(policy.c.obj)
                              (--whole-archive)
zephyr/libzephyr.a(state.c.obj)
                              (--whole-archive)
zephyr/libzephyr.a(tracing_none.c.obj)
                              (--whole-archive)
zephyr/libzephyr.a(lis2mdl_reg.c.obj)
                              (--whole-archive)
zephyr/arch/common/libarch__common.a(sw_isr_common.c.obj)
                              (--whole-archive)
zephyr/arch/arch/arm/core/aarch32/libarch__arm__core__aarch32.a(cpu_idle.S.obj)
                              (--whole-archive)
zephyr/arch/arch/arm/core/aarch32/libarch__arm__core__aarch32.a(fatal.c.obj)
                              (--whole-archive)
zephyr/arch/arch/arm/core/aarch32/libarch__arm__core__aarch32.a(irq_manage.c.obj)
                              (--whole-archive)
zephyr/arch/arch/arm/core/aarch32/libarch__arm__core__aarch32.a(nmi.c.obj)
                              (--whole-archive)
zephyr/arch/arch/arm/core/aarch32/libarch__arm__core__aarch32.a(nmi_on_reset.S.obj)
                              (--whole-archive)
zephyr/arch/arch/arm/core/aarch32/libarch__arm__core__aarch32.a(prep_c.c.obj)
                              (--whole-archive)
zephyr/arch/arch/arm/core/aarch32/libarch__arm__core__aarch32.a(swap.c.obj)
                              (--whole-archive)
zephyr/arch/arch/arm/core/aarch32/libarch__arm__core__aarch32.a(swap_helper.S.obj)
                              (--whole-archive)
zephyr/arch/arch/arm/core/aarch32/libarch__arm__core__aarch32.a(thread.c.obj)
                              (--whole-archive)
zephyr/arch/arch/arm/core/aarch32/libarch__arm__core__aarch32.a(isr_wrapper.S.obj)
                              (--whole-archive)
zephyr/arch/arch/arm/core/aarch32/cortex_m/libarch__arm__core__aarch32__cortex_m.a(exc_exit.S.obj)
                              (--whole-archive)
zephyr/arch/arch/arm/core/aarch32/cortex_m/libarch__arm__core__aarch32__cortex_m.a(fault.c.obj)
                              (--whole-archive)
zephyr/arch/arch/arm/core/aarch32/cortex_m/libarch__arm__core__aarch32__cortex_m.a(fault_s.S.obj)
                              (--whole-archive)
zephyr/arch/arch/arm/core/aarch32/cortex_m/libarch__arm__core__aarch32__cortex_m.a(fpu.c.obj)
                              (--whole-archive)
zephyr/arch/arch/arm/core/aarch32/cortex_m/libarch__arm__core__aarch32__cortex_m.a(irq_init.c.obj)
                              (--whole-archive)
[...]
Memory Configuration

Name             Origin             Length             Attributes
FLASH            0x0000000000000000 0x0000000000080000 xr
SRAM             0x0000000020000000 0x0000000000020000 xw
IDT_LIST         0x00000000fffff7ff 0x0000000000000800 xw
*default*        0x0000000000000000 0xffffffffffffffff

Linker script and memory map

LOAD zephyr/CMakeFiles/zephyr_pre1.dir/misc/empty_file.c.obj
LOAD zephyr/CMakeFiles/zephyr_pre1.dir/dev_handles.c.obj
LOAD zephyr/CMakeFiles/offsets.dir/./arch/arm/core/offsets/offsets.c.obj
                0x0000000000000004                _region_min_align = 0x4

.rel.plt        0x0000000000000000        0x0
 *(SORT_BY_ALIGNMENT(.rel.plt))
                [!provide]                        PROVIDE (__rel_iplt_start = .)
 *(SORT_BY_ALIGNMENT(.rel.iplt))
 .rel.iplt      0x0000000000000000        0x0 app/libapp.a(main.c.obj)
                [!provide]                        PROVIDE (__rel_iplt_end = .)

.rela.plt       0x0000000000000000        0x0
 *(SORT_BY_ALIGNMENT(.rela.plt))
                [!provide]                        PROVIDE (__rela_iplt_start = .)
 *(SORT_BY_ALIGNMENT(.rela.iplt))
                [!provide]                        PROVIDE (__rela_iplt_end = .)

.rel.dyn
 *(SORT_BY_ALIGNMENT(.rel.*))

.rela.dyn
 *(SORT_BY_ALIGNMENT(.rela.*))

/DISCARD/
 *(SORT_BY_ALIGNMENT(.plt))
 *(SORT_BY_ALIGNMENT(.iplt))
 *(SORT_BY_ALIGNMENT(.got.plt))
 *(SORT_BY_ALIGNMENT(.igot.plt))
 *(SORT_BY_ALIGNMENT(.got))
 *(SORT_BY_ALIGNMENT(.igot))
 *(SORT_BY_ALIGNMENT(.note.GNU-stack))
                0x0000000000000000                __rom_region_start = 0x0

rom_start       0x0000000000000000      0x100
                0x0000000000000000                . = 0x0
                0x0000000000000000                . = ALIGN (0x4)
                0x0000000000000000                . = ALIGN (0x80)
                0x0000000000000000                . = ALIGN (0x100)
                0x0000000000000000                _vector_start = .
 *(SORT_BY_ALIGNMENT(.exc_vector_table))
 *(SORT_BY_ALIGNMENT(.exc_vector_table.*))
 .exc_vector_table._vector_table_section
                0x0000000000000000       0x40 zephyr/arch/arch/arm/core/aarch32/cortex_m/libarch__arm__core__aarch32__cortex_m.a(vector_table.S.obj)
                0x0000000000000000                _vector_table
 *(SORT_BY_ALIGNMENT(.vectors))
                0x0000000000000100                _vector_end = .
                0x0000000000000040                . = ALIGN (0x4)
 *(SORT_BY_ALIGNMENT(.gnu.linkonce.irq_vector_table*))
 .gnu.linkonce.irq_vector_table
                0x0000000000000040       0xc0 zephyr/arch/common/libisr_tables.a(isr_tables.c.obj)
                0x0000000000000040                _irq_vector_table
                0x0000000000000100                _vector_end = .

text            0x0000000000000100     0x74bc
                0x0000000000000100                __text_region_start = .
 *(SORT_BY_ALIGNMENT(.text))
 .text          0x0000000000000100       0xa0 /home/frank/zephyr-sdk-0.14.2/arm-zephyr-eabi/bin/../lib/gcc/arm-zephyr-eabi/10.3.0/thumb/v7e-m/nofp/libgcc.a(_aeabi_ldivmod.o)
                0x0000000000000100                __aeabi_ldivmod
 .text          0x00000000000001a0       0x30 /home/frank/zephyr-sdk-0.14.2/arm-zephyr-eabi/bin/../lib/gcc/arm-zephyr-eabi/10.3.0/thumb/v7e-m/nofp/libgcc.a(_aeabi_uldivmod.o)
                0x00000000000001a0                __aeabi_uldivmod
 .text          0x00000000000001d0        0x4 /home/frank/zephyr-sdk-0.14.2/arm-zephyr-eabi/bin/../lib/gcc/arm-zephyr-eabi/10.3.0/thumb/v7e-m/nofp/libgcc.a(_dvmd_tls.o)
                0x00000000000001d0                __aeabi_ldiv0
                0x00000000000001d0                __aeabi_idiv0
 .text          0x00000000000001d4      0x2a6 /home/frank/zephyr-sdk-0.14.2/arm-zephyr-eabi/bin/../lib/gcc/arm-zephyr-eabi/10.3.0/thumb/v7e-m/nofp/libgcc.a(_udivmoddi4.o)
                0x00000000000001d4                __udivmoddi4
 *(SORT_BY_ALIGNMENT(.text.*))
 *fill*         0x000000000000047a        0x6 
 .text.lis2dh_attr_set
                0x0000000000000480      0x10c zephyr/drivers/sensor/lis2dh/libdrivers__sensor__lis2dh.a(lis2dh.c.obj)
 .text.main     0x000000000000058c      0x104 app/libapp.a(main.c.obj)
                0x000000000000058c                main
 .text.spi_write.constprop.0.isra.0
                0x0000000000000690       0x18 app/libapp.a(display.c.obj)
 .text.ResetLow
                0x00000000000006a8       0x10 app/libapp.a(display.c.obj)
                0x00000000000006a8                ResetLow
 .text.ResetHigh
                0x00000000000006b8       0x10 app/libapp.a(display.c.obj)
                0x00000000000006b8                ResetHigh
 .text.DCLow    0x00000000000006c8       0x10 app/libapp.a(display.c.obj)
                0x00000000000006c8                DCLow
 .text.DCHigh   0x00000000000006d8       0x10 app/libapp.a(display.c.obj)
                0x00000000000006d8                DCHigh
 .text.CSLow    0x00000000000006e8       0x10 app/libapp.a(display.c.obj)
                0x00000000000006e8                CSLow
 .text.CSHigh   0x00000000000006f8       0x10 app/libapp.a(display.c.obj)
                0x00000000000006f8                CSHigh
 .text.display_command
                0x0000000000000708       0x30 app/libapp.a(display.c.obj)
                0x0000000000000708                display_command
 .text.display_data
                0x0000000000000738       0x30 app/libapp.a(display.c.obj)
                0x0000000000000738                display_data
 .text.display_fillRectangle
                0x0000000000000768       0x88 app/libapp.a(display.c.obj)
                0x0000000000000768                display_fillRectangle
 .text.display_begin
                0x00000000000007f0      0x158 app/libapp.a(display.c.obj)
                0x00000000000007f0                display_begin
 .text.display_putImage
                0x0000000000000948       0x40 app/libapp.a(display.c.obj)
                0x0000000000000948                display_putImage
 .text.display_print
                0x0000000000000988       0x80 app/libapp.a(display.c.obj)
                0x0000000000000988                display_print
 .text.bmp280_readRegister
                0x0000000000000a08       0x3c app/libapp.a(bmp280.c.obj)
                0x0000000000000a08                bmp280_readRegister
 .text.bmp280_writeRegister
                0x0000000000000a44       0x30 app/libapp.a(bmp280.c.obj)
                0x0000000000000a44                bmp280_writeRegister
 .text.bmp280_readTemperature
                0x0000000000000a74       0xa0 app/libapp.a(bmp280.c.obj)
                0x0000000000000a74                bmp280_readTemperature
 .text.bmp280_readPressure
                0x0000000000000b14      0x10c app/libapp.a(bmp280.c.obj)
                0x0000000000000b14                bmp280_readPressure
 .text.bmp280_readCalibrationData
                0x0000000000000c20      0x110 app/libapp.a(bmp280.c.obj)
                0x0000000000000c20                bmp280_readCalibrationData
 .text.bmp280_begin
                0x0000000000000d30       0x30 app/libapp.a(bmp280.c.obj)
                0x0000000000000d30                bmp280_begin
 .text.char_out
                0x0000000000000d60        0xc zephyr/libzephyr.a(printk.c.obj)
 .text.__printk_hook_install
                0x0000000000000d6c        0xc zephyr/libzephyr.a(printk.c.obj)
                0x0000000000000d6c                __printk_hook_install
 .text.vprintk  0x0000000000000d78       0x1c zephyr/libzephyr.a(printk.c.obj)
                0x0000000000000d78                vprintk
 .text.process_event
                0x0000000000000d94      0x1c0 zephyr/libzephyr.a(onoff.c.obj)
 .text.z_cbvprintf_impl
                0x0000000000000f54      0x78c zephyr/libzephyr.a(cbprintf_complete.c.obj)
                0x0000000000000f54                z_cbvprintf_impl
 .text.z_arm_platform_init
                0x00000000000016e0        0x4 zephyr/libzephyr.a(soc_nrf_common.S.obj)
                0x00000000000016e0                z_arm_platform_init
 .text.pm_state_notify
                0x00000000000016e4       0x5c zephyr/libzephyr.a(pm.c.obj)
 .text.pm_system_resume
                0x0000000000001740       0x7c zephyr/libzephyr.a(pm.c.obj)
                0x0000000000001740                pm_system_resume
 .text.pm_system_suspend
                0x00000000000017bc       0xf0 zephyr/libzephyr.a(pm.c.obj)
                0x00000000000017bc                pm_system_suspend
 .text.pm_policy_next_state
                0x00000000000018ac       0x90 zephyr/libzephyr.a(policy.c.obj)
                0x00000000000018ac                pm_policy_next_state
 .text.pm_state_cpu_get_all
                0x000000000000193c       0x10 zephyr/libzephyr.a(state.c.obj)
                0x000000000000193c                pm_state_cpu_get_all
 .text.z_arm_cpu_idle_init
                0x000000000000194c        0xc zephyr/arch/arch/arm/core/aarch32/libarch__arm__core__aarch32.a(cpu_idle.S.obj)
                0x000000000000194c                z_arm_cpu_idle_init
 .text.arch_cpu_idle
                0x0000000000001958       0x1c zephyr/arch/arch/arm/core/aarch32/libarch__arm__core__aarch32.a(cpu_idle.S.obj)
                0x0000000000001958                arch_cpu_idle
 .text.arch_cpu_atomic_idle
                0x0000000000001974       0x14 zephyr/arch/arch/arm/core/aarch32/libarch__arm__core__aarch32.a(cpu_idle.S.obj)
                0x0000000000001974                arch_cpu_atomic_idle
 .text.arch_irq_enable
                0x0000000000001988       0x20 zephyr/arch/arch/arm/core/aarch32/libarch__arm__core__aarch32.a(irq_manage.c.obj)
                0x0000000000001988                arch_irq_enable
 .text.arch_irq_disable
                0x00000000000019a8       0x28 zephyr/arch/arch/arm/core/aarch32/libarch__arm__core__aarch32.a(irq_manage.c.obj)
                0x00000000000019a8                arch_irq_disable
 .text.arch_irq_is_enabled
                0x00000000000019d0       0x1c zephyr/arch/arch/arm/core/aarch32/libarch__arm__core__aarch32.a(irq_manage.c.obj)
                0x00000000000019d0                arch_irq_is_enabled
 .text.z_arm_irq_priority_set
                0x00000000000019ec       0x30 zephyr/arch/arch/arm/core/aarch32/libarch__arm__core__aarch32.a(irq_manage.c.obj)
                0x00000000000019ec                z_arm_irq_priority_set
 .text.z_SysNmiOnReset
                0x0000000000001a1c        0x8 zephyr/arch/arch/arm/core/aarch32/libarch__arm__core__aarch32.a(nmi_on_reset.S.obj)
                0x0000000000001a1c                z_SysNmiOnReset
 .text.z_arm_prep_c
                0x0000000000001a24       0x48 zephyr/arch/arch/arm/core/aarch32/libarch__arm__core__aarch32.a(prep_c.c.obj)
                0x0000000000001a24                z_arm_prep_c
 .text.arch_swap
                0x0000000000001a6c       0x34 zephyr/arch/arch/arm/core/aarch32/libarch__arm__core__aarch32.a(swap.c.obj)
                0x0000000000001a6c                arch_swap
 .text.z_arm_pendsv
                0x0000000000001aa0       0x48 zephyr/arch/arch/arm/core/aarch32/libarch__arm__core__aarch32.a(swap_helper.S.obj)
                0x0000000000001aa0                z_arm_pendsv
 .text.z_arm_svc
                0x0000000000001ae8       0x20 zephyr/arch/arch/arm/core/aarch32/libarch__arm__core__aarch32.a(swap_helper.S.obj)
                0x0000000000001ae8                z_arm_svc
 .text.arch_new_thread
                0x0000000000001b08       0x38 zephyr/arch/arch/arm/core/aarch32/libarch__arm__core__aarch32.a(thread.c.obj)
                0x0000000000001b08                arch_new_thread
 .text.arch_switch_to_main_thread
                0x0000000000001b40       0x24 zephyr/arch/arch/arm/core/aarch32/libarch__arm__core__aarch32.a(thread.c.obj)
                0x0000000000001b40                arch_switch_to_main_thread
 .text._isr_wrapper
                0x0000000000001b64       0x40 zephyr/arch/arch/arm/core/aarch32/libarch__arm__core__aarch32.a(isr_wrapper.S.obj)
                0x0000000000001b64                _isr_wrapper
 .text._HandlerModeExit
                0x0000000000001ba4       0x1c zephyr/arch/arch/arm/core/aarch32/cortex_m/libarch__arm__core__aarch32__cortex_m.a(exc_exit.S.obj)
                0x0000000000001ba4                z_arm_exc_exit
                0x0000000000001ba4                z_arm_int_exit
 .text.bus_fault.constprop.0
                0x0000000000001bc0       0x3c zephyr/arch/arch/arm/core/aarch32/cortex_m/libarch__arm__core__aarch32__cortex_m.a(fault.c.obj)
 .text.mem_manage_fault.constprop.0
                0x0000000000001bfc       0x50 zephyr/arch/arch/arm/core/aarch32/cortex_m/libarch__arm__core__aarch32__cortex_m.a(fault.c.obj)
 .text.z_arm_fault
                0x0000000000001c4c      0x128 zephyr/arch/arch/arm/core/aarch32/cortex_m/libarch__arm__core__aarch32__cortex_m.a(fault.c.obj)
                0x0000000000001c4c                z_arm_fault
 .text.z_arm_fault_init
                0x0000000000001d74       0x10 zephyr/arch/arch/arm/core/aarch32/cortex_m/libarch__arm__core__aarch32__cortex_m.a(fault.c.obj)
                0x0000000000001d74                z_arm_fault_init
 .text.__fault  0x0000000000001d84       0x14 zephyr/arch/arch/arm/core/aarch32/cortex_m/libarch__arm__core__aarch32__cortex_m.a(fault_s.S.obj)
                0x0000000000001d84                z_arm_bus_fault
                0x0000000000001d84                z_arm_usage_fault
                0x0000000000001d84                z_arm_mpu_fault
                0x0000000000001d84                z_arm_exc_spurious
                0x0000000000001d84                z_arm_debug_monitor
                0x0000000000001d84                z_arm_hard_fault
 .text.z_arm_interrupt_init
                0x0000000000001d98       0x18 zephyr/arch/arch/arm/core/aarch32/cortex_m/libarch__arm__core__aarch32__cortex_m.a(irq_init.c.obj)
                0x0000000000001d98                z_arm_interrupt_init
 .text._reset_section
                0x0000000000001db0       0x30 zephyr/arch/arch/arm/core/aarch32/cortex_m/libarch__arm__core__aarch32__cortex_m.a(reset.S.obj)
                0x0000000000001db0                z_arm_reset
                0x0000000000001db0                __start
 .text.z_impl_k_thread_abort
                0x0000000000001de0       0x2c zephyr/arch/arch/arm/core/aarch32/cortex_m/libarch__arm__core__aarch32__cortex_m.a(thread_abort.c.obj)
                0x0000000000001de0                z_impl_k_thread_abort
 .text.__stdout_hook_install
                0x0000000000001e0c        0xc zephyr/lib/libc/minimal/liblib__libc__minimal.a(stdout_console.c.obj)
                0x0000000000001e0c                __stdout_hook_install
 .text.z_impl_zephyr_fputc
                0x0000000000001e18       0x18 zephyr/lib/libc/minimal/liblib__libc__minimal.a(stdout_console.c.obj)
                0x0000000000001e18                z_impl_zephyr_fputc
 .text.sprintf  0x0000000000001e30       0x34 zephyr/lib/libc/minimal/liblib__libc__minimal.a(sprintf.c.obj)
                0x0000000000001e30                sprintf
 .text.printf   0x0000000000001e64       0x28 zephyr/lib/libc/minimal/liblib__libc__minimal.a(fprintf.c.obj)
                0x0000000000001e64                printf
 .text.nordicsemi_nrf52_init
                0x0000000000001e8c       0x28 zephyr/soc/arm/nordic_nrf/nrf52/libsoc__arm__nordic_nrf__nrf52.a(soc.c.obj)
 .text.arch_busy_wait
                0x0000000000001eb4       0x14 zephyr/soc/arm/nordic_nrf/nrf52/libsoc__arm__nordic_nrf__nrf52.a(soc.c.obj)
                0x0000000000001eb4                arch_busy_wait
 .text.onoff_stop
                0x0000000000001ec8       0x30 zephyr/drivers/clock_control/libdrivers__clock_control.a(clock_control_nrf.c.obj)
 .text.onoff_start
                0x0000000000001ef8       0x44 zephyr/drivers/clock_control/libdrivers__clock_control.a(clock_control_nrf.c.obj)
 .text.clk_init
                0x0000000000001f3c       0x60 zephyr/drivers/clock_control/libdrivers__clock_control.a(clock_control_nrf.c.obj)
 .text.clkstarted_handle.constprop.0
                0x0000000000001f9c       0x34 zephyr/drivers/clock_control/libdrivers__clock_control.a(clock_control_nrf.c.obj)
 .text.clock_event_handler
                0x0000000000001fd0       0x34 zephyr/drivers/clock_control/libdrivers__clock_control.a(clock_control_nrf.c.obj)
 .text.generic_hfclk_start
                0x0000000000002004       0x64 zephyr/drivers/clock_control/libdrivers__clock_control.a(clock_control_nrf.c.obj)
 .text.api_blocking_start
                0x0000000000002068       0x34 zephyr/drivers/clock_control/libdrivers__clock_control.a(clock_control_nrf.c.obj)
 .text.generic_hfclk_stop
                0x000000000000209c       0x2c zephyr/drivers/clock_control/libdrivers__clock_control.a(clock_control_nrf.c.obj)
 .text.z_nrf_clock_control_get_onoff
                0x00000000000020c8       0x10 zephyr/drivers/clock_control/libdrivers__clock_control.a(clock_control_nrf.c.obj)
                0x00000000000020c8                z_nrf_clock_control_get_onoff
 .text.z_nrf_clock_control_lf_on
                0x00000000000020d8       0xb4 zephyr/drivers/clock_control/libdrivers__clock_control.a(clock_control_nrf.c.obj)
                0x00000000000020d8                z_nrf_clock_control_lf_on
 .text.start_cal_process
                0x000000000000218c       0x48 zephyr/drivers/clock_control/libdrivers__clock_control.a(nrf_clock_calibration.c.obj)
 .text.temp_sensor_init
                0x00000000000021d4       0x20 zephyr/drivers/clock_control/libdrivers__clock_control.a(nrf_clock_calibration.c.obj)
 .text.start_cycle
                0x00000000000021f4       0x38 zephyr/drivers/clock_control/libdrivers__clock_control.a(nrf_clock_calibration.c.obj)
 .text.measure_temperature
                0x000000000000222c       0x8c zephyr/drivers/clock_control/libdrivers__clock_control.a(nrf_clock_calibration.c.obj)
 .text.cal_hf_callback
                0x00000000000022b8       0x2c zephyr/drivers/clock_control/libdrivers__clock_control.a(nrf_clock_calibration.c.obj)
 .text.z_nrf_clock_calibration_init
                0x00000000000022e4       0x1c zephyr/drivers/clock_control/libdrivers__clock_control.a(nrf_clock_calibration.c.obj)
                0x00000000000022e4                z_nrf_clock_calibration_init
 .text.z_nrf_clock_calibration_lfclk_started
                0x0000000000002300       0x10 zephyr/drivers/clock_control/libdrivers__clock_control.a(nrf_clock_calibration.c.obj)
                0x0000000000002300                z_nrf_clock_calibration_lfclk_started
 .text.z_nrf_clock_calibration_lfclk_stopped
                0x0000000000002310        0xc zephyr/drivers/clock_control/libdrivers__clock_control.a(nrf_clock_calibration.c.obj)
                0x0000000000002310                z_nrf_clock_calibration_lfclk_stopped
 .text.z_nrf_clock_calibration_done_handler
                0x000000000000231c       0x10 zephyr/drivers/clock_control/libdrivers__clock_control.a(nrf_clock_calibration.c.obj)
                0x000000000000231c                z_nrf_clock_calibration_done_handler
 .text.uart_console_init
                0x000000000000232c       0x30 zephyr/drivers/console/libdrivers__console.a(uart_console.c.obj)
 .text.console_out
                0x000000000000235c       0x28 zephyr/drivers/console/libdrivers__console.a(uart_console.c.obj)
 .text.gpio_nrfx_pin_interrupt_configure
                0x0000000000002384       0xd4 zephyr/drivers/gpio/libdrivers__gpio.a(gpio_nrfx.c.obj)
 .text.gpio_nrfx_init
                0x0000000000002458       0x38 zephyr/drivers/gpio/libdrivers__gpio.a(gpio_nrfx.c.obj)
 .text.nrfx_gpio_handler
                0x0000000000002490       0x44 zephyr/drivers/gpio/libdrivers__gpio.a(gpio_nrfx.c.obj)
 .text.gpio_nrfx_pin_configure
                0x00000000000024d4      0x144 zephyr/drivers/gpio/libdrivers__gpio.a(gpio_nrfx.c.obj)
 .text.i2c_nrfx_twim_init
                0x0000000000002618       0x40 zephyr/drivers/i2c/libdrivers__i2c.a(i2c_nrfx_twim.c.obj)
 .text.i2c_nrfx_twim_recover_bus
                0x0000000000002658       0x3c zephyr/drivers/i2c/libdrivers__i2c.a(i2c_nrfx_twim.c.obj)
 .text.event_handler
                0x0000000000002694       0x34 zephyr/drivers/i2c/libdrivers__i2c.a(i2c_nrfx_twim.c.obj)
 .text.i2c_nrfx_twim_transfer
                0x00000000000026c8      0x190 zephyr/drivers/i2c/libdrivers__i2c.a(i2c_nrfx_twim.c.obj)
 .text.lis2dh_channel_get
                0x0000000000002858       0x54 zephyr/drivers/sensor/lis2dh/libdrivers__sensor__lis2dh.a(lis2dh.c.obj)
 .text.lis2dh_init
                0x00000000000028ac       0xb8 zephyr/drivers/sensor/lis2dh/libdrivers__sensor__lis2dh.a(lis2dh.c.obj)
                0x00000000000028ac                lis2dh_init
 .text.lis2dh_i2c_init
                0x0000000000002964       0x20 zephyr/drivers/sensor/lis2dh/libdrivers__sensor__lis2dh.a(lis2dh_i2c.c.obj)
                0x0000000000002964                lis2dh_i2c_init
 .text.lis2mdl_channel_get
                0x0000000000002984       0x88 zephyr/drivers/sensor/lis2mdl/libdrivers__sensor__lis2mdl.a(lis2mdl.c.obj)
 .text.lis2mdl_init_interrupt
                0x0000000000002a0c       0x88 zephyr/drivers/sensor/lis2mdl/libdrivers__sensor__lis2mdl.a(lis2mdl_trigger.c.obj)
                0x0000000000002a0c                lis2mdl_init_interrupt
 .text.hfclk_on_callback
                0x0000000000002a94        0xc zephyr/drivers/sensor/nrf5/libdrivers__sensor__nrf5.a(temp_nrf5.c.obj)
 .text.temp_nrf5_channel_get
                0x0000000000002aa0       0x2c zephyr/drivers/sensor/nrf5/libdrivers__sensor__nrf5.a(temp_nrf5.c.obj)
 .text.temp_nrf5_isr
                0x0000000000002acc       0x18 zephyr/drivers/sensor/nrf5/libdrivers__sensor__nrf5.a(temp_nrf5.c.obj)
 .text.temp_nrf5_sample_fetch
                0x0000000000002ae4       0x78 zephyr/drivers/sensor/nrf5/libdrivers__sensor__nrf5.a(temp_nrf5.c.obj)
 .text.temp_nrf5_init
                0x0000000000002b5c       0x40 zephyr/drivers/sensor/nrf5/libdrivers__sensor__nrf5.a(temp_nrf5.c.obj)
 .text.transfer_next_chunk
                0x0000000000002b9c       0xa0 zephyr/drivers/spi/libdrivers__spi.a(spi_nrfx_spim.c.obj)
 .text.spi_nrfx_transceive
                0x0000000000002c3c      0x284 zephyr/drivers/spi/libdrivers__spi.a(spi_nrfx_spim.c.obj)
 .text.uart_nrfx_poll_in
                0x0000000000002ec0       0x24 zephyr/drivers/serial/libdrivers__serial.a(uart_nrfx_uart.c.obj)
 .text.uart_nrfx_err_check
                0x0000000000002ee4       0x10 zephyr/drivers/serial/libdrivers__serial.a(uart_nrfx_uart.c.obj)
 .text.uart_nrfx_configure
                0x0000000000002ef4      0x178 zephyr/drivers/serial/libdrivers__serial.a(uart_nrfx_uart.c.obj)
 .text.uart_nrfx_init
                0x000000000000306c       0x54 zephyr/drivers/serial/libdrivers__serial.a(uart_nrfx_uart.c.obj)
 .text.uart_nrfx_poll_out
                0x00000000000030c0       0x7c zephyr/drivers/serial/libdrivers__serial.a(uart_nrfx_uart.c.obj)
 .text.compare_int_lock
                0x000000000000313c       0x50 zephyr/drivers/timer/libdrivers__timer.a(nrf_rtc_timer.c.obj)
 .text.sys_clock_timeout_handler
                0x000000000000318c       0x78 zephyr/drivers/timer/libdrivers__timer.a(nrf_rtc_timer.c.obj)
 .text.compare_int_unlock
                0x0000000000003204       0x5c zephyr/drivers/timer/libdrivers__timer.a(nrf_rtc_timer.c.obj)
 .text.z_nrf_rtc_timer_read
                0x0000000000003260       0x44 zephyr/drivers/timer/libdrivers__timer.a(nrf_rtc_timer.c.obj)
                0x0000000000003260                z_nrf_rtc_timer_read
 .text.compare_set
                0x00000000000032a4      0x148 zephyr/drivers/timer/libdrivers__timer.a(nrf_rtc_timer.c.obj)
 .text.sys_clock_driver_init
                0x00000000000033ec       0x80 zephyr/drivers/timer/libdrivers__timer.a(nrf_rtc_timer.c.obj)
 .text.rtc_nrf_isr
                0x000000000000346c       0xec zephyr/drivers/timer/libdrivers__timer.a(nrf_rtc_timer.c.obj)
                0x000000000000346c                rtc_nrf_isr
 .text.sys_clock_set_timeout
                0x0000000000003558       0x64 zephyr/drivers/timer/libdrivers__timer.a(nrf_rtc_timer.c.obj)
                0x0000000000003558                sys_clock_set_timeout
 .text.sys_clock_elapsed
                0x00000000000035bc       0x14 zephyr/drivers/timer/libdrivers__timer.a(nrf_rtc_timer.c.obj)
                0x00000000000035bc                sys_clock_elapsed
 .text.nrf_gpio_pin_port_decode
                0x00000000000035d0       0x1c zephyr/drivers/pinctrl/libdrivers__pinctrl.a(pinctrl_nrf.c.obj)
 .text.nvmc_wait
                0x00000000000035ec       0x10 modules/hal_nordic/nrfx/libmodules__hal_nordic__nrfx.a(system_nrf52833.c.obj)
                0x00000000000035ec                nvmc_wait
 .text.SystemInit
                0x00000000000035fc      0x15c modules/hal_nordic/nrfx/libmodules__hal_nordic__nrfx.a(system_nrf52833.c.obj)
                0x00000000000035fc                SystemInit
 .text.nrfx_flag32_alloc
                0x0000000000003758       0x4c modules/hal_nordic/nrfx/libmodules__hal_nordic__nrfx.a(nrfx_flag32_allocator.c.obj)
                0x0000000000003758                nrfx_flag32_alloc
 .text.nrfx_flag32_free
                0x00000000000037a4       0x44 modules/hal_nordic/nrfx/libmodules__hal_nordic__nrfx.a(nrfx_flag32_allocator.c.obj)
                0x00000000000037a4                nrfx_flag32_free
 .text.nrfx_clock_init
                0x00000000000037e8       0x24 modules/hal_nordic/nrfx/libmodules__hal_nordic__nrfx.a(nrfx_clock.c.obj)
                0x00000000000037e8                nrfx_clock_init
 .text.nrfx_clock_calibration_start
                0x000000000000380c       0x58 modules/hal_nordic/nrfx/libmodules__hal_nordic__nrfx.a(nrfx_clock.c.obj)
                0x000000000000380c                nrfx_clock_calibration_start
 .text.nrfx_power_clock_irq_handler
                0x0000000000003864       0x7c modules/hal_nordic/nrfx/libmodules__hal_nordic__nrfx.a(nrfx_clock.c.obj)
                0x0000000000003864                nrfx_power_clock_irq_handler
 .text.nrf_gpio_pin_port_decode
                0x00000000000038e0       0x1c modules/hal_nordic/nrfx/libmodules__hal_nordic__nrfx.a(nrfx_gpiote.c.obj)
 .text.pin_in_use_by_te
                0x00000000000038fc       0x14 modules/hal_nordic/nrfx/libmodules__hal_nordic__nrfx.a(nrfx_gpiote.c.obj)
 .text.call_handler
                0x0000000000003910       0x3c modules/hal_nordic/nrfx/libmodules__hal_nordic__nrfx.a(nrfx_gpiote.c.obj)
 .text.release_handler
                0x000000000000394c       0x54 modules/hal_nordic/nrfx/libmodules__hal_nordic__nrfx.a(nrfx_gpiote.c.obj)
 .text.pin_handler_trigger_uninit
                0x00000000000039a0       0x38 modules/hal_nordic/nrfx/libmodules__hal_nordic__nrfx.a(nrfx_gpiote.c.obj)
 .text.nrfx_gpiote_input_configure
                0x00000000000039d8      0x15c modules/hal_nordic/nrfx/libmodules__hal_nordic__nrfx.a(nrfx_gpiote.c.obj)
                0x00000000000039d8                nrfx_gpiote_input_configure
 .text.nrfx_gpiote_output_configure
                0x0000000000003b34       0xe4 modules/hal_nordic/nrfx/libmodules__hal_nordic__nrfx.a(nrfx_gpiote.c.obj)
                0x0000000000003b34                nrfx_gpiote_output_configure
 .text.nrfx_gpiote_global_callback_set
                0x0000000000003c18        0xc modules/hal_nordic/nrfx/libmodules__hal_nordic__nrfx.a(nrfx_gpiote.c.obj)
                0x0000000000003c18                nrfx_gpiote_global_callback_set
 .text.nrfx_gpiote_channel_get
                0x0000000000003c24       0x2c modules/hal_nordic/nrfx/libmodules__hal_nordic__nrfx.a(nrfx_gpiote.c.obj)
                0x0000000000003c24                nrfx_gpiote_channel_get
 .text.nrfx_gpiote_init
                0x0000000000003c50       0x50 modules/hal_nordic/nrfx/libmodules__hal_nordic__nrfx.a(nrfx_gpiote.c.obj)
                0x0000000000003c50                nrfx_gpiote_init
 .text.nrfx_gpiote_is_init
                0x0000000000003ca0       0x14 modules/hal_nordic/nrfx/libmodules__hal_nordic__nrfx.a(nrfx_gpiote.c.obj)
                0x0000000000003ca0                nrfx_gpiote_is_init
 .text.nrfx_gpiote_channel_free
                0x0000000000003cb4        0xc modules/hal_nordic/nrfx/libmodules__hal_nordic__nrfx.a(nrfx_gpiote.c.obj)
                0x0000000000003cb4                nrfx_gpiote_channel_free
 .text.nrfx_gpiote_channel_alloc
                0x0000000000003cc0        0xc modules/hal_nordic/nrfx/libmodules__hal_nordic__nrfx.a(nrfx_gpiote.c.obj)
                0x0000000000003cc0                nrfx_gpiote_channel_alloc
 .text.nrfx_gpiote_trigger_enable
                0x0000000000003ccc       0x90 modules/hal_nordic/nrfx/libmodules__hal_nordic__nrfx.a(nrfx_gpiote.c.obj)
                0x0000000000003ccc                nrfx_gpiote_trigger_enable
 .text.nrfx_gpiote_trigger_disable
                0x0000000000003d5c       0x50 modules/hal_nordic/nrfx/libmodules__hal_nordic__nrfx.a(nrfx_gpiote.c.obj)
                0x0000000000003d5c                nrfx_gpiote_trigger_disable
 .text.nrfx_gpiote_pin_uninit
                0x0000000000003dac       0x48 modules/hal_nordic/nrfx/libmodules__hal_nordic__nrfx.a(nrfx_gpiote.c.obj)
                0x0000000000003dac                nrfx_gpiote_pin_uninit
 .text.nrfx_gpiote_irq_handler
                0x0000000000003df4      0x1ac modules/hal_nordic/nrfx/libmodules__hal_nordic__nrfx.a(nrfx_gpiote.c.obj)
                0x0000000000003df4                nrfx_gpiote_irq_handler
 .text.nrf_gpio_pin_port_decode
                0x0000000000003fa0       0x1c modules/hal_nordic/nrfx/libmodules__hal_nordic__nrfx.a(nrfx_spim.c.obj)
 .text.nrfx_spim_init
                0x0000000000003fbc      0x1fc modules/hal_nordic/nrfx/libmodules__hal_nordic__nrfx.a(nrfx_spim.c.obj)
                0x0000000000003fbc                nrfx_spim_init
 .text.nrfx_spim_uninit
                0x00000000000041b8       0xac modules/hal_nordic/nrfx/libmodules__hal_nordic__nrfx.a(nrfx_spim.c.obj)
                0x00000000000041b8                nrfx_spim_uninit
 .text.nrfx_spim_xfer
                0x0000000000004264       0xf0 modules/hal_nordic/nrfx/libmodules__hal_nordic__nrfx.a(nrfx_spim.c.obj)
                0x0000000000004264                nrfx_spim_xfer
 .text.nrfx_spim_3_irq_handler
                0x0000000000004354       0x3c modules/hal_nordic/nrfx/libmodules__hal_nordic__nrfx.a(nrfx_spim.c.obj)
                0x0000000000004354                nrfx_spim_3_irq_handler
 .text.twim_irq_handler
                0x0000000000004390      0x17c modules/hal_nordic/nrfx/libmodules__hal_nordic__nrfx.a(nrfx_twim.c.obj)
 .text.nrfx_twim_init
                0x000000000000450c       0xc4 modules/hal_nordic/nrfx/libmodules__hal_nordic__nrfx.a(nrfx_twim.c.obj)
                0x000000000000450c                nrfx_twim_init
 .text.nrfx_twim_enable
                0x00000000000045d0       0x20 modules/hal_nordic/nrfx/libmodules__hal_nordic__nrfx.a(nrfx_twim.c.obj)
                0x00000000000045d0                nrfx_twim_enable
 .text.nrfx_twim_disable
                0x00000000000045f0       0x3c modules/hal_nordic/nrfx/libmodules__hal_nordic__nrfx.a(nrfx_twim.c.obj)
                0x00000000000045f0                nrfx_twim_disable
 .text.nrfx_twim_xfer
                0x000000000000462c      0x2fc modules/hal_nordic/nrfx/libmodules__hal_nordic__nrfx.a(nrfx_twim.c.obj)
                0x000000000000462c                nrfx_twim_xfer
 .text.nrfx_twim_0_irq_handler
                0x0000000000004928       0x10 modules/hal_nordic/nrfx/libmodules__hal_nordic__nrfx.a(nrfx_twim.c.obj)
                0x0000000000004928                nrfx_twim_0_irq_handler
 .text.nrfx_twim_1_irq_handler
                0x0000000000004938       0x10 modules/hal_nordic/nrfx/libmodules__hal_nordic__nrfx.a(nrfx_twim.c.obj)
                0x0000000000004938                nrfx_twim_1_irq_handler
 .text.nrf_gpio_pin_port_decode
                0x0000000000004948       0x1c modules/hal_nordic/nrfx/libmodules__hal_nordic__nrfx.a(nrfx_twi_twim.c.obj)
 .text.nrfx_twi_twim_bus_recover
                0x0000000000004964       0xc8 modules/hal_nordic/nrfx/libmodules__hal_nordic__nrfx.a(nrfx_twi_twim.c.obj)
                0x0000000000004964                nrfx_twi_twim_bus_recover
 .text.z_sys_init_run_level
                0x0000000000004a2c       0x40 zephyr/kernel/libkernel.a(device.c.obj)
                0x0000000000004a2c                z_sys_init_run_level
 .text.z_impl_device_get_binding
                0x0000000000004a6c       0x54 zephyr/kernel/libkernel.a(device.c.obj)
                0x0000000000004a6c                z_impl_device_get_binding
 .text.bg_thread_main
                0x0000000000004ac0       0x34 zephyr/kernel/libkernel.a(init.c.obj)
 .text.z_bss_zero
                0x0000000000004af4       0x18 zephyr/kernel/libkernel.a(init.c.obj)
                0x0000000000004af4                z_bss_zero
 .text.z_init_cpu
                0x0000000000004b0c       0x68 zephyr/kernel/libkernel.a(init.c.obj)
                0x0000000000004b0c                z_init_cpu
 .text.z_cstart
                0x0000000000004b74       0xc8 zephyr/kernel/libkernel.a(init.c.obj)
                0x0000000000004b74                z_cstart
 .text.z_setup_new_thread
                0x0000000000004c3c       0x54 zephyr/kernel/libkernel.a(thread.c.obj)
                0x0000000000004c3c                z_setup_new_thread
 .text.z_impl_k_thread_create
                0x0000000000004c90       0x58 zephyr/kernel/libkernel.a(thread.c.obj)
                0x0000000000004c90                z_impl_k_thread_create
 .text.z_init_static_threads
                0x0000000000004ce8       0xb8 zephyr/kernel/libkernel.a(thread.c.obj)
                0x0000000000004ce8                z_init_static_threads
 .text.idle     0x0000000000004da0       0x38 zephyr/kernel/libkernel.a(idle.c.obj)
                0x0000000000004da0                idle
 .text.z_impl_k_mutex_lock
                0x0000000000004dd8       0xf0 zephyr/kernel/libkernel.a(mutex.c.obj)
                0x0000000000004dd8                z_impl_k_mutex_lock
 .text.z_impl_k_mutex_unlock
                0x0000000000004ec8       0x78 zephyr/kernel/libkernel.a(mutex.c.obj)
                0x0000000000004ec8                z_impl_k_mutex_unlock
 .text.z_impl_k_sem_give
                0x0000000000004f40       0x40 zephyr/kernel/libkernel.a(sem.c.obj)
                0x0000000000004f40                z_impl_k_sem_give
 .text.z_impl_k_sem_take
                0x0000000000004f80       0x50 zephyr/kernel/libkernel.a(sem.c.obj)
                0x0000000000004f80                z_impl_k_sem_take
 .text.work_queue_main
                0x0000000000004fd0      0x124 zephyr/kernel/libkernel.a(work.c.obj)
 .text.submit_to_queue_locked
                0x00000000000050f4       0x9c zephyr/kernel/libkernel.a(work.c.obj)
 .text.k_work_submit
                0x0000000000005190        0xc zephyr/kernel/libkernel.a(work.c.obj)
                0x0000000000005190                k_work_submit
 .text.k_work_queue_start
                0x000000000000519c       0x70 zephyr/kernel/libkernel.a(work.c.obj)
                0x000000000000519c                k_work_queue_start
 .text.z_reset_time_slice
                0x000000000000520c       0x28 zephyr/kernel/libkernel.a(sched.c.obj)
                0x000000000000520c                z_reset_time_slice
 .text.k_sched_time_slice_set
                0x0000000000005234       0x64 zephyr/kernel/libkernel.a(sched.c.obj)
                0x0000000000005234                k_sched_time_slice_set
 .text.z_reschedule
                0x0000000000005298       0x24 zephyr/kernel/libkernel.a(sched.c.obj)
                0x0000000000005298                z_reschedule
 .text.k_sched_lock
                0x00000000000052bc       0x28 zephyr/kernel/libkernel.a(sched.c.obj)
                0x00000000000052bc                k_sched_lock
 .text.update_cache
                0x00000000000052e4       0x40 zephyr/kernel/libkernel.a(sched.c.obj)
 .text.move_thread_to_end_of_prio_q
                0x0000000000005324       0x74 zephyr/kernel/libkernel.a(sched.c.obj)
 .text.z_time_slice
                0x0000000000005398       0x84 zephyr/kernel/libkernel.a(sched.c.obj)
                0x0000000000005398                z_time_slice
 .text.ready_thread
                0x000000000000541c       0x6c zephyr/kernel/libkernel.a(sched.c.obj)
 .text.z_sched_start
                0x0000000000005488       0x3c zephyr/kernel/libkernel.a(sched.c.obj)
                0x0000000000005488                z_sched_start
 .text.unready_thread
                0x00000000000054c4       0x30 zephyr/kernel/libkernel.a(sched.c.obj)
 .text.pend     0x00000000000054f4       0x4c zephyr/kernel/libkernel.a(sched.c.obj)
 .text.z_pend_curr
                0x0000000000005540       0x28 zephyr/kernel/libkernel.a(sched.c.obj)
                0x0000000000005540                z_pend_curr
 .text.z_set_prio
                0x0000000000005568       0x90 zephyr/kernel/libkernel.a(sched.c.obj)
                0x0000000000005568                z_set_prio
 .text.z_impl_k_thread_suspend
                0x00000000000055f8       0x64 zephyr/kernel/libkernel.a(sched.c.obj)
                0x00000000000055f8                z_impl_k_thread_suspend
 .text.k_sched_unlock
                0x000000000000565c       0x38 zephyr/kernel/libkernel.a(sched.c.obj)
                0x000000000000565c                k_sched_unlock
 .text.z_sched_init
                0x0000000000005694       0x18 zephyr/kernel/libkernel.a(sched.c.obj)
                0x0000000000005694                z_sched_init
 .text.z_impl_k_yield
                0x00000000000056ac       0x80 zephyr/kernel/libkernel.a(sched.c.obj)
                0x00000000000056ac                z_impl_k_yield
 .text.z_tick_sleep
                0x000000000000572c       0x90 zephyr/kernel/libkernel.a(sched.c.obj)
 .text.z_impl_k_sleep
                0x00000000000057bc       0x34 zephyr/kernel/libkernel.a(sched.c.obj)
                0x00000000000057bc                z_impl_k_sleep
 .text.z_impl_z_current_get
                0x00000000000057f0        0xc zephyr/kernel/libkernel.a(sched.c.obj)
                0x00000000000057f0                z_impl_z_current_get
 .text.z_thread_abort
                0x00000000000057fc       0xc0 zephyr/kernel/libkernel.a(sched.c.obj)
                0x00000000000057fc                z_thread_abort
 .text.z_sched_wait
                0x00000000000058bc       0x24 zephyr/kernel/libkernel.a(sched.c.obj)
                0x00000000000058bc                z_sched_wait
 .text.z_data_copy
                0x00000000000058e0       0x34 zephyr/kernel/libkernel.a(xip.c.obj)
                0x00000000000058e0                z_data_copy
 .text.elapsed  0x0000000000005914       0x14 zephyr/kernel/libkernel.a(timeout.c.obj)
 .text.next_timeout
                0x0000000000005928       0x4c zephyr/kernel/libkernel.a(timeout.c.obj)
 .text.remove_timeout
                0x0000000000005974       0x34 zephyr/kernel/libkernel.a(timeout.c.obj)
 .text.z_add_timeout
                0x00000000000059a8       0xf4 zephyr/kernel/libkernel.a(timeout.c.obj)
                0x00000000000059a8                z_add_timeout
 .text.sys_clock_announce
                0x0000000000005a9c       0xb8 zephyr/kernel/libkernel.a(timeout.c.obj)
                0x0000000000005a9c                sys_clock_announce
 .text.sys_clock_tick_get
                0x0000000000005b54       0x34 zephyr/kernel/libkernel.a(timeout.c.obj)
                0x0000000000005b54                sys_clock_tick_get
 .text.z_timer_expiration_handler
                0x0000000000005b88       0xd4 zephyr/kernel/libkernel.a(timer.c.obj)
                0x0000000000005b88                z_timer_expiration_handler
 .text.z_impl_k_timer_start
                0x0000000000005c5c       0xa4 zephyr/kernel/libkernel.a(timer.c.obj)
                0x0000000000005c5c                z_impl_k_timer_start
 .text.boot_banner
                0x0000000000005d00       0x18 zephyr/kernel/libkernel.a(banner.c.obj)
                0x0000000000005d00                boot_banner
 .text.k_sys_work_q_init
                0x0000000000005d18       0x34 zephyr/kernel/libkernel.a(system_work_q.c.obj)
 .text._OffsetAbsSyms
                0x0000000000005d4c        0x2 zephyr/CMakeFiles/offsets.dir/./arch/arm/core/offsets/offsets.c.obj
                0x0000000000005d4c                _OffsetAbsSyms
 .text.gpio_pin_configure.constprop.0.isra.0
                0x0000000000005d4e       0x1e app/libapp.a(display.c.obj)
 .text.gpio_pin_set.isra.0
                0x0000000000005d6c       0x20 app/libapp.a(display.c.obj)
 .text.k_msleep.isra.0
                0x0000000000005d8c       0x20 app/libapp.a(display.c.obj)
 .text.display_openAperture
                0x0000000000005dac       0x58 app/libapp.a(display.c.obj)
                0x0000000000005dac                display_openAperture
 .text.display_RGBToWord
                0x0000000000005e04       0x16 app/libapp.a(display.c.obj)
                0x0000000000005e04                display_RGBToWord
 .text.sys_notify_validate
                0x0000000000005e1a       0x22 zephyr/libzephyr.a(notify.c.obj)
                0x0000000000005e1a                sys_notify_validate
 .text.sys_notify_finalize
                0x0000000000005e3c       0x1a zephyr/libzephyr.a(notify.c.obj)
                0x0000000000005e3c                sys_notify_finalize
 .text.arch_printk_char_out
                0x0000000000005e56        0x4 zephyr/libzephyr.a(printk.c.obj)
                0x0000000000005e56                arch_printk_char_out
 .text.printk   0x0000000000005e5a       0x1a zephyr/libzephyr.a(printk.c.obj)
                0x0000000000005e5a                printk
 .text.process_recheck
                0x0000000000005e74       0x38 zephyr/libzephyr.a(onoff.c.obj)
 .text.notify_one
                0x0000000000005eac       0x2c zephyr/libzephyr.a(onoff.c.obj)
 .text.transition_complete
                0x0000000000005ed8       0x1c zephyr/libzephyr.a(onoff.c.obj)
 .text.validate_args
                0x0000000000005ef4       0x1e zephyr/libzephyr.a(onoff.c.obj)
 .text.onoff_manager_init
                0x0000000000005f12       0x26 zephyr/libzephyr.a(onoff.c.obj)
                0x0000000000005f12                onoff_manager_init
 .text.onoff_request
                0x0000000000005f38       0x92 zephyr/libzephyr.a(onoff.c.obj)
                0x0000000000005f38                onoff_request
 .text.onoff_release
                0x0000000000005fca       0x4a zephyr/libzephyr.a(onoff.c.obj)
                0x0000000000005fca                onoff_release
 .text.z_thread_entry
                0x0000000000006014       0x14 zephyr/libzephyr.a(thread_entry.c.obj)
                0x0000000000006014                z_thread_entry
 .text.encode_uint
                0x0000000000006028       0x8c zephyr/libzephyr.a(cbprintf_complete.c.obj)
 .text.outs     0x00000000000060b4       0x2c zephyr/libzephyr.a(cbprintf_complete.c.obj)
 .text._ConfigAbsSyms
                0x00000000000060e0        0x2 zephyr/libzephyr.a(configs.c.obj)
                0x00000000000060e0                _ConfigAbsSyms
 .text.lis2mdl_read_reg
                0x00000000000060e2        0xc zephyr/libzephyr.a(lis2mdl_reg.c.obj)
                0x00000000000060e2                lis2mdl_read_reg
 .text.lis2mdl_write_reg
                0x00000000000060ee        0xc zephyr/libzephyr.a(lis2mdl_reg.c.obj)
                0x00000000000060ee                lis2mdl_write_reg
 .text.lis2mdl_mag_user_offset_set
                0x00000000000060fa       0x42 zephyr/libzephyr.a(lis2mdl_reg.c.obj)
                0x00000000000060fa                lis2mdl_mag_user_offset_set
 .text.lis2mdl_operating_mode_set
                0x000000000000613c       0x2e zephyr/libzephyr.a(lis2mdl_reg.c.obj)
                0x000000000000613c                lis2mdl_operating_mode_set
 .text.lis2mdl_data_rate_set
                0x000000000000616a       0x2e zephyr/libzephyr.a(lis2mdl_reg.c.obj)
                0x000000000000616a                lis2mdl_data_rate_set
 .text.lis2mdl_offset_temp_comp_set
                0x0000000000006198       0x2e zephyr/libzephyr.a(lis2mdl_reg.c.obj)
                0x0000000000006198                lis2mdl_offset_temp_comp_set
 .text.lis2mdl_set_rst_mode_set
                0x00000000000061c6       0x2e zephyr/libzephyr.a(lis2mdl_reg.c.obj)
                0x00000000000061c6                lis2mdl_set_rst_mode_set
 .text.lis2mdl_set_rst_sensor_single_set
                0x00000000000061f4       0x2e zephyr/libzephyr.a(lis2mdl_reg.c.obj)
                0x00000000000061f4                lis2mdl_set_rst_sensor_single_set
 .text.lis2mdl_block_data_update_set
                0x0000000000006222       0x2e zephyr/libzephyr.a(lis2mdl_reg.c.obj)
                0x0000000000006222                lis2mdl_block_data_update_set
 .text.lis2mdl_magnetic_raw_get
                0x0000000000006250       0x3c zephyr/libzephyr.a(lis2mdl_reg.c.obj)
                0x0000000000006250                lis2mdl_magnetic_raw_get
 .text.lis2mdl_temperature_raw_get
                0x000000000000628c       0x20 zephyr/libzephyr.a(lis2mdl_reg.c.obj)
                0x000000000000628c                lis2mdl_temperature_raw_get
 .text.lis2mdl_device_id_get
                0x00000000000062ac        0xa zephyr/libzephyr.a(lis2mdl_reg.c.obj)
                0x00000000000062ac                lis2mdl_device_id_get
 .text.lis2mdl_reset_set
                0x00000000000062b6       0x2e zephyr/libzephyr.a(lis2mdl_reg.c.obj)
                0x00000000000062b6                lis2mdl_reset_set
 .text.lis2mdl_boot_set
                0x00000000000062e4       0x2e zephyr/libzephyr.a(lis2mdl_reg.c.obj)
                0x00000000000062e4                lis2mdl_boot_set
 .text.lis2mdl_drdy_on_pin_set
                0x0000000000006312       0x2e zephyr/libzephyr.a(lis2mdl_reg.c.obj)
                0x0000000000006312                lis2mdl_drdy_on_pin_set
 .text.lis2mdl_spi_mode_set
                0x0000000000006340       0x2e zephyr/libzephyr.a(lis2mdl_reg.c.obj)
                0x0000000000006340                lis2mdl_spi_mode_set
 .text.z_arm_fatal_error
                0x000000000000636e        0x4 zephyr/arch/arch/arm/core/aarch32/libarch__arm__core__aarch32.a(fatal.c.obj)
                0x000000000000636e                z_arm_fatal_error
 .text.z_do_kernel_oops
                0x0000000000006372        0x8 zephyr/arch/arch/arm/core/aarch32/libarch__arm__core__aarch32.a(fatal.c.obj)
                0x0000000000006372                z_do_kernel_oops
 .text.z_irq_spurious
                0x000000000000637a        0x8 zephyr/arch/arch/arm/core/aarch32/libarch__arm__core__aarch32.a(irq_manage.c.obj)
                0x000000000000637a                z_irq_spurious
 .text.z_arm_nmi
                0x0000000000006382        0xe zephyr/arch/arch/arm/core/aarch32/libarch__arm__core__aarch32.a(nmi.c.obj)
                0x0000000000006382                z_arm_nmi
 .text.strlen   0x0000000000006390        0xe zephyr/lib/libc/minimal/liblib__libc__minimal.a(string.c.obj)
                0x0000000000006390                strlen
 .text.strnlen  0x000000000000639e       0x12 zephyr/lib/libc/minimal/liblib__libc__minimal.a(string.c.obj)
                0x000000000000639e                strnlen
 .text.strcmp   0x00000000000063b0       0x18 zephyr/lib/libc/minimal/liblib__libc__minimal.a(string.c.obj)
                0x00000000000063b0                strcmp
 .text.memcpy   0x00000000000063c8       0x16 zephyr/lib/libc/minimal/liblib__libc__minimal.a(string.c.obj)
                0x00000000000063c8                memcpy
 .text.memset   0x00000000000063de       0x12 zephyr/lib/libc/minimal/liblib__libc__minimal.a(string.c.obj)
                0x00000000000063de                memset
 .text._stdout_hook_default
                0x00000000000063f0        0x6 zephyr/lib/libc/minimal/liblib__libc__minimal.a(stdout_console.c.obj)
 .text.fputc    0x00000000000063f6        0x4 zephyr/lib/libc/minimal/liblib__libc__minimal.a(stdout_console.c.obj)
                0x00000000000063f6                fputc
 .text.sprintf_out
                0x00000000000063fa       0x1a zephyr/lib/libc/minimal/liblib__libc__minimal.a(sprintf.c.obj)
 .text.pm_state_set
                0x0000000000006414       0x18 zephyr/soc/arm/nordic_nrf/nrf52/libsoc__arm__nordic_nrf__nrf52.a(power.c.obj)
                0x0000000000006414                pm_state_set
 .text.pm_state_exit_post_ops
                0x000000000000642c        0xc zephyr/soc/arm/nordic_nrf/nrf52/libsoc__arm__nordic_nrf__nrf52.a(power.c.obj)
                0x000000000000642c                pm_state_exit_post_ops
 .text.get_status
                0x0000000000006438       0x12 zephyr/drivers/clock_control/libdrivers__clock_control.a(clock_control_nrf.c.obj)
 .text.set_on_state
                0x000000000000644a       0x26 zephyr/drivers/clock_control/libdrivers__clock_control.a(clock_control_nrf.c.obj)
 .text.stop     0x0000000000006470       0x52 zephyr/drivers/clock_control/libdrivers__clock_control.a(clock_control_nrf.c.obj)
 .text.api_stop
                0x00000000000064c2        0x6 zephyr/drivers/clock_control/libdrivers__clock_control.a(clock_control_nrf.c.obj)
 .text.async_start
                0x00000000000064c8       0x62 zephyr/drivers/clock_control/libdrivers__clock_control.a(clock_control_nrf.c.obj)
 .text.api_start
                0x000000000000652a        0xe zephyr/drivers/clock_control/libdrivers__clock_control.a(clock_control_nrf.c.obj)
 .text.onoff_started_callback
                0x0000000000006538       0x12 zephyr/drivers/clock_control/libdrivers__clock_control.a(clock_control_nrf.c.obj)
 .text.lfclk_start
                0x000000000000654a        0x6 zephyr/drivers/clock_control/libdrivers__clock_control.a(clock_control_nrf.c.obj)
 .text.blocking_start_callback
                0x0000000000006550        0x6 zephyr/drivers/clock_control/libdrivers__clock_control.a(clock_control_nrf.c.obj)
 .text.lfclk_stop
                0x0000000000006556       0x10 zephyr/drivers/clock_control/libdrivers__clock_control.a(clock_control_nrf.c.obj)
 .text.timeout_handler
                0x0000000000006566        0x4 zephyr/drivers/clock_control/libdrivers__clock_control.a(nrf_clock_calibration.c.obj)
 .text.gpio_nrfx_port_get_raw
                0x000000000000656a        0xe zephyr/drivers/gpio/libdrivers__gpio.a(gpio_nrfx.c.obj)
 .text.gpio_nrfx_port_set_masked_raw
                0x0000000000006578       0x18 zephyr/drivers/gpio/libdrivers__gpio.a(gpio_nrfx.c.obj)
 .text.gpio_nrfx_port_set_bits_raw
                0x0000000000006590        0xc zephyr/drivers/gpio/libdrivers__gpio.a(gpio_nrfx.c.obj)
 .text.gpio_nrfx_port_clear_bits_raw
                0x000000000000659c        0xc zephyr/drivers/gpio/libdrivers__gpio.a(gpio_nrfx.c.obj)
 .text.gpio_nrfx_port_toggle_bits
                0x00000000000065a8       0x1a zephyr/drivers/gpio/libdrivers__gpio.a(gpio_nrfx.c.obj)
 .text.gpio_nrfx_manage_callback
                0x00000000000065c2       0x54 zephyr/drivers/gpio/libdrivers__gpio.a(gpio_nrfx.c.obj)
 .text.i2c_nrfx_twim_configure
                0x0000000000006616       0x2e zephyr/drivers/i2c/libdrivers__i2c.a(i2c_nrfx_twim.c.obj)
 .text.irq_connect0
                0x0000000000006644        0xa zephyr/drivers/i2c/libdrivers__i2c.a(i2c_nrfx_twim.c.obj)
 .text.irq_connect1
                0x000000000000664e        0xa zephyr/drivers/i2c/libdrivers__i2c.a(i2c_nrfx_twim.c.obj)
 .text.pinctrl_apply_state.constprop.0
                0x0000000000006658       0x20 zephyr/drivers/i2c/libdrivers__i2c.a(i2c_nrfx_twim.c.obj)
 .text.lis2dh_fetch_xyz.constprop.0
                0x0000000000006678       0x22 zephyr/drivers/sensor/lis2dh/libdrivers__sensor__lis2dh.a(lis2dh.c.obj)
 .text.lis2dh_sample_fetch
                0x000000000000669a       0x1a zephyr/drivers/sensor/lis2dh/libdrivers__sensor__lis2dh.a(lis2dh.c.obj)
 .text.i2c_transfer
                0x00000000000066b4        0xc zephyr/drivers/sensor/lis2dh/libdrivers__sensor__lis2dh.a(lis2dh_i2c.c.obj)
 .text.lis2dh_i2c_write_data
                0x00000000000066c0       0x38 zephyr/drivers/sensor/lis2dh/libdrivers__sensor__lis2dh.a(lis2dh_i2c.c.obj)
 .text.lis2dh_i2c_read_data
                0x00000000000066f8       0x3a zephyr/drivers/sensor/lis2dh/libdrivers__sensor__lis2dh.a(lis2dh_i2c.c.obj)
 .text.lis2dh_i2c_write_reg
                0x0000000000006732       0x2a zephyr/drivers/sensor/lis2dh/libdrivers__sensor__lis2dh.a(lis2dh_i2c.c.obj)
 .text.lis2dh_i2c_read_reg
                0x000000000000675c       0x34 zephyr/drivers/sensor/lis2dh/libdrivers__sensor__lis2dh.a(lis2dh_i2c.c.obj)
 .text.lis2dh_i2c_update_reg
                0x0000000000006790       0x7a zephyr/drivers/sensor/lis2dh/libdrivers__sensor__lis2dh.a(lis2dh_i2c.c.obj)
 .text.get_single_mode_raw_data
                0x000000000000680a       0x34 zephyr/drivers/sensor/lis2mdl/libdrivers__sensor__lis2mdl.a(lis2mdl.c.obj)
 .text.lis2mdl_init
                0x000000000000683e      0x100 zephyr/drivers/sensor/lis2mdl/libdrivers__sensor__lis2mdl.a(lis2mdl.c.obj)
 .text.lis2mdl_sample_fetch_temp.isra.0
                0x000000000000693e       0x1c zephyr/drivers/sensor/lis2mdl/libdrivers__sensor__lis2mdl.a(lis2mdl.c.obj)
 .text.lis2mdl_sample_fetch_mag.isra.0
                0x000000000000695a       0x90 zephyr/drivers/sensor/lis2mdl/libdrivers__sensor__lis2mdl.a(lis2mdl.c.obj)
 .text.lis2mdl_sample_fetch
                0x00000000000069ea       0x2e zephyr/drivers/sensor/lis2mdl/libdrivers__sensor__lis2mdl.a(lis2mdl.c.obj)
 .text.lis2mdl_attr_set
                0x0000000000006a18       0x70 zephyr/drivers/sensor/lis2mdl/libdrivers__sensor__lis2mdl.a(lis2mdl.c.obj)
 .text.gpio_pin_interrupt_configure_dt
                0x0000000000006a88       0x30 zephyr/drivers/sensor/lis2mdl/libdrivers__sensor__lis2mdl.a(lis2mdl_trigger.c.obj)
 .text.lis2mdl_gpio_callback
                0x0000000000006ab8       0x20 zephyr/drivers/sensor/lis2mdl/libdrivers__sensor__lis2mdl.a(lis2mdl_trigger.c.obj)
 .text.lis2mdl_work_cb
                0x0000000000006ad8       0x3a zephyr/drivers/sensor/lis2mdl/libdrivers__sensor__lis2mdl.a(lis2mdl_trigger.c.obj)
 .text.lis2mdl_trigger_set
                0x0000000000006b12       0x3e zephyr/drivers/sensor/lis2mdl/libdrivers__sensor__lis2mdl.a(lis2mdl_trigger.c.obj)
                0x0000000000006b12                lis2mdl_trigger_set
 .text.stmemsc_i2c_read
                0x0000000000006b50       0x38 zephyr/drivers/sensor/stmemsc/libdrivers__sensor__stmemsc.a(stmemsc_i2c.c.obj)
                0x0000000000006b50                stmemsc_i2c_read
 .text.stmemsc_i2c_write
                0x0000000000006b88       0x36 zephyr/drivers/sensor/stmemsc/libdrivers__sensor__stmemsc.a(stmemsc_i2c.c.obj)
                0x0000000000006b88                stmemsc_i2c_write
 .text.irq_connect3
                0x0000000000006bbe        0xa zephyr/drivers/spi/libdrivers__spi.a(spi_nrfx_spim.c.obj)
 .text.spi_context_get_next_buf.constprop.0
                0x0000000000006bc8       0x22 zephyr/drivers/spi/libdrivers__spi.a(spi_nrfx_spim.c.obj)
 .text.gpio_pin_set_dt.isra.0
                0x0000000000006bea       0x28 zephyr/drivers/spi/libdrivers__spi.a(spi_nrfx_spim.c.obj)
 .text._spi_context_cs_control
                0x0000000000006c12       0x44 zephyr/drivers/spi/libdrivers__spi.a(spi_nrfx_spim.c.obj)
 .text.spi_context_unlock_unconditionally
                0x0000000000006c56       0x20 zephyr/drivers/spi/libdrivers__spi.a(spi_nrfx_spim.c.obj)
 .text.spi_nrfx_release
                0x0000000000006c76       0x24 zephyr/drivers/spi/libdrivers__spi.a(spi_nrfx_spim.c.obj)
 .text.spi_nrfx_init
                0x0000000000006c9a       0xac zephyr/drivers/spi/libdrivers__spi.a(spi_nrfx_spim.c.obj)
 .text.event_handler
                0x0000000000006d46       0x88 zephyr/drivers/spi/libdrivers__spi.a(spi_nrfx_spim.c.obj)
 .text.uart_nrfx_config_get
                0x0000000000006dce       0x10 zephyr/drivers/serial/libdrivers__serial.a(uart_nrfx_uart.c.obj)
 .text.sys_clock_idle_exit
                0x0000000000006dde        0x2 zephyr/drivers/timer/libdrivers__timer.a(sys_clock_init.c.obj)
                0x0000000000006dde                sys_clock_idle_exit
 .text.pinctrl_lookup_state
                0x0000000000006de0       0x30 zephyr/drivers/pinctrl/libdrivers__pinctrl.a(common.c.obj)
                0x0000000000006de0                pinctrl_lookup_state
 .text.nrf_pin_configure.constprop.0
                0x0000000000006e10       0x3e zephyr/drivers/pinctrl/libdrivers__pinctrl.a(pinctrl_nrf.c.obj)
 .text.pinctrl_configure_pins
                0x0000000000006e4e       0xe0 zephyr/drivers/pinctrl/libdrivers__pinctrl.a(pinctrl_nrf.c.obj)
                0x0000000000006e4e                pinctrl_configure_pins
 .text.nrfx_isr
                0x0000000000006f2e        0x2 modules/hal_nordic/nrfx/libmodules__hal_nordic__nrfx.a(nrfx_glue.c.obj)
                0x0000000000006f2e                nrfx_isr
 .text.nrfx_busy_wait
                0x0000000000006f30        0x4 modules/hal_nordic/nrfx/libmodules__hal_nordic__nrfx.a(nrfx_glue.c.obj)
                0x0000000000006f30                nrfx_busy_wait
 .text.clock_stop
                0x0000000000006f34       0x96 modules/hal_nordic/nrfx/libmodules__hal_nordic__nrfx.a(nrfx_clock.c.obj)
 .text.nrfx_clock_enable
                0x0000000000006fca       0x1a modules/hal_nordic/nrfx/libmodules__hal_nordic__nrfx.a(nrfx_clock.c.obj)
                0x0000000000006fca                nrfx_clock_enable
 .text.nrfx_clock_start
                0x0000000000006fe4       0x70 modules/hal_nordic/nrfx/libmodules__hal_nordic__nrfx.a(nrfx_clock.c.obj)
                0x0000000000006fe4                nrfx_clock_start
 .text.nrfx_clock_stop
                0x0000000000007054        0x4 modules/hal_nordic/nrfx/libmodules__hal_nordic__nrfx.a(nrfx_clock.c.obj)
                0x0000000000007054                nrfx_clock_stop
 .text.nrf_gpio_reconfigure
                0x0000000000007058       0x8e modules/hal_nordic/nrfx/libmodules__hal_nordic__nrfx.a(nrfx_gpiote.c.obj)
 .text.nrf_gpio_cfg_sense_set
                0x00000000000070e6       0x1e modules/hal_nordic/nrfx/libmodules__hal_nordic__nrfx.a(nrfx_gpiote.c.obj)
 .text.nrf_gpio_pin_set
                0x0000000000007104       0x1a modules/hal_nordic/nrfx/libmodules__hal_nordic__nrfx.a(nrfx_spim.c.obj)
 .text.nrf_gpio_pin_clear
                0x000000000000711e       0x1a modules/hal_nordic/nrfx/libmodules__hal_nordic__nrfx.a(nrfx_spim.c.obj)
 .text.spim_pin_uninit
                0x0000000000007138       0x20 modules/hal_nordic/nrfx/libmodules__hal_nordic__nrfx.a(nrfx_spim.c.obj)
 .text.set_ss_pin_state
                0x0000000000007158       0x20 modules/hal_nordic/nrfx/libmodules__hal_nordic__nrfx.a(nrfx_spim.c.obj)
 .text.xfer_completeness_check
                0x0000000000007178       0x60 modules/hal_nordic/nrfx/libmodules__hal_nordic__nrfx.a(nrfx_twim.c.obj)
 .text.nrf_gpio_pin_set
                0x00000000000071d8       0x1a modules/hal_nordic/nrfx/libmodules__hal_nordic__nrfx.a(nrfx_twi_twim.c.obj)
 .text.z_device_state_init
                0x00000000000071f2        0x2 zephyr/kernel/libkernel.a(device.c.obj)
                0x00000000000071f2                z_device_state_init
 .text.z_device_is_ready
                0x00000000000071f4       0x14 zephyr/kernel/libkernel.a(device.c.obj)
                0x00000000000071f4                z_device_is_ready
 .text.arch_system_halt
                0x0000000000007208       0x12 zephyr/kernel/libkernel.a(fatal.c.obj)
                0x0000000000007208                arch_system_halt
 .text.k_sys_fatal_error_handler
                0x000000000000721a        0x6 zephyr/kernel/libkernel.a(fatal.c.obj)
                0x000000000000721a                k_sys_fatal_error_handler
 .text.z_fatal_error
                0x0000000000007220       0x36 zephyr/kernel/libkernel.a(fatal.c.obj)
                0x0000000000007220                z_fatal_error
 .text.z_early_memset
                0x0000000000007256        0x4 zephyr/kernel/libkernel.a(init.c.obj)
                0x0000000000007256                z_early_memset
 .text.z_early_memcpy
                0x000000000000725a        0x4 zephyr/kernel/libkernel.a(init.c.obj)
                0x000000000000725a                z_early_memcpy
 .text.k_is_in_isr
                0x000000000000725e        0xc zephyr/kernel/libkernel.a(thread.c.obj)
                0x000000000000725e                k_is_in_isr
 .text.z_impl_k_thread_name_set
                0x000000000000726a        0x6 zephyr/kernel/libkernel.a(thread.c.obj)
                0x000000000000726a                z_impl_k_thread_name_set
 .text.z_impl_k_thread_start
                0x0000000000007270        0x4 zephyr/kernel/libkernel.a(thread.c.obj)
                0x0000000000007270                z_impl_k_thread_start
 .text.z_pm_save_idle_exit
                0x0000000000007274        0xe zephyr/kernel/libkernel.a(idle.c.obj)
                0x0000000000007274                z_pm_save_idle_exit
 .text.adjust_owner_prio.isra.0
                0x0000000000007282       0x10 zephyr/kernel/libkernel.a(mutex.c.obj)
 .text.z_impl_k_mutex_init
                0x0000000000007292        0xe zephyr/kernel/libkernel.a(mutex.c.obj)
                0x0000000000007292                z_impl_k_mutex_init
 .text.z_impl_k_sem_init
                0x00000000000072a0       0x18 zephyr/kernel/libkernel.a(sem.c.obj)
                0x00000000000072a0                z_impl_k_sem_init
 .text.flag_test_and_clear
                0x00000000000072b8       0x16 zephyr/kernel/libkernel.a(work.c.obj)
 .text.notify_queue_locked.isra.0
                0x00000000000072ce        0xe zephyr/kernel/libkernel.a(work.c.obj)
 .text.z_work_submit_to_queue
                0x00000000000072dc       0x28 zephyr/kernel/libkernel.a(work.c.obj)
                0x00000000000072dc                z_work_submit_to_queue
 .text.k_work_submit_to_queue
                0x0000000000007304       0x22 zephyr/kernel/libkernel.a(work.c.obj)
                0x0000000000007304                k_work_submit_to_queue
 .text.sys_dlist_remove
                0x0000000000007326       0x10 zephyr/kernel/libkernel.a(sched.c.obj)
 .text.unpend_thread_no_timeout
                0x0000000000007336       0x14 zephyr/kernel/libkernel.a(sched.c.obj)
 .text.z_unpend_thread_no_timeout
                0x000000000000734a       0x20 zephyr/kernel/libkernel.a(sched.c.obj)
                0x000000000000734a                z_unpend_thread_no_timeout
 .text.z_reschedule_irqlock
                0x000000000000736a       0x18 zephyr/kernel/libkernel.a(sched.c.obj)
                0x000000000000736a                z_reschedule_irqlock
 .text.z_reschedule_unlocked
                0x0000000000007382       0x14 zephyr/kernel/libkernel.a(sched.c.obj)
 .text.z_priq_dumb_best
                0x0000000000007396        0xc zephyr/kernel/libkernel.a(sched.c.obj)
                0x0000000000007396                z_priq_dumb_best
 .text.z_ready_thread
                0x00000000000073a2       0x20 zephyr/kernel/libkernel.a(sched.c.obj)
                0x00000000000073a2                z_ready_thread
 .text.z_thread_timeout
                0x00000000000073c2       0x44 zephyr/kernel/libkernel.a(sched.c.obj)
                0x00000000000073c2                z_thread_timeout
 .text.add_to_waitq_locked
                0x0000000000007406       0x54 zephyr/kernel/libkernel.a(sched.c.obj)
 .text.z_unpend1_no_timeout
                0x000000000000745a       0x2a zephyr/kernel/libkernel.a(sched.c.obj)
                0x000000000000745a                z_unpend1_no_timeout
 .text.z_unpend_first_thread
                0x0000000000007484       0x30 zephyr/kernel/libkernel.a(sched.c.obj)
                0x0000000000007484                z_unpend_first_thread
 .text.z_sched_wake
                0x00000000000074b4       0x3a zephyr/kernel/libkernel.a(sched.c.obj)
                0x00000000000074b4                z_sched_wake
 .text.z_abort_timeout
                0x00000000000074ee       0x2c zephyr/kernel/libkernel.a(timeout.c.obj)
                0x00000000000074ee                z_abort_timeout
 .text.z_get_next_timeout_expiry
                0x000000000000751a       0x20 zephyr/kernel/libkernel.a(timeout.c.obj)
                0x000000000000751a                z_get_next_timeout_expiry
 .text.z_set_timeout_expiry
                0x000000000000753a       0x34 zephyr/kernel/libkernel.a(timeout.c.obj)
                0x000000000000753a                z_set_timeout_expiry
 .text.sys_clock_tick_get_32
                0x000000000000756e        0x8 zephyr/kernel/libkernel.a(timeout.c.obj)
                0x000000000000756e                sys_clock_tick_get_32
 .text.z_impl_k_uptime_ticks
                0x0000000000007576        0x4 zephyr/kernel/libkernel.a(timeout.c.obj)
                0x0000000000007576                z_impl_k_uptime_ticks
 .text.z_impl_k_busy_wait
                0x000000000000757a        0x8 zephyr/kernel/libkernel.a(timeout.c.obj)
                0x000000000000757a                z_impl_k_busy_wait
 .text.z_impl_k_timer_stop
                0x0000000000007582       0x3a zephyr/kernel/libkernel.a(timer.c.obj)
                0x0000000000007582                z_impl_k_timer_stop
 *(SORT_BY_ALIGNMENT(.TEXT.*))
 *(SORT_BY_ALIGNMENT(.gnu.linkonce.t.*))
 *(SORT_BY_ALIGNMENT(.glue_7t))
 .glue_7t       0x00000000000075bc        0x0 linker stubs
 *(SORT_BY_ALIGNMENT(.glue_7))
 .glue_7        0x00000000000075bc        0x0 linker stubs
 *(SORT_BY_ALIGNMENT(.vfp11_veneer))
 .vfp11_veneer  0x00000000000075bc        0x0 linker stubs
 *(SORT_BY_ALIGNMENT(.v4_bx))
 .v4_bx         0x00000000000075bc        0x0 linker stubs
                0x00000000000075bc                __text_region_end = .

.ARM.exidx      0x00000000000075bc        0x8
                0x00000000000075bc                __exidx_start = .
 *(SORT_BY_ALIGNMENT(.ARM.exidx*) SORT_BY_ALIGNMENT(gnu.linkonce.armexidx.*))
 .ARM.exidx     0x00000000000075bc        0x8 /home/frank/zephyr-sdk-0.14.2/arm-zephyr-eabi/bin/../lib/gcc/arm-zephyr-eabi/10.3.0/thumb/v7e-m/nofp/libgcc.a(_udivmoddi4.o)
                0x00000000000075c4                __exidx_end = .
                0x00000000000075c4                __rodata_region_start = .

initlevel       0x00000000000075c4       0x78
                0x00000000000075c4                __init_start = .
                0x00000000000075c4                __init_PRE_KERNEL_1_start = .
 *(SORT_BY_NAME(SORT_BY_ALIGNMENT(.z_init_PRE_KERNEL_1[0-9]_*)))
 .z_init_PRE_KERNEL_10_
                0x00000000000075c4        0x8 zephyr/soc/arm/nordic_nrf/nrf52/libsoc__arm__nordic_nrf__nrf52.a(soc.c.obj)
 *(SORT_BY_NAME(SORT_BY_ALIGNMENT(.z_init_PRE_KERNEL_1[1-9][0-9]_*)))
 .z_init_PRE_KERNEL_130_
                0x00000000000075cc        0x8 zephyr/drivers/clock_control/libdrivers__clock_control.a(clock_control_nrf.c.obj)
 .z_init_PRE_KERNEL_140_
                0x00000000000075d4       0x10 zephyr/drivers/gpio/libdrivers__gpio.a(gpio_nrfx.c.obj)
 .z_init_PRE_KERNEL_155_
                0x00000000000075e4        0x8 zephyr/drivers/serial/libdrivers__serial.a(uart_nrfx_uart.c.obj)
 .z_init_PRE_KERNEL_160_
                0x00000000000075ec        0x8 zephyr/drivers/console/libdrivers__console.a(uart_console.c.obj)
                0x00000000000075f4                __init_PRE_KERNEL_2_start = .
 *(SORT_BY_NAME(SORT_BY_ALIGNMENT(.z_init_PRE_KERNEL_2[0-9]_*)))
 .z_init_PRE_KERNEL_20_
                0x00000000000075f4        0x8 zephyr/drivers/timer/libdrivers__timer.a(nrf_rtc_timer.c.obj)
 *(SORT_BY_NAME(SORT_BY_ALIGNMENT(.z_init_PRE_KERNEL_2[1-9][0-9]_*)))
                0x00000000000075fc                __init_POST_KERNEL_start = .
 *(SORT_BY_NAME(SORT_BY_ALIGNMENT(.z_init_POST_KERNEL[0-9]_*)))
 *(SORT_BY_NAME(SORT_BY_ALIGNMENT(.z_init_POST_KERNEL[1-9][0-9]_*)))
 .z_init_POST_KERNEL40_
                0x00000000000075fc        0x8 zephyr/kernel/libkernel.a(system_work_q.c.obj)
 .z_init_POST_KERNEL50_
                0x0000000000007604       0x10 zephyr/drivers/i2c/libdrivers__i2c.a(i2c_nrfx_twim.c.obj)
 .z_init_POST_KERNEL70_
                0x0000000000007614        0x8 zephyr/drivers/spi/libdrivers__spi.a(spi_nrfx_spim.c.obj)
 .z_init_POST_KERNEL90_
                0x000000000000761c        0x8 zephyr/drivers/sensor/lis2dh/libdrivers__sensor__lis2dh.a(lis2dh.c.obj)
 .z_init_POST_KERNEL90_
                0x0000000000007624        0x8 zephyr/drivers/sensor/lis2mdl/libdrivers__sensor__lis2mdl.a(lis2mdl.c.obj)
 .z_init_POST_KERNEL90_
                0x000000000000762c        0x8 zephyr/drivers/sensor/nrf5/libdrivers__sensor__nrf5.a(temp_nrf5.c.obj)
                0x0000000000007634                __init_APPLICATION_start = .
 *(SORT_BY_NAME(SORT_BY_ALIGNMENT(.z_init_APPLICATION[0-9]_*)))
 .z_init_APPLICATION0_
                0x0000000000007634        0x8 zephyr/drivers/clock_control/libdrivers__clock_control.a(nrf_clock_calibration.c.obj)
 *(SORT_BY_NAME(SORT_BY_ALIGNMENT(.z_init_APPLICATION[1-9][0-9]_*)))
                0x000000000000763c                __init_SMP_start = .
 *(SORT_BY_NAME(SORT_BY_ALIGNMENT(.z_init_SMP[0-9]_*)))
 *(SORT_BY_NAME(SORT_BY_ALIGNMENT(.z_init_SMP[1-9][0-9]_*)))
                0x000000000000763c                __init_end = .

devices         0x000000000000763c       0xf0
                0x000000000000763c                __device_start = .
                0x000000000000763c                __device_PRE_KERNEL_1_start = .
 *(SORT_BY_NAME(SORT_BY_ALIGNMENT(.z_device_PRE_KERNEL_1[0-9]_*)))
 *(SORT_BY_NAME(SORT_BY_ALIGNMENT(.z_device_PRE_KERNEL_1[1-9][0-9]_*)))
 .z_device_PRE_KERNEL_130_
                0x000000000000763c       0x18 zephyr/drivers/clock_control/libdrivers__clock_control.a(clock_control_nrf.c.obj)
                0x000000000000763c                __device_dts_ord_41
 .z_device_PRE_KERNEL_140_
                0x0000000000007654       0x30 zephyr/drivers/gpio/libdrivers__gpio.a(gpio_nrfx.c.obj)
                0x0000000000007654                __device_dts_ord_6
                0x000000000000766c                __device_dts_ord_7
 .z_device_PRE_KERNEL_155_
                0x0000000000007684       0x18 zephyr/drivers/serial/libdrivers__serial.a(uart_nrfx_uart.c.obj)
                0x0000000000007684                __device_dts_ord_77
                0x000000000000769c                __device_PRE_KERNEL_2_start = .
 *(SORT_BY_NAME(SORT_BY_ALIGNMENT(.z_device_PRE_KERNEL_2[0-9]_*)))
 *(SORT_BY_NAME(SORT_BY_ALIGNMENT(.z_device_PRE_KERNEL_2[1-9][0-9]_*)))
                0x000000000000769c                __device_POST_KERNEL_start = .
 *(SORT_BY_NAME(SORT_BY_ALIGNMENT(.z_device_POST_KERNEL[0-9]_*)))
 *(SORT_BY_NAME(SORT_BY_ALIGNMENT(.z_device_POST_KERNEL[1-9][0-9]_*)))
 .z_device_POST_KERNEL50_
                0x000000000000769c       0x30 zephyr/drivers/i2c/libdrivers__i2c.a(i2c_nrfx_twim.c.obj)
                0x000000000000769c                __device_dts_ord_52
                0x00000000000076b4                __device_dts_ord_90
 .z_device_POST_KERNEL70_
                0x00000000000076cc       0x18 zephyr/drivers/spi/libdrivers__spi.a(spi_nrfx_spim.c.obj)
                0x00000000000076cc                __device_dts_ord_71
 .z_device_POST_KERNEL90_
                0x00000000000076e4       0x18 zephyr/drivers/sensor/lis2dh/libdrivers__sensor__lis2dh.a(lis2dh.c.obj)
                0x00000000000076e4                __device_dts_ord_91
 .z_device_POST_KERNEL90_
                0x00000000000076fc       0x18 zephyr/drivers/sensor/lis2mdl/libdrivers__sensor__lis2mdl.a(lis2mdl.c.obj)
                0x00000000000076fc                __device_dts_ord_92
 .z_device_POST_KERNEL90_
                0x0000000000007714       0x18 zephyr/drivers/sensor/nrf5/libdrivers__sensor__nrf5.a(temp_nrf5.c.obj)
                0x0000000000007714                __device_dts_ord_72
                0x000000000000772c                __device_APPLICATION_start = .
 *(SORT_BY_NAME(SORT_BY_ALIGNMENT(.z_device_APPLICATION[0-9]_*)))
 *(SORT_BY_NAME(SORT_BY_ALIGNMENT(.z_device_APPLICATION[1-9][0-9]_*)))
                0x000000000000772c                __device_SMP_start = .
 *(SORT_BY_NAME(SORT_BY_ALIGNMENT(.z_device_SMP[0-9]_*)))
 *(SORT_BY_NAME(SORT_BY_ALIGNMENT(.z_device_SMP[1-9][0-9]_*)))
                0x000000000000772c                __device_end = .

sw_isr_table    0x000000000000772c      0x180
                0x000000000000772c                . = ALIGN (0x4)
 *(SORT_BY_ALIGNMENT(.gnu.linkonce.sw_isr_table*))
 .gnu.linkonce.sw_isr_table
                0x000000000000772c      0x180 zephyr/arch/common/libisr_tables.a(isr_tables.c.obj)
                0x000000000000772c                _sw_isr_table

initlevel_error
                0x00000000000075c4        0x0
 *(SORT_BY_NAME(SORT_BY_ALIGNMENT(.z_init_[_A-Z0-9]*)))
                0x0000000000000001                ASSERT ((SIZEOF (initlevel_error) == 0x0), Undefined initialization levels used.)

app_shmem_regions
                0x00000000000078ac        0x0
                0x00000000000078ac                __app_shmem_regions_start = .
 *(SORT_BY_NAME(SORT_BY_ALIGNMENT(.app_regions.*)))
                0x00000000000078ac                __app_shmem_regions_end = .

k_p4wq_initparam_area
                0x00000000000078ac        0x0
                0x00000000000078ac                _k_p4wq_initparam_list_start = .
 *(SORT_BY_NAME(SORT_BY_ALIGNMENT(._k_p4wq_initparam.static.*)))
                0x00000000000078ac                _k_p4wq_initparam_list_end = .

device_handles  0x00000000000078ac       0x4c
                0x00000000000078ac                __device_handles_start = .
 *(SORT_BY_NAME(SORT_BY_ALIGNMENT(.__device_handles_pass2*)))
 .__device_handles_pass2
                0x00000000000078ac       0x4c zephyr/CMakeFiles/zephyr_pre1.dir/dev_handles.c.obj
                0x00000000000078ac                __devicehdl_DT_N_S_soc_S_temp_4000c000
                0x00000000000078b2                __devicehdl_DT_N_S_soc_S_i2c_40003000_S_lsm303agr_magn_1e
                0x00000000000078bc                __devicehdl_DT_N_S_soc_S_i2c_40003000_S_lsm303agr_accel_19
                0x00000000000078c6                __devicehdl_DT_N_S_soc_S_spi_4002f000
                0x00000000000078cc                __devicehdl_DT_N_S_soc_S_i2c_40003000
                0x00000000000078d6                __devicehdl_DT_N_S_soc_S_i2c_40004000
                0x00000000000078dc                __devicehdl_DT_N_S_soc_S_uart_40002000
                0x00000000000078e2                __devicehdl_DT_N_S_soc_S_gpio_50000300
                0x00000000000078e8                __devicehdl_DT_N_S_soc_S_gpio_50000000
                0x00000000000078f2                __devicehdl_DT_N_S_soc_S_clock_40000000
                0x00000000000078f8                __device_handles_end = .

ztest           0x00000000000078f8        0x0
                0x00000000000078f8                _ztest_suite_node_list_start = .
 *(SORT_BY_NAME(SORT_BY_ALIGNMENT(._ztest_suite_node.static.*)))
                0x00000000000078f8                _ztest_suite_node_list_end = .
                0x00000000000078f8                _ztest_unit_test_list_start = .
 *(SORT_BY_NAME(SORT_BY_ALIGNMENT(._ztest_unit_test.static.*)))
                0x00000000000078f8                _ztest_unit_test_list_end = .
                0x00000000000078f8                _ztest_test_rule_list_start = .
 *(SORT_BY_NAME(SORT_BY_ALIGNMENT(._ztest_test_rule.static.*)))
                0x00000000000078f8                _ztest_test_rule_list_end = .

bt_l2cap_fixed_chan_area
                0x00000000000078f8        0x0
                0x00000000000078f8                _bt_l2cap_fixed_chan_list_start = .
 *(SORT_BY_NAME(SORT_BY_ALIGNMENT(._bt_l2cap_fixed_chan.static.*)))
                0x00000000000078f8                _bt_l2cap_fixed_chan_list_end = .

bt_gatt_service_static_area
                0x00000000000078f8        0x0
                0x00000000000078f8                _bt_gatt_service_static_list_start = .
 *(SORT_BY_NAME(SORT_BY_ALIGNMENT(._bt_gatt_service_static.static.*)))
                0x00000000000078f8                _bt_gatt_service_static_list_end = .

log_strings_sections
                0x00000000000078f8        0x0
                0x00000000000078f8                __log_strings_start = .
 *(SORT_BY_NAME(SORT_BY_ALIGNMENT(.log_strings*)))
                0x00000000000078f8                __log_strings_end = .

log_const_sections
                0x00000000000078f8        0x0
                0x00000000000078f8                __log_const_start = .
 *(SORT_BY_NAME(SORT_BY_ALIGNMENT(.log_const_*)))
                0x00000000000078f8                __log_const_end = .

log_backends_sections
                0x00000000000078f8        0x0
                0x00000000000078f8                __log_backends_start = .
 *(SORT_BY_ALIGNMENT(._log_backend.*))
                0x00000000000078f8                __log_backends_end = .

tracing_backend_area
                0x00000000000078f8        0x0
                0x00000000000078f8                _tracing_backend_list_start = .
 *(SORT_BY_NAME(SORT_BY_ALIGNMENT(._tracing_backend.static.*)))
                0x00000000000078f8                _tracing_backend_list_end = .

zephyr_dbg_info
 *(SORT_BY_ALIGNMENT(.dbg_thread_info))

symbol_to_keep  0x00000000000078f8        0x0
                0x00000000000078f8                __symbol_to_keep_start = .
 *(SORT_BY_NAME(SORT_BY_ALIGNMENT(.symbol_to_keep*)))
                0x00000000000078f8                __symbol_to_keep_end = .

shell_area      0x00000000000078f8        0x0
                0x00000000000078f8                _shell_list_start = .
 *(SORT_BY_NAME(SORT_BY_ALIGNMENT(._shell.static.*)))
                0x00000000000078f8                _shell_list_end = .

shell_root_cmds_sections
                0x00000000000078f8        0x0
                0x00000000000078f8                __shell_root_cmds_start = .
 *(SORT_BY_NAME(SORT_BY_ALIGNMENT(.shell_root_cmd_*)))
                0x00000000000078f8                __shell_root_cmds_end = .

shell_subcmds_sections
                0x00000000000078f8        0x0
                0x00000000000078f8                __shell_subcmds_start = .
 *(SORT_BY_NAME(SORT_BY_ALIGNMENT(.shell_subcmd_*)))
                0x00000000000078f8                __shell_subcmds_end = .

shell_dynamic_subcmds_sections
                0x00000000000078f8        0x0
                0x00000000000078f8                __shell_dynamic_subcmds_start = .
 *(SORT_BY_NAME(SORT_BY_ALIGNMENT(.shell_dynamic_subcmd_*)))
                0x00000000000078f8                __shell_dynamic_subcmds_end = .

font_entry_sections
                0x00000000000078f8        0x0
                0x00000000000078f8                __font_entry_start = .
 *(SORT_BY_NAME(SORT_BY_ALIGNMENT(._cfb_font.*)))
                0x00000000000078f8                __font_entry_end = .

rodata          0x0000000000007900      0x67c
 *(SORT_BY_ALIGNMENT(.rodata))
 *(SORT_BY_ALIGNMENT(.rodata.*))
 .rodata.delay_machine_code.0
                0x0000000000007900        0x6 zephyr/soc/arm/nordic_nrf/nrf52/libsoc__arm__nordic_nrf__nrf52.a(soc.c.obj)
 *fill*         0x0000000000007906        0x2 
 .rodata.cfg    0x0000000000007908        0xc app/libapp.a(display.c.obj)
 .rodata.pmstates_DT_N_S_cpus_S_cpu_0
                0x0000000000007914        0x0 zephyr/libzephyr.a(state.c.obj)
 .rodata.clock_control_api
                0x0000000000007914       0x1c zephyr/drivers/clock_control/libdrivers__clock_control.a(clock_control_nrf.c.obj)
 .rodata.config
                0x0000000000007930       0x10 zephyr/drivers/clock_control/libdrivers__clock_control.a(clock_control_nrf.c.obj)
 .rodata.transitions.0
                0x0000000000007940        0xc zephyr/drivers/clock_control/libdrivers__clock_control.a(clock_control_nrf.c.obj)
 .rodata.gpio_nrfx_drv_api_funcs
                0x000000000000794c       0x24 zephyr/drivers/gpio/libdrivers__gpio.a(gpio_nrfx.c.obj)
 .rodata.gpio_nrfx_p0_cfg
                0x0000000000007970       0x10 zephyr/drivers/gpio/libdrivers__gpio.a(gpio_nrfx.c.obj)
 .rodata.gpio_nrfx_p1_cfg
                0x0000000000007980       0x10 zephyr/drivers/gpio/libdrivers__gpio.a(gpio_nrfx.c.obj)
 .rodata.__pinctrl_dev_config__device_dts_ord_52
                0x0000000000007990        0xc zephyr/drivers/i2c/libdrivers__i2c.a(i2c_nrfx_twim.c.obj)
 .rodata.__pinctrl_dev_config__device_dts_ord_90
                0x000000000000799c        0xc zephyr/drivers/i2c/libdrivers__i2c.a(i2c_nrfx_twim.c.obj)
 .rodata.__pinctrl_state_pins_0__device_dts_ord_52
                0x00000000000079a8        0x8 zephyr/drivers/i2c/libdrivers__i2c.a(i2c_nrfx_twim.c.obj)
 .rodata.__pinctrl_state_pins_0__device_dts_ord_90
                0x00000000000079b0        0x8 zephyr/drivers/i2c/libdrivers__i2c.a(i2c_nrfx_twim.c.obj)
 .rodata.__pinctrl_states__device_dts_ord_52
                0x00000000000079b8        0x8 zephyr/drivers/i2c/libdrivers__i2c.a(i2c_nrfx_twim.c.obj)
 .rodata.__pinctrl_states__device_dts_ord_90
                0x00000000000079c0        0x8 zephyr/drivers/i2c/libdrivers__i2c.a(i2c_nrfx_twim.c.obj)
 .rodata.i2c_nrfx_twim_driver_api
                0x00000000000079c8       0x18 zephyr/drivers/i2c/libdrivers__i2c.a(i2c_nrfx_twim.c.obj)
 .rodata.twim_0z_config
                0x00000000000079e0       0x24 zephyr/drivers/i2c/libdrivers__i2c.a(i2c_nrfx_twim.c.obj)
 .rodata.twim_1z_config
                0x0000000000007a04       0x24 zephyr/drivers/i2c/libdrivers__i2c.a(i2c_nrfx_twim.c.obj)
 .rodata.lis2dh_config_0
                0x0000000000007a28       0x10 zephyr/drivers/sensor/lis2dh/libdrivers__sensor__lis2dh.a(lis2dh.c.obj)
 .rodata.lis2dh_driver_api
                0x0000000000007a38       0x14 zephyr/drivers/sensor/lis2dh/libdrivers__sensor__lis2dh.a(lis2dh.c.obj)
 .rodata.lis2dh_i2c_transfer_fn
                0x0000000000007a4c       0x14 zephyr/drivers/sensor/lis2dh/libdrivers__sensor__lis2dh.a(lis2dh_i2c.c.obj)
 .rodata.lis2mdl_config_0
                0x0000000000007a60       0x20 zephyr/drivers/sensor/lis2mdl/libdrivers__sensor__lis2mdl.a(lis2mdl.c.obj)
 .rodata.lis2mdl_driver_api
                0x0000000000007a80       0x14 zephyr/drivers/sensor/lis2mdl/libdrivers__sensor__lis2mdl.a(lis2mdl.c.obj)
 .rodata.temp_nrf5_driver_api
                0x0000000000007a94       0x14 zephyr/drivers/sensor/nrf5/libdrivers__sensor__nrf5.a(temp_nrf5.c.obj)
 .rodata.__compound_literal.0
                0x0000000000007aa8        0x8 zephyr/drivers/spi/libdrivers__spi.a(spi_nrfx_spim.c.obj)
 .rodata.__pinctrl_dev_config__device_dts_ord_71
                0x0000000000007ab0        0xc zephyr/drivers/spi/libdrivers__spi.a(spi_nrfx_spim.c.obj)
 .rodata.__pinctrl_state_pins_0__device_dts_ord_71
                0x0000000000007abc        0xc zephyr/drivers/spi/libdrivers__spi.a(spi_nrfx_spim.c.obj)
 .rodata.__pinctrl_states__device_dts_ord_71
                0x0000000000007ac8        0x8 zephyr/drivers/spi/libdrivers__spi.a(spi_nrfx_spim.c.obj)
 .rodata.spi_3z_config
                0x0000000000007ad0       0x2c zephyr/drivers/spi/libdrivers__spi.a(spi_nrfx_spim.c.obj)
 .rodata.spi_nrfx_driver_api
                0x0000000000007afc        0x8 zephyr/drivers/spi/libdrivers__spi.a(spi_nrfx_spim.c.obj)
 .rodata.__pinctrl_dev_config__device_dts_ord_77
                0x0000000000007b04        0xc zephyr/drivers/serial/libdrivers__serial.a(uart_nrfx_uart.c.obj)
 .rodata.__pinctrl_state_pins_0__device_dts_ord_77
                0x0000000000007b10        0x8 zephyr/drivers/serial/libdrivers__serial.a(uart_nrfx_uart.c.obj)
 .rodata.__pinctrl_states__device_dts_ord_77
                0x0000000000007b18        0x8 zephyr/drivers/serial/libdrivers__serial.a(uart_nrfx_uart.c.obj)
 .rodata.uart_nrfx_uart0_config
                0x0000000000007b20        0x4 zephyr/drivers/serial/libdrivers__serial.a(uart_nrfx_uart.c.obj)
 .rodata.uart_nrfx_uart_driver_api
                0x0000000000007b24       0x14 zephyr/drivers/serial/libdrivers__serial.a(uart_nrfx_uart.c.obj)
 .rodata.levels.0
                0x0000000000007b38       0x14 zephyr/kernel/libkernel.a(device.c.obj)
 .rodata._k_neg_eagain
                0x0000000000007b4c        0x4 zephyr/kernel/libkernel.a(errno.c.obj)
                0x0000000000007b4c                _k_neg_eagain
 .rodata.lis2dh_odr_map
                0x0000000000007b50       0x16 zephyr/drivers/sensor/lis2dh/libdrivers__sensor__lis2dh.a(lis2dh.c.obj)
 .rodata.main.str1.1
                0x0000000000007b66       0xb0 app/libapp.a(main.c.obj)
 .rodata.display_begin.str1.1
                0x0000000000007c16       0xa5 app/libapp.a(display.c.obj)
 .rodata.Font5x7
                0x0000000000007cbb      0x1e0 app/libapp.a(display.c.obj)
                0x0000000000007cbb                Font5x7
 .rodata.bmp280_begin.str1.1
                0x0000000000007e9b       0x26 app/libapp.a(bmp280.c.obj)
 .rodata.z_cbvprintf_impl.str1.1
                0x0000000000007ec1        0x6 zephyr/libzephyr.a(cbprintf_complete.c.obj)
 .rodata.str1.1
                0x0000000000007ec7        0xf zephyr/drivers/clock_control/libdrivers__clock_control.a(clock_control_nrf.c.obj)
 .rodata.str1.1
                0x0000000000007ed6        0xe zephyr/drivers/gpio/libdrivers__gpio.a(gpio_nrfx.c.obj)
 .rodata.str1.1
                0x0000000000007ed6        0xd zephyr/drivers/i2c/libdrivers__i2c.a(i2c_nrfx_twim.c.obj)
                                         0x13 (size before relaxing)
 .rodata.str1.1
                0x0000000000007ee3       0x10 zephyr/drivers/sensor/lis2dh/libdrivers__sensor__lis2dh.a(lis2dh.c.obj)
 .rodata.CSWTCH.981
                0x0000000000007ef3        0x4 zephyr/drivers/sensor/lis2dh/libdrivers__sensor__lis2dh.a(lis2dh.c.obj)
 .rodata.CSWTCH.982
                0x0000000000007ef7        0x4 zephyr/drivers/sensor/lis2dh/libdrivers__sensor__lis2dh.a(lis2dh.c.obj)
 .rodata.str1.1
                0x0000000000007efb        0xf zephyr/drivers/sensor/lis2mdl/libdrivers__sensor__lis2mdl.a(lis2mdl.c.obj)
 .rodata.str1.1
                0x0000000000007f0a        0xe zephyr/drivers/sensor/nrf5/libdrivers__sensor__nrf5.a(temp_nrf5.c.obj)
 .rodata.str1.1
                0x0000000000007f18        0xc zephyr/drivers/spi/libdrivers__spi.a(spi_nrfx_spim.c.obj)
 .rodata.str1.1
                0x0000000000007f18        0xe zephyr/drivers/serial/libdrivers__serial.a(uart_nrfx_uart.c.obj)
 .rodata.z_cstart.str1.1
                0x0000000000007f26        0x5 zephyr/kernel/libkernel.a(init.c.obj)
 .rodata.boot_banner.str1.1
                0x0000000000007f2b       0x48 zephyr/kernel/libkernel.a(banner.c.obj)
                                         0x49 (size before relaxing)
 .rodata.k_sys_work_q_init.str1.1
                0x0000000000007f73        0x9 zephyr/kernel/libkernel.a(system_work_q.c.obj)
 *(SORT_BY_ALIGNMENT(.gnu.linkonce.r.*))
                0x0000000000007f7c                . = ALIGN (0x4)
                0x0000000000007f7c                __rodata_region_end = .
                0x0000000000007f7c                . = ALIGN (_region_min_align)
                0x0000000000007f7c                __rom_region_end = .
                0x0000000020000000                . = 0x20000000
                0x0000000020000000                . = ALIGN (_region_min_align)
                0x0000000020000000                _image_ram_start = .

.ramfunc        0x0000000020000000        0x0 load address 0x0000000000007f7c
                0x0000000020000000                . = ALIGN (_region_min_align)
                0x0000000020000000                __ramfunc_start = .
 *(SORT_BY_ALIGNMENT(.ramfunc))
 *(SORT_BY_ALIGNMENT(.ramfunc.*))
                0x0000000020000000                . = ALIGN (_region_min_align)
                0x0000000020000000                __ramfunc_end = .
                0x0000000000000000                __ramfunc_size = (__ramfunc_end - __ramfunc_start)
                0x0000000000007f7c                __ramfunc_load_start = LOADADDR (.ramfunc)

datas           0x0000000020000000      0x164 load address 0x0000000000007f7c
                0x0000000020000000                __data_region_start = .
                0x0000000020000000                __data_start = .
 *(SORT_BY_ALIGNMENT(.data))
 *(SORT_BY_ALIGNMENT(.data.*))
 .data._char_out
                0x0000000020000000        0x4 zephyr/libzephyr.a(printk.c.obj)
                0x0000000020000000                _char_out
 .data.max_latency_ticks
                0x0000000020000004        0x4 zephyr/libzephyr.a(policy.c.obj)
 .data._stdout_hook
                0x0000000020000008        0x4 zephyr/lib/libc/minimal/liblib__libc__minimal.a(stdout_console.c.obj)
 .data.temp_measure_work
                0x000000002000000c       0x10 zephyr/drivers/clock_control/libdrivers__clock_control.a(nrf_clock_calibration.c.obj)
 .data.twim_0_data
                0x000000002000001c       0x28 zephyr/drivers/i2c/libdrivers__i2c.a(i2c_nrfx_twim.c.obj)
 .data.twim_1_data
                0x0000000020000044       0x28 zephyr/drivers/i2c/libdrivers__i2c.a(i2c_nrfx_twim.c.obj)
 .data.lis2dh_reg_val_to_scale
                0x000000002000006c       0x10 zephyr/drivers/sensor/lis2dh/libdrivers__sensor__lis2dh.a(lis2dh.c.obj)
 .data.spi_3_data
                0x000000002000007c       0x64 zephyr/drivers/spi/libdrivers__spi.a(spi_nrfx_spim.c.obj)
 .data.uart_nrfx_uart0_data
                0x00000000200000e0        0x8 zephyr/drivers/serial/libdrivers__serial.a(uart_nrfx_uart.c.obj)
 .data.SystemCoreClock
                0x00000000200000e8        0x4 modules/hal_nordic/nrfx/libmodules__hal_nordic__nrfx.a(system_nrf52833.c.obj)
                0x00000000200000e8                SystemCoreClock
 .data.m_cb     0x00000000200000ec       0x70 modules/hal_nordic/nrfx/libmodules__hal_nordic__nrfx.a(nrfx_gpiote.c.obj)
 .data.timeout_list
                0x000000002000015c        0x8 zephyr/kernel/libkernel.a(timeout.c.obj)
 *(SORT_BY_ALIGNMENT(.kernel.*))
                0x0000000020000164                __data_end = .
                0x0000000000000164                __data_size = (__data_end - __data_start)
                0x0000000000007f7c                __data_load_start = LOADADDR (datas)
                0x0000000000007f7c                __data_region_load_start = LOADADDR (datas)

device_states   0x0000000020000164       0x28 load address 0x00000000000080e0
                0x0000000020000164                __device_states_start = .
 *(SORT_BY_ALIGNMENT(.z_devstate))
 .z_devstate    0x0000000020000164        0x4 zephyr/drivers/clock_control/libdrivers__clock_control.a(clock_control_nrf.c.obj)
 .z_devstate    0x0000000020000168        0x8 zephyr/drivers/gpio/libdrivers__gpio.a(gpio_nrfx.c.obj)
 .z_devstate    0x0000000020000170        0x8 zephyr/drivers/i2c/libdrivers__i2c.a(i2c_nrfx_twim.c.obj)
 .z_devstate    0x0000000020000178        0x4 zephyr/drivers/sensor/lis2dh/libdrivers__sensor__lis2dh.a(lis2dh.c.obj)
 .z_devstate    0x000000002000017c        0x4 zephyr/drivers/sensor/lis2mdl/libdrivers__sensor__lis2mdl.a(lis2mdl.c.obj)
 .z_devstate    0x0000000020000180        0x4 zephyr/drivers/sensor/nrf5/libdrivers__sensor__nrf5.a(temp_nrf5.c.obj)
 .z_devstate    0x0000000020000184        0x4 zephyr/drivers/spi/libdrivers__spi.a(spi_nrfx_spim.c.obj)
 .z_devstate    0x0000000020000188        0x4 zephyr/drivers/serial/libdrivers__serial.a(uart_nrfx_uart.c.obj)
 *(SORT_BY_ALIGNMENT(.z_devstate.*))
                0x000000002000018c                __device_states_end = .

initshell       0x000000002000018c        0x0 load address 0x0000000000008108
                0x000000002000018c                __shell_module_start = .
 *(SORT_BY_ALIGNMENT(.shell_module_*))
                0x000000002000018c                __shell_module_end = .
                0x000000002000018c                __shell_cmd_start = .
 *(SORT_BY_ALIGNMENT(.shell_cmd_*))
                0x000000002000018c                __shell_cmd_end = .

log_dynamic_sections
                0x000000002000018c        0x0 load address 0x0000000000008108
                0x000000002000018c                __log_dynamic_start = .
 *(SORT_BY_NAME(SORT_BY_ALIGNMENT(.log_dynamic_*)))
                0x000000002000018c                __log_dynamic_end = .

_static_thread_data_area
                0x000000002000018c        0x0 load address 0x0000000000008108
                0x000000002000018c                __static_thread_data_list_start = .
 *(SORT_BY_NAME(SORT_BY_ALIGNMENT(.__static_thread_data.static.*)))
                0x000000002000018c                __static_thread_data_list_end = .

k_timer_area    0x0000000020000190       0x38 load address 0x000000000000810c
                0x0000000020000190                _k_timer_list_start = .
 *(SORT_BY_NAME(SORT_BY_ALIGNMENT(._k_timer.static.*)))
 ._k_timer.static.backoff_timer
                0x0000000020000190       0x38 zephyr/drivers/clock_control/libdrivers__clock_control.a(nrf_clock_calibration.c.obj)
                0x00000000200001c8                _k_timer_list_end = .

k_mem_slab_area
                0x00000000200001c8        0x0 load address 0x0000000000008144
                0x00000000200001c8                _k_mem_slab_list_start = .
 *(SORT_BY_NAME(SORT_BY_ALIGNMENT(._k_mem_slab.static.*)))
                0x00000000200001c8                _k_mem_slab_list_end = .

k_mem_pool_area
                0x00000000200001c8        0x0 load address 0x0000000000008144
                0x00000000200001c8                _k_mem_pool_list_start = .
 *(SORT_BY_NAME(SORT_BY_ALIGNMENT(._k_mem_pool.static.*)))
                0x00000000200001c8                _k_mem_pool_list_end = .

k_heap_area     0x00000000200001c8        0x0 load address 0x0000000000008144
                0x00000000200001c8                _k_heap_list_start = .
 *(SORT_BY_NAME(SORT_BY_ALIGNMENT(._k_heap.static.*)))
                0x00000000200001c8                _k_heap_list_end = .

k_mutex_area    0x00000000200001c8        0x0 load address 0x0000000000008144
                0x00000000200001c8                _k_mutex_list_start = .
 *(SORT_BY_NAME(SORT_BY_ALIGNMENT(._k_mutex.static.*)))
                0x00000000200001c8                _k_mutex_list_end = .

k_stack_area    0x00000000200001c8        0x0 load address 0x0000000000008144