Archive member included to satisfy reference by file (symbol)

app/libapp.a(main.c.obj)      (--whole-archive)
app/libapp.a(lsm303_ll.c.obj)
                              (--whole-archive)
app/libapp.a(buttons.c.obj)   (--whole-archive)
app/libapp.a(matrix.c.obj)    (--whole-archive)
zephyr/libzephyr.a(crc32c_sw.c.obj)
                              (--whole-archive)
zephyr/libzephyr.a(crc32_sw.c.obj)
                              (--whole-archive)
zephyr/libzephyr.a(crc24_sw.c.obj)
                              (--whole-archive)
zephyr/libzephyr.a(crc16_sw.c.obj)
                              (--whole-archive)
zephyr/libzephyr.a(crc8_sw.c.obj)
                              (--whole-archive)
zephyr/libzephyr.a(crc7_sw.c.obj)
                              (--whole-archive)
zephyr/libzephyr.a(crc4_sw.c.obj)
                              (--whole-archive)
zephyr/libzephyr.a(heap.c.obj)
                              (--whole-archive)
zephyr/libzephyr.a(cbprintf_packaged.c.obj)
                              (--whole-archive)
zephyr/libzephyr.a(printk.c.obj)
                              (--whole-archive)
zephyr/libzephyr.a(sem.c.obj)
                              (--whole-archive)
zephyr/libzephyr.a(thread_entry.c.obj)
                              (--whole-archive)
zephyr/libzephyr.a(cbprintf_complete.c.obj)
                              (--whole-archive)
zephyr/libzephyr.a(assert.c.obj)
                              (--whole-archive)
zephyr/libzephyr.a(dec.c.obj)
                              (--whole-archive)
zephyr/libzephyr.a(hex.c.obj)
                              (--whole-archive)
zephyr/libzephyr.a(rb.c.obj)  (--whole-archive)
zephyr/libzephyr.a(timeutil.c.obj)
                              (--whole-archive)
zephyr/libzephyr.a(bitarray.c.obj)
                              (--whole-archive)
zephyr/libzephyr.a(onoff.c.obj)
                              (--whole-archive)
zephyr/libzephyr.a(notify.c.obj)
                              (--whole-archive)
zephyr/libzephyr.a(configs.c.obj)
                              (--whole-archive)
zephyr/libzephyr.a(nvs.c.obj)
                              (--whole-archive)
zephyr/libzephyr.a(flash_map.c.obj)
                              (--whole-archive)
zephyr/libzephyr.a(flash_map_default.c.obj)
                              (--whole-archive)
zephyr/libzephyr.a(flash_map_layout.c.obj)
                              (--whole-archive)
zephyr/libzephyr.a(tracing_none.c.obj)
                              (--whole-archive)
zephyr/libzephyr.a(addr_utils.c.obj)
                              (--whole-archive)
zephyr/libzephyr.a(settings_store.c.obj)
                              (--whole-archive)
zephyr/libzephyr.a(settings.c.obj)
                              (--whole-archive)
zephyr/libzephyr.a(settings_init.c.obj)
                              (--whole-archive)
zephyr/libzephyr.a(settings_line.c.obj)
                              (--whole-archive)
zephyr/libzephyr.a(settings_nvs.c.obj)
                              (--whole-archive)
zephyr/libzephyr.a(flash_util.c.obj)
                              (--whole-archive)
zephyr/libzephyr.a(utils.c.obj)
                              (--whole-archive)
zephyr/libzephyr.a(ecc_dh.c.obj)
                              (--whole-archive)
zephyr/libzephyr.a(ecc.c.obj)
                              (--whole-archive)
zephyr/libzephyr.a(aes_decrypt.c.obj)
                              (--whole-archive)
zephyr/libzephyr.a(aes_encrypt.c.obj)
                              (--whole-archive)
zephyr/libzephyr.a(cmac_mode.c.obj)
                              (--whole-archive)
zephyr/arch/common/libarch__common.a(sw_isr_common.c.obj)
                              (--whole-archive)
zephyr/arch/arch/arm/core/libarch__arm__core.a(fatal.c.obj)
                              (--whole-archive)
zephyr/arch/arch/arm/core/libarch__arm__core.a(nmi.c.obj)
                              (--whole-archive)
zephyr/arch/arch/arm/core/libarch__arm__core.a(nmi_on_reset.S.obj)
                              (--whole-archive)
zephyr/arch/arch/arm/core/libarch__arm__core.a(tls.c.obj)
                              (--whole-archive)
zephyr/arch/arch/arm/core/cortex_m/libarch__arm__core__cortex_m.a(exc_exit.c.obj)
                              (--whole-archive)
zephyr/arch/arch/arm/core/cortex_m/libarch__arm__core__cortex_m.a(fault.c.obj)
                              (--whole-archive)
zephyr/arch/arch/arm/core/cortex_m/libarch__arm__core__cortex_m.a(fault_s.S.obj)
                              (--whole-archive)
zephyr/arch/arch/arm/core/cortex_m/libarch__arm__core__cortex_m.a(fpu.c.obj)
                              (--whole-archive)
zephyr/arch/arch/arm/core/cortex_m/libarch__arm__core__cortex_m.a(reset.S.obj)
                              (--whole-archive)
zephyr/arch/arch/arm/core/cortex_m/libarch__arm__core__cortex_m.a(scb.c.obj)
                              (--whole-archive)
zephyr/arch/arch/arm/core/cortex_m/libarch__arm__core__cortex_m.a(thread_abort.c.obj)
[...]
Memory Configuration

Name             Origin             Length             Attributes
FLASH            0x0000000000000000 0x0000000000080000 xr
RAM              0x0000000020000000 0x0000000000020000 xw
IDT_LIST         0x00000000ffff7fff 0x0000000000008000 xw
*default*        0x0000000000000000 0xffffffffffffffff

Linker script and memory map

                0x0000000000017454                vfprintf = __d_vfprintf
                0x0000000000000000                vfscanf = __d_vfscanf
LOAD zephyr/CMakeFiles/zephyr_final.dir/misc/empty_file.c.obj
LOAD zephyr/CMakeFiles/zephyr_final.dir/isr_tables.c.obj
LOAD zephyr/CMakeFiles/offsets.dir/./arch/arm/core/offsets/offsets.c.obj
LOAD app/libapp.a
LOAD zephyr/libzephyr.a
LOAD zephyr/arch/common/libarch__common.a
LOAD zephyr/arch/arch/arm/core/libarch__arm__core.a
LOAD zephyr/arch/arch/arm/core/cortex_m/libarch__arm__core__cortex_m.a
LOAD zephyr/lib/libc/picolibc/liblib__libc__picolibc.a
LOAD zephyr/lib/libc/common/liblib__libc__common.a
LOAD zephyr/soc/soc/nrf52833/libsoc__nordic.a
LOAD zephyr/subsys/random/libsubsys__random.a
LOAD zephyr/subsys/bluetooth/common/libsubsys__bluetooth__common.a
LOAD zephyr/subsys/bluetooth/host/libsubsys__bluetooth__host.a
LOAD zephyr/subsys/bluetooth/crypto/libsubsys__bluetooth__crypto.a
LOAD zephyr/subsys/bluetooth/controller/libsubsys__bluetooth__controller.a
LOAD zephyr/subsys/bluetooth/controller/ll_sw/nordic/libsubsys__bluetooth__controller__ll_sw__nordic.a
LOAD zephyr/subsys/net/libsubsys__net.a
LOAD zephyr/drivers/adc/libdrivers__adc.a
LOAD zephyr/drivers/clock_control/libdrivers__clock_control.a
LOAD zephyr/drivers/console/libdrivers__console.a
LOAD zephyr/drivers/entropy/libdrivers__entropy.a
LOAD zephyr/drivers/flash/libdrivers__flash.a
LOAD zephyr/drivers/gpio/libdrivers__gpio.a
LOAD zephyr/drivers/i2c/libdrivers__i2c.a
LOAD zephyr/drivers/pinctrl/libdrivers__pinctrl.a
LOAD zephyr/drivers/pwm/libdrivers__pwm.a
LOAD zephyr/drivers/sensor/nordic/temp/libdrivers__sensor__nordic__temp.a
LOAD zephyr/drivers/serial/libdrivers__serial.a
LOAD zephyr/drivers/timer/libdrivers__timer.a
LOAD modules/hal_nordic/nrfx/libmodules__hal_nordic__nrfx.a
LOAD zephyr/kernel/libkernel.a
LOAD /home/frank/zephyr-sdk-0.16.8/arm-zephyr-eabi/bin/../lib/gcc/arm-zephyr-eabi/12.2.0/thumb/v7e-m/nofp/libgcc.a
LOAD zephyr/arch/common/libisr_tables.a
LOAD /home/frank/zephyr-sdk-0.16.8/arm-zephyr-eabi/bin/../lib/gcc/../../picolibc/arm-zephyr-eabi/lib/thumb/v7e-m/nofp/libc.a
LOAD /home/frank/zephyr-sdk-0.16.8/arm-zephyr-eabi/bin/../lib/gcc/arm-zephyr-eabi/12.2.0/thumb/v7e-m/nofp/libgcc.a
                0x0000000000000004                _region_min_align = 0x4

.rel.plt        0x0000000000000000        0x0
 *(SORT_BY_ALIGNMENT(.rel.plt))
                [!provide]                        PROVIDE (__rel_iplt_start = .)
 *(SORT_BY_ALIGNMENT(.rel.iplt))
 .rel.iplt      0x0000000000000000        0x0 zephyr/CMakeFiles/zephyr_final.dir/isr_tables.c.obj
                [!provide]                        PROVIDE (__rel_iplt_end = .)

.rela.plt       0x0000000000000000        0x0
 *(SORT_BY_ALIGNMENT(.rela.plt))
                [!provide]                        PROVIDE (__rela_iplt_start = .)
 *(SORT_BY_ALIGNMENT(.rela.iplt))
                [!provide]                        PROVIDE (__rela_iplt_end = .)

.rel.dyn
 *(SORT_BY_ALIGNMENT(.rel.*))

.rela.dyn
 *(SORT_BY_ALIGNMENT(.rela.*))

/DISCARD/
 *(SORT_BY_ALIGNMENT(.plt))

/DISCARD/
 *(SORT_BY_ALIGNMENT(.iplt))
                0x0000000000000000                __rom_region_start = 0x0

rom_start       0x0000000000000000      0x100
                0x0000000000000000                __rom_start_address = .
 FILL mask 0x00
                0x0000000000000000                . = (. + (0x0 - (. - __rom_start_address)))
                0x0000000000000000                . = ALIGN (0x4)
                0x0000000000000000                . = ALIGN (0x80)
                0x0000000000000000                . = ALIGN (0x100)
                0x0000000000000000                _vector_start = .
 *(SORT_BY_ALIGNMENT(.exc_vector_table))
 *(SORT_BY_ALIGNMENT(.exc_vector_table.*))
 .exc_vector_table._vector_table_section
                0x0000000000000000       0x40 zephyr/arch/arch/arm/core/cortex_m/libarch__arm__core__cortex_m.a(vector_table.S.obj)
                0x0000000000000000                _vector_table
 *(SORT_BY_ALIGNMENT(.vectors))
                0x0000000000000100                _vector_end = .
                0x0000000000000040                . = ALIGN (0x4)
 *(SORT_BY_ALIGNMENT(.gnu.linkonce.irq_vector_table*))
 .gnu.linkonce.irq_vector_table
                0x0000000000000040       0xc0 zephyr/CMakeFiles/zephyr_final.dir/isr_tables.c.obj
                0x0000000000000040                _irq_vector_table
                0x0000000000000100                _vector_end = .

text            0x0000000000000100    0x21704
                0x0000000000000100                __text_region_start = .
 *(SORT_BY_ALIGNMENT(.text))
 .text          0x0000000000000100       0x30 /home/frank/zephyr-sdk-0.16.8/arm-zephyr-eabi/bin/../lib/gcc/arm-zephyr-eabi/12.2.0/thumb/v7e-m/nofp/libgcc.a(_aeabi_uldivmod.o)
                0x0000000000000100                __aeabi_uldivmod
 .text          0x0000000000000130        0x4 /home/frank/zephyr-sdk-0.16.8/arm-zephyr-eabi/bin/../lib/gcc/arm-zephyr-eabi/12.2.0/thumb/v7e-m/nofp/libgcc.a(_dvmd_tls.o)
                0x0000000000000130                __aeabi_ldiv0
                0x0000000000000130                __aeabi_idiv0
 .text          0x0000000000000134      0x2a0 /home/frank/zephyr-sdk-0.16.8/arm-zephyr-eabi/bin/../lib/gcc/arm-zephyr-eabi/12.2.0/thumb/v7e-m/nofp/libgcc.a(_udivmoddi4.o)
                0x0000000000000134                __udivmoddi4
 .text          0x00000000000003d4       0x10 /home/frank/zephyr-sdk-0.16.8/arm-zephyr-eabi/bin/../lib/gcc/../../picolibc/arm-zephyr-eabi/lib/thumb/v7e-m/nofp/libc.a(strcpy.S.o)
                0x00000000000003d4                strcpy
 .text          0x00000000000003e4       0x10 /home/frank/zephyr-sdk-0.16.8/arm-zephyr-eabi/bin/../lib/gcc/../../picolibc/arm-zephyr-eabi/lib/thumb/v7e-m/nofp/libc.a(strlen.S.o)
                0x00000000000003e4                strlen
 *(SORT_BY_ALIGNMENT(.text.*))
 *fill*         0x00000000000003f4        0x4 
 .text.bt_init  0x00000000000003f8      0x3f4 zephyr/subsys/bluetooth/host/libsubsys__bluetooth__host.a(hci_core.c.obj)
 *fill*         0x00000000000007ec        0x4 
 .text.ull_drift_ticks_get
                0x00000000000007f0       0x7c zephyr/subsys/bluetooth/controller/libsubsys__bluetooth__controller.a(ull.c.obj)
                0x00000000000007f0                ull_drift_ticks_get
 *fill*         0x000000000000086c        0x4 
 .text.ll_adv_enable
                0x0000000000000870      0x350 zephyr/subsys/bluetooth/controller/libsubsys__bluetooth__controller.a(ull_adv.c.obj)
                0x0000000000000870                ll_adv_enable
 .text.ull_adv_time_update
                0x0000000000000bc0       0xb0 zephyr/subsys/bluetooth/controller/libsubsys__bluetooth__controller.a(ull_adv.c.obj)
                0x0000000000000bc0                ull_adv_time_update
 .text.ull_conn_update_ticker.constprop.0
                0x0000000000000c70      0x128 zephyr/subsys/bluetooth/controller/libsubsys__bluetooth__controller.a(ull_conn.c.obj)
 .text.ull_conn_done
                0x0000000000000d98      0x330 zephyr/subsys/bluetooth/controller/libsubsys__bluetooth__controller.a(ull_conn.c.obj)
                0x0000000000000d98                ull_conn_done
 .text.ull_conn_update_parameters
                0x00000000000010c8      0x1e8 zephyr/subsys/bluetooth/controller/libsubsys__bluetooth__controller.a(ull_conn.c.obj)
                0x00000000000010c8                ull_conn_update_parameters
 .text.ull_periph_setup
                0x00000000000012b0      0x42c zephyr/subsys/bluetooth/controller/libsubsys__bluetooth__controller.a(ull_peripheral.c.obj)
                0x00000000000012b0                ull_periph_setup
 *fill*         0x00000000000016dc        0x4 
 .text.nrf_flash_sync_exe
                0x00000000000016e0       0xf8 zephyr/subsys/bluetooth/controller/libsubsys__bluetooth__controller.a(soc_flash_nrf_ticker.c.obj)
                0x00000000000016e0                nrf_flash_sync_exe
 .text.nrf_flash_sync_check_time_limit
                0x00000000000017d8       0x48 zephyr/subsys/bluetooth/controller/libsubsys__bluetooth__controller.a(soc_flash_nrf_ticker.c.obj)
                0x00000000000017d8                nrf_flash_sync_check_time_limit
 .text.prepare_cb
                0x0000000000001820      0x16c zephyr/subsys/bluetooth/controller/ll_sw/nordic/libsubsys__bluetooth__controller__ll_sw__nordic.a(lll_adv.c.obj)
 *fill*         0x000000000000198c        0x4 
 .text.prepare_cb
                0x0000000000001990      0x230 zephyr/subsys/bluetooth/controller/ll_sw/nordic/libsubsys__bluetooth__controller__ll_sw__nordic.a(lll_peripheral.c.obj)
 .text.disconnected
                0x0000000000001bc0       0x18 app/libapp.a(main.c.obj)
 .text.write_stepcount
                0x0000000000001bd8       0x1c app/libapp.a(main.c.obj)
 .text.read_stepcount
                0x0000000000001bf4       0x40 app/libapp.a(main.c.obj)
 .text.read_z_accel
                0x0000000000001c34       0x40 app/libapp.a(main.c.obj)
 .text.read_y_accel
                0x0000000000001c74       0x40 app/libapp.a(main.c.obj)
 .text.read_x_accel
                0x0000000000001cb4       0x40 app/libapp.a(main.c.obj)
 .text.read_z_mag
                0x0000000000001cf4       0x40 app/libapp.a(main.c.obj)
 .text.read_y_mag
                0x0000000000001d34       0x40 app/libapp.a(main.c.obj)
 .text.read_x_mag
                0x0000000000001d74       0x40 app/libapp.a(main.c.obj)
 .text.read_button_b
                0x0000000000001db4       0x40 app/libapp.a(main.c.obj)
 .text.read_button_a
                0x0000000000001df4       0x40 app/libapp.a(main.c.obj)
 .text.read_led
                0x0000000000001e34       0x40 app/libapp.a(main.c.obj)
 .text.write_led
                0x0000000000001e74       0x38 app/libapp.a(main.c.obj)
 .text.step_subscribe_changed
                0x0000000000001eac       0x2c app/libapp.a(main.c.obj)
 .text.button_b_subscribe_changed
                0x0000000000001ed8       0x2c app/libapp.a(main.c.obj)
 .text.button_a_subscribe_changed
                0x0000000000001f04       0x2c app/libapp.a(main.c.obj)
 .text.connected
                0x0000000000001f30       0x28 app/libapp.a(main.c.obj)
 .text.main     0x0000000000001f58      0x1a4 app/libapp.a(main.c.obj)
                0x0000000000001f58                main
 .text.stepcount_handler
                0x00000000000020fc       0x20 app/libapp.a(lsm303_ll.c.obj)
 .text.lsm303_ll_readAccelX
                0x000000000000211c       0x38 app/libapp.a(lsm303_ll.c.obj)
                0x000000000000211c                lsm303_ll_readAccelX
 .text.lsm303_ll_readAccelY
                0x0000000000002154       0x38 app/libapp.a(lsm303_ll.c.obj)
                0x0000000000002154                lsm303_ll_readAccelY
 .text.lsm303_ll_readAccelZ
                0x000000000000218c       0x38 app/libapp.a(lsm303_ll.c.obj)
                0x000000000000218c                lsm303_ll_readAccelZ
 .text.lsm303_ll_readMagX
                0x00000000000021c4       0x20 app/libapp.a(lsm303_ll.c.obj)
                0x00000000000021c4                lsm303_ll_readMagX
 .text.lsm303_ll_readMagY
                0x00000000000021e4       0x20 app/libapp.a(lsm303_ll.c.obj)
                0x00000000000021e4                lsm303_ll_readMagY
 .text.lsm303_ll_readMagZ
                0x0000000000002204       0x20 app/libapp.a(lsm303_ll.c.obj)
                0x0000000000002204                lsm303_ll_readMagZ
 .text.lsm303_ll_readRegister
                0x0000000000002224       0x3c app/libapp.a(lsm303_ll.c.obj)
                0x0000000000002224                lsm303_ll_readRegister
 .text.lsm303_ll_writeRegister
                0x0000000000002260       0x30 app/libapp.a(lsm303_ll.c.obj)
                0x0000000000002260                lsm303_ll_writeRegister
 .text.lsm303_countSteps
                0x0000000000002290       0xc8 app/libapp.a(lsm303_ll.c.obj)
                0x0000000000002290                lsm303_countSteps
 .text.lsm303_ll_writeMagRegister
                0x0000000000002358       0x30 app/libapp.a(lsm303_ll.c.obj)
                0x0000000000002358                lsm303_ll_writeMagRegister
 .text.lsm303_ll_begin
                0x0000000000002388       0x90 app/libapp.a(lsm303_ll.c.obj)
                0x0000000000002388                lsm303_ll_begin
 .text.get_buttonA
                0x0000000000002418       0x10 app/libapp.a(buttons.c.obj)
                0x0000000000002418                get_buttonA
 .text.get_buttonB
                0x0000000000002428       0x10 app/libapp.a(buttons.c.obj)
                0x0000000000002428                get_buttonB
 .text.buttons_begin
                0x0000000000002438       0x24 app/libapp.a(buttons.c.obj)
                0x0000000000002438                buttons_begin
 .text.set_row1
                0x000000000000245c       0x10 app/libapp.a(matrix.c.obj)
                0x000000000000245c                set_row1
 .text.set_row2
                0x000000000000246c       0x10 app/libapp.a(matrix.c.obj)
                0x000000000000246c                set_row2
 .text.set_row3
                0x000000000000247c       0x10 app/libapp.a(matrix.c.obj)
                0x000000000000247c                set_row3
 .text.set_row4
                0x000000000000248c       0x10 app/libapp.a(matrix.c.obj)
                0x000000000000248c                set_row4
 .text.set_row5
                0x000000000000249c       0x10 app/libapp.a(matrix.c.obj)
                0x000000000000249c                set_row5
 .text.set_col1
                0x00000000000024ac       0x10 app/libapp.a(matrix.c.obj)
                0x00000000000024ac                set_col1
 .text.set_col2
                0x00000000000024bc       0x10 app/libapp.a(matrix.c.obj)
                0x00000000000024bc                set_col2
 .text.set_col3
                0x00000000000024cc       0x10 app/libapp.a(matrix.c.obj)
                0x00000000000024cc                set_col3
 .text.set_col4
                0x00000000000024dc       0x10 app/libapp.a(matrix.c.obj)
                0x00000000000024dc                set_col4
 .text.set_col5
                0x00000000000024ec       0x10 app/libapp.a(matrix.c.obj)
                0x00000000000024ec                set_col5
 .text.matrix_begin
                0x00000000000024fc       0x74 app/libapp.a(matrix.c.obj)
                0x00000000000024fc                matrix_begin
 .text.char_out
                0x0000000000002570        0xc zephyr/libzephyr.a(printk.c.obj)
 .text.__printk_hook_install
                0x000000000000257c        0xc zephyr/libzephyr.a(printk.c.obj)
                0x000000000000257c                __printk_hook_install
 .text.vprintk  0x0000000000002588       0x30 zephyr/libzephyr.a(printk.c.obj)
                0x0000000000002588                vprintk
 .text.z_thread_entry
                0x00000000000025b8       0x34 zephyr/libzephyr.a(thread_entry.c.obj)
                0x00000000000025b8                z_thread_entry
 .text.process_event
                0x00000000000025ec      0x21c zephyr/libzephyr.a(onoff.c.obj)
 .text.uECC_get_rng
                0x0000000000002808        0xc zephyr/libzephyr.a(ecc.c.obj)
                0x0000000000002808                uECC_get_rng
 .text.vli_mmod_fast_secp256r1
                0x0000000000002814      0x184 zephyr/libzephyr.a(ecc.c.obj)
                0x0000000000002814                vli_mmod_fast_secp256r1
 .text.sub_bytes
                0x0000000000002998       0x18 zephyr/libzephyr.a(aes_encrypt.c.obj)
 .text.tc_aes128_set_encrypt_key
                0x00000000000029b0       0xa4 zephyr/libzephyr.a(aes_encrypt.c.obj)
                0x00000000000029b0                tc_aes128_set_encrypt_key
 .text.z_SysNmiOnReset
                0x0000000000002a54        0x8 zephyr/arch/arch/arm/core/libarch__arm__core.a(nmi_on_reset.S.obj)
                0x0000000000002a54                z_SysNmiOnReset
 .text.arch_tls_stack_setup
                0x0000000000002a5c       0x40 zephyr/arch/arch/arm/core/libarch__arm__core.a(tls.c.obj)
                0x0000000000002a5c                arch_tls_stack_setup
 .text._HandlerModeExit
                0x0000000000002a9c       0x28 zephyr/arch/arch/arm/core/cortex_m/libarch__arm__core__cortex_m.a(exc_exit.c.obj)
                0x0000000000002a9c                z_arm_exc_exit
                0x0000000000002a9c                z_arm_int_exit
 .text.usage_fault.constprop.0
                0x0000000000002ac4       0x54 zephyr/arch/arch/arm/core/cortex_m/libarch__arm__core__cortex_m.a(fault.c.obj)
 .text.bus_fault.constprop.0
                0x0000000000002b18       0x6c zephyr/arch/arch/arm/core/cortex_m/libarch__arm__core__cortex_m.a(fault.c.obj)
 .text.mem_manage_fault.constprop.0
                0x0000000000002b84       0x78 zephyr/arch/arch/arm/core/cortex_m/libarch__arm__core__cortex_m.a(fault.c.obj)
 .text.z_arm_fault
                0x0000000000002bfc      0x124 zephyr/arch/arch/arm/core/cortex_m/libarch__arm__core__cortex_m.a(fault.c.obj)
                0x0000000000002bfc                z_arm_fault
 .text.z_arm_fault_init
                0x0000000000002d20       0x18 zephyr/arch/arch/arm/core/cortex_m/libarch__arm__core__cortex_m.a(fault.c.obj)
                0x0000000000002d20                z_arm_fault_init
 .text.__fault  0x0000000000002d38       0x14 zephyr/arch/arch/arm/core/cortex_m/libarch__arm__core__cortex_m.a(fault_s.S.obj)
                0x0000000000002d38                z_arm_bus_fault
                0x0000000000002d38                z_arm_usage_fault
                0x0000000000002d38                z_arm_mpu_fault
                0x0000000000002d38                z_arm_exc_spurious
                0x0000000000002d38                z_arm_debug_monitor
                0x0000000000002d38                z_arm_hard_fault
 .text._reset_section
                0x0000000000002d4c       0x30 zephyr/arch/arch/arm/core/cortex_m/libarch__arm__core__cortex_m.a(reset.S.obj)
                0x0000000000002d4c                z_arm_reset
                0x0000000000002d4c                __start
 .text.z_impl_k_thread_abort
                0x0000000000002d7c       0x2c zephyr/arch/arch/arm/core/cortex_m/libarch__arm__core__cortex_m.a(thread_abort.c.obj)
                0x0000000000002d7c                z_impl_k_thread_abort
 .text.arch_swap
                0x0000000000002da8       0x30 zephyr/arch/arch/arm/core/cortex_m/libarch__arm__core__cortex_m.a(swap.c.obj)
                0x0000000000002da8                arch_swap
 .text.z_arm_pendsv_c
                0x0000000000002dd8       0x40 zephyr/arch/arch/arm/core/cortex_m/libarch__arm__core__cortex_m.a(swap.c.obj)
                0x0000000000002dd8                z_arm_pendsv_c
 .text.z_arm_pendsv
                0x0000000000002e18       0x34 zephyr/arch/arch/arm/core/cortex_m/libarch__arm__core__cortex_m.a(swap_helper.S.obj)
                0x0000000000002e18                z_arm_pendsv
 .text.z_arm_svc
                0x0000000000002e4c       0x20 zephyr/arch/arch/arm/core/cortex_m/libarch__arm__core__cortex_m.a(swap_helper.S.obj)
                0x0000000000002e4c                z_arm_svc
 .text.arch_irq_enable
                0x0000000000002e6c       0x1c zephyr/arch/arch/arm/core/cortex_m/libarch__arm__core__cortex_m.a(irq_manage.c.obj)
                0x0000000000002e6c                arch_irq_enable
 .text.arch_irq_disable
                0x0000000000002e88       0x28 zephyr/arch/arch/arm/core/cortex_m/libarch__arm__core__cortex_m.a(irq_manage.c.obj)
                0x0000000000002e88                arch_irq_disable
 .text.arch_irq_is_enabled
                0x0000000000002eb0       0x1c zephyr/arch/arch/arm/core/cortex_m/libarch__arm__core__cortex_m.a(irq_manage.c.obj)
                0x0000000000002eb0                arch_irq_is_enabled
 .text.z_arm_irq_priority_set
                0x0000000000002ecc       0x30 zephyr/arch/arch/arm/core/cortex_m/libarch__arm__core__cortex_m.a(irq_manage.c.obj)
                0x0000000000002ecc                z_arm_irq_priority_set
 .text.z_prep_c
                0x0000000000002efc       0x48 zephyr/arch/arch/arm/core/cortex_m/libarch__arm__core__cortex_m.a(prep_c.c.obj)
                0x0000000000002efc                z_prep_c
 .text.arch_new_thread
                0x0000000000002f44       0x38 zephyr/arch/arch/arm/core/cortex_m/libarch__arm__core__cortex_m.a(thread.c.obj)
                0x0000000000002f44                arch_new_thread
 .text.arch_switch_to_main_thread
                0x0000000000002f7c       0x40 zephyr/arch/arch/arm/core/cortex_m/libarch__arm__core__cortex_m.a(thread.c.obj)
                0x0000000000002f7c                arch_switch_to_main_thread
 .text.z_arm_cpu_idle_init
                0x0000000000002fbc        0xc zephyr/arch/arch/arm/core/cortex_m/libarch__arm__core__cortex_m.a(cpu_idle.c.obj)
                0x0000000000002fbc                z_arm_cpu_idle_init
 .text.z_arm_interrupt_init
                0x0000000000002fc8       0x18 zephyr/arch/arch/arm/core/cortex_m/libarch__arm__core__cortex_m.a(irq_init.c.obj)
                0x0000000000002fc8                z_arm_interrupt_init
 .text._isr_wrapper
                0x0000000000002fe0       0x24 zephyr/arch/arch/arm/core/cortex_m/libarch__arm__core__cortex_m.a(isr_wrapper.c.obj)
                0x0000000000002fe0                _isr_wrapper
 .text.z_impl_zephyr_fputc
                0x0000000000003004       0x10 zephyr/lib/libc/picolibc/liblib__libc__picolibc.a(libc-hooks.c.obj)
                0x0000000000003004                z_impl_zephyr_fputc
 .text.__stdout_hook_install
                0x0000000000003014       0x18 zephyr/lib/libc/picolibc/liblib__libc__picolibc.a(libc-hooks.c.obj)
                0x0000000000003014                __stdout_hook_install
 .text.malloc_prepare
                0x000000000000302c       0x24 zephyr/lib/libc/common/liblib__libc__common.a(malloc.c.obj)
 .text.nordicsemi_nrf52_init
                0x0000000000003050       0x18 zephyr/soc/soc/nrf52833/libsoc__nordic.a(soc.c.obj)
 .text.arch_busy_wait
                0x0000000000003068       0x14 zephyr/soc/soc/nrf52833/libsoc__nordic.a(soc.c.obj)
                0x0000000000003068                arch_busy_wait
 .text.xoshiro128_initialize
                0x000000000000307c       0x18 zephyr/subsys/random/libsubsys__random.a(random_xoshiro128.c.obj)
 .text.send_cmd_status
                0x0000000000003094       0x54 zephyr/subsys/bluetooth/host/libsubsys__bluetooth__host.a(hci_ecc.c.obj)
 .text.ecc_process
                0x00000000000030e8      0x190 zephyr/subsys/bluetooth/host/libsubsys__bluetooth__host.a(hci_ecc.c.obj)
 .text.le_gen_dhkey
                0x0000000000003278       0x98 zephyr/subsys/bluetooth/host/libsubsys__bluetooth__host.a(hci_ecc.c.obj)
 .text.bt_hci_ecc_send
                0x0000000000003310       0xe0 zephyr/subsys/bluetooth/host/libsubsys__bluetooth__host.a(hci_ecc.c.obj)
                0x0000000000003310                bt_hci_ecc_send
 .text.long_wq_init
                0x00000000000033f0       0x38 zephyr/subsys/bluetooth/host/libsubsys__bluetooth__host.a(long_wq.c.obj)
 .text.bt_long_wq_schedule
                0x0000000000003428        0xc zephyr/subsys/bluetooth/host/libsubsys__bluetooth__host.a(long_wq.c.obj)
                0x0000000000003428                bt_long_wq_schedule
 .text.bt_long_wq_submit
                0x0000000000003434        0xc zephyr/subsys/bluetooth/host/libsubsys__bluetooth__host.a(long_wq.c.obj)
                0x0000000000003434                bt_long_wq_submit
 .text.uuid_to_uuid128
                0x0000000000003440       0x78 zephyr/subsys/bluetooth/host/libsubsys__bluetooth__host.a(uuid.c.obj)
 .text.bt_buf_get_rx
                0x00000000000034b8       0x20 zephyr/subsys/bluetooth/host/libsubsys__bluetooth__host.a(buf.c.obj)
                0x00000000000034b8                bt_buf_get_rx
 .text.bt_buf_get_evt
                0x00000000000034d8       0x38 zephyr/subsys/bluetooth/host/libsubsys__bluetooth__host.a(buf.c.obj)
                0x00000000000034d8                bt_buf_get_evt
 .text.unpair   0x0000000000003510       0x8c zephyr/subsys/bluetooth/host/libsubsys__bluetooth__host.a(hci_core.c.obj)
 .text.hci_disconn_complete_prio
                0x000000000000359c       0x4c zephyr/subsys/bluetooth/host/libsubsys__bluetooth__host.a(hci_core.c.obj)
 .text.find_pending_connect.part.0
                0x00000000000035e8       0x2c zephyr/subsys/bluetooth/host/libsubsys__bluetooth__host.a(hci_core.c.obj)
 .text.hci_vendor_event
                0x0000000000003614       0x20 zephyr/subsys/bluetooth/host/libsubsys__bluetooth__host.a(hci_core.c.obj)
 .text.hci_le_meta_event
                0x0000000000003634       0x20 zephyr/subsys/bluetooth/host/libsubsys__bluetooth__host.a(hci_core.c.obj)
 .text.rx_work_handler
                0x0000000000003654       0xe4 zephyr/subsys/bluetooth/host/libsubsys__bluetooth__host.a(hci_core.c.obj)
 .text.hci_cmd_done
                0x0000000000003738      0x10c zephyr/subsys/bluetooth/host/libsubsys__bluetooth__host.a(hci_core.c.obj)
 .text.bt_hci_cmd_state_set_init
                0x0000000000003844       0x24 zephyr/subsys/bluetooth/host/libsubsys__bluetooth__host.a(hci_core.c.obj)
                0x0000000000003844                bt_hci_cmd_state_set_init
 .text.bt_hci_cmd_create
                0x0000000000003868       0x78 zephyr/subsys/bluetooth/host/libsubsys__bluetooth__host.a(hci_core.c.obj)
                0x0000000000003868                bt_hci_cmd_create
 .text.bt_unpair
                0x00000000000038e0       0x44 zephyr/subsys/bluetooth/host/libsubsys__bluetooth__host.a(hci_core.c.obj)
                0x00000000000038e0                bt_unpair
 .text.bt_security_err_get
                0x0000000000003924       0x10 zephyr/subsys/bluetooth/host/libsubsys__bluetooth__host.a(hci_core.c.obj)
                0x0000000000003924                bt_security_err_get
 .text.hci_event_prio
                0x0000000000003934       0x8c zephyr/subsys/bluetooth/host/libsubsys__bluetooth__host.a(hci_core.c.obj)
                0x0000000000003934                hci_event_prio
 .text.bt_hci_recv
                0x00000000000039c0       0x60 zephyr/subsys/bluetooth/host/libsubsys__bluetooth__host.a(hci_core.c.obj)
                0x00000000000039c0                bt_hci_recv
 .text.bt_finalize_init
                0x0000000000003a20        0xc zephyr/subsys/bluetooth/host/libsubsys__bluetooth__host.a(hci_core.c.obj)
                0x0000000000003a20                bt_finalize_init
 .text.bt_is_ready
                0x0000000000003a2c       0x18 zephyr/subsys/bluetooth/host/libsubsys__bluetooth__host.a(hci_core.c.obj)
                0x0000000000003a2c                bt_is_ready
 .text.bt_get_name
                0x0000000000003a44        0x8 zephyr/subsys/bluetooth/host/libsubsys__bluetooth__host.a(hci_core.c.obj)
                0x0000000000003a44                bt_get_name
 .text.bt_tx_irq_raise
                0x0000000000003a4c        0xc zephyr/subsys/bluetooth/host/libsubsys__bluetooth__host.a(hci_core.c.obj)
                0x0000000000003a4c                bt_tx_irq_raise
 .text.bt_hci_cmd_send
                0x0000000000003a58       0x48 zephyr/subsys/bluetooth/host/libsubsys__bluetooth__host.a(hci_core.c.obj)
                0x0000000000003a58                bt_hci_cmd_send
 .text.process_pending_cmd
                0x0000000000003aa0       0xb0 zephyr/subsys/bluetooth/host/libsubsys__bluetooth__host.a(hci_core.c.obj)
 .text.bt_hci_cmd_send_sync
                0x0000000000003b50      0x170 zephyr/subsys/bluetooth/host/libsubsys__bluetooth__host.a(hci_core.c.obj)
                0x0000000000003b50                bt_hci_cmd_send_sync
 .text.init_work
                0x0000000000003cc0       0x18 zephyr/subsys/bluetooth/host/libsubsys__bluetooth__host.a(hci_core.c.obj)
 .text.bt_enable
                0x0000000000003cd8       0xb0 zephyr/subsys/bluetooth/host/libsubsys__bluetooth__host.a(hci_core.c.obj)
                0x0000000000003cd8                bt_enable
 .text.bt_hci_le_rand
                0x0000000000003d88       0x58 zephyr/subsys/bluetooth/host/libsubsys__bluetooth__host.a(hci_core.c.obj)
                0x0000000000003d88                bt_hci_le_rand
 .text.bt_hci_le_enh_conn_complete
                0x0000000000003de0      0x204 zephyr/subsys/bluetooth/host/libsubsys__bluetooth__host.a(hci_core.c.obj)
                0x0000000000003de0                bt_hci_le_enh_conn_complete
 .text.le_legacy_conn_complete
                0x0000000000003fe4       0x80 zephyr/subsys/bluetooth/host/libsubsys__bluetooth__host.a(hci_core.c.obj)
 .text.hci_cmd_complete
                0x0000000000004064       0x3c zephyr/subsys/bluetooth/host/libsubsys__bluetooth__host.a(hci_core.c.obj)
 .text.hci_cmd_status
                0x00000000000040a0       0x30 zephyr/subsys/bluetooth/host/libsubsys__bluetooth__host.a(hci_core.c.obj)
 .text.bt_hci_evt_create
                0x00000000000040d0       0x50 zephyr/subsys/bluetooth/host/libsubsys__bluetooth__host.a(hci_common.c.obj)
                0x00000000000040d0                bt_hci_evt_create
 .text.id_find  0x0000000000004120       0x30 zephyr/subsys/bluetooth/host/libsubsys__bluetooth__host.a(id.c.obj)
 .text.id_create.constprop.0
                0x0000000000004150       0x5c zephyr/subsys/bluetooth/host/libsubsys__bluetooth__host.a(id.c.obj)
 .text.set_random_address
                0x00000000000041ac       0x58 zephyr/subsys/bluetooth/host/libsubsys__bluetooth__host.a(id.c.obj)
 .text.bt_id_pending_keys_update
                0x0000000000004204       0x34 zephyr/subsys/bluetooth/host/libsubsys__bluetooth__host.a(id.c.obj)
                0x0000000000004204                bt_id_pending_keys_update
 .text.bt_id_find_conflict
                0x0000000000004238       0x20 zephyr/subsys/bluetooth/host/libsubsys__bluetooth__host.a(id.c.obj)
                0x0000000000004238                bt_id_find_conflict
 .text.bt_id_add
                0x0000000000004258      0x12c zephyr/subsys/bluetooth/host/libsubsys__bluetooth__host.a(id.c.obj)
                0x0000000000004258                bt_id_add
 .text.bt_id_del
                0x0000000000004384      0x10c zephyr/subsys/bluetooth/host/libsubsys__bluetooth__host.a(id.c.obj)
                0x0000000000004384                bt_id_del
 .text.bt_id_create
                0x0000000000004490       0x88 zephyr/subsys/bluetooth/host/libsubsys__bluetooth__host.a(id.c.obj)
                0x0000000000004490                bt_id_create
 .text.bt_id_read_public_addr
                0x0000000000004518       0x6c zephyr/subsys/bluetooth/host/libsubsys__bluetooth__host.a(id.c.obj)
                0x0000000000004518                bt_id_read_public_addr
 .text.bt_setup_public_id_addr
                0x0000000000004584       0x20 zephyr/subsys/bluetooth/host/libsubsys__bluetooth__host.a(id.c.obj)
                0x0000000000004584                bt_setup_public_id_addr
 .text.bt_setup_random_id_addr
                0x00000000000045a4       0xac zephyr/subsys/bluetooth/host/libsubsys__bluetooth__host.a(id.c.obj)
                0x00000000000045a4                bt_setup_random_id_addr
 .text.bt_id_set_adv_own_addr
                0x0000000000004650       0xc0 zephyr/subsys/bluetooth/host/libsubsys__bluetooth__host.a(id.c.obj)
                0x0000000000004650                bt_id_set_adv_own_addr
 .text.bt_id_init
                0x0000000000004710       0x30 zephyr/subsys/bluetooth/host/libsubsys__bluetooth__host.a(id.c.obj)
                0x0000000000004710                bt_id_init
 .text.valid_adv_param
                0x0000000000004740       0x84 zephyr/subsys/bluetooth/host/libsubsys__bluetooth__host.a(adv.c.obj)
 .text.adv_is_directed
                0x00000000000047c4       0x18 zephyr/subsys/bluetooth/host/libsubsys__bluetooth__host.a(adv.c.obj)
 .text.le_adv_start_add_conn
                0x00000000000047dc       0x60 zephyr/subsys/bluetooth/host/libsubsys__bluetooth__host.a(adv.c.obj)
 .text.bt_le_ext_adv_foreach
                0x000000000000483c        0xc zephyr/subsys/bluetooth/host/libsubsys__bluetooth__host.a(adv.c.obj)
                0x000000000000483c                bt_le_ext_adv_foreach
 .text.bt_le_adv_lookup_legacy
                0x0000000000004848        0x8 zephyr/subsys/bluetooth/host/libsubsys__bluetooth__host.a(adv.c.obj)
                0x0000000000004848                bt_le_adv_lookup_legacy
 .text.bt_le_adv_start_legacy
                0x0000000000004850      0x264 zephyr/subsys/bluetooth/host/libsubsys__bluetooth__host.a(adv.c.obj)
                0x0000000000004850                bt_le_adv_start_legacy
 .text.bt_le_adv_start
                0x0000000000004ab4       0x64 zephyr/subsys/bluetooth/host/libsubsys__bluetooth__host.a(adv.c.obj)
                0x0000000000004ab4                bt_le_adv_start
 .text.bt_le_adv_stop
                0x0000000000004b18       0x78 zephyr/subsys/bluetooth/host/libsubsys__bluetooth__host.a(adv.c.obj)
                0x0000000000004b18                bt_le_adv_stop
 .text.bt_le_adv_resume
                0x0000000000004b90       0xd4 zephyr/subsys/bluetooth/host/libsubsys__bluetooth__host.a(adv.c.obj)
                0x0000000000004b90                bt_le_adv_resume
 .text.bt_pub_key_is_debug
                0x0000000000004c64       0x18 zephyr/subsys/bluetooth/host/libsubsys__bluetooth__host.a(ecc.c.obj)
                0x0000000000004c64                bt_pub_key_is_debug
 .text.bt_pub_key_gen
                0x0000000000004c7c       0xd4 zephyr/subsys/bluetooth/host/libsubsys__bluetooth__host.a(ecc.c.obj)
                0x0000000000004c7c                bt_pub_key_gen
 .text.bt_pub_key_get
                0x0000000000004d50       0x20 zephyr/subsys/bluetooth/host/libsubsys__bluetooth__host.a(ecc.c.obj)
                0x0000000000004d50                bt_pub_key_get
 .text.bt_dh_key_gen
                0x0000000000004d70       0x8c zephyr/subsys/bluetooth/host/libsubsys__bluetooth__host.a(ecc.c.obj)
                0x0000000000004d70                bt_dh_key_gen
 .text.bt_hci_evt_le_pkey_complete
                0x0000000000004dfc       0x84 zephyr/subsys/bluetooth/host/libsubsys__bluetooth__host.a(ecc.c.obj)
                0x0000000000004dfc                bt_hci_evt_le_pkey_complete
 .text.bt_hci_evt_le_dhkey_complete
                0x0000000000004e80       0x1c zephyr/subsys/bluetooth/host/libsubsys__bluetooth__host.a(ecc.c.obj)
                0x0000000000004e80                bt_hci_evt_le_dhkey_complete
 .text.notify_connected
                0x0000000000004e9c       0x40 zephyr/subsys/bluetooth/host/libsubsys__bluetooth__host.a(conn.c.obj)
 .text.frag_destroy
                0x0000000000004edc       0x20 zephyr/subsys/bluetooth/host/libsubsys__bluetooth__host.a(conn.c.obj)
                0x0000000000004edc                frag_destroy
 .text.conn_tx_destroy
                0x0000000000004efc       0x2c zephyr/subsys/bluetooth/host/libsubsys__bluetooth__host.a(conn.c.obj)
 .text.get_data_frag
                0x0000000000004f28       0x38 zephyr/subsys/bluetooth/host/libsubsys__bluetooth__host.a(conn.c.obj)
 .text.tx_notify
                0x0000000000004f60       0x60 zephyr/subsys/bluetooth/host/libsubsys__bluetooth__host.a(conn.c.obj)
 .text.wait_for_tx_work
                0x0000000000004fc0       0x3c zephyr/subsys/bluetooth/host/libsubsys__bluetooth__host.a(conn.c.obj)
 .text.bt_conn_get_pkts
                0x0000000000004ffc       0x18 zephyr/subsys/bluetooth/host/libsubsys__bluetooth__host.a(conn.c.obj)
                0x0000000000004ffc                bt_conn_get_pkts
 .text.bt_conn_new
                0x0000000000005014       0x64 zephyr/subsys/bluetooth/host/libsubsys__bluetooth__host.a(conn.c.obj)
                0x0000000000005014                bt_conn_new
 .text.bt_conn_data_ready
                0x0000000000005078       0x3c zephyr/subsys/bluetooth/host/libsubsys__bluetooth__host.a(conn.c.obj)
                0x0000000000005078                bt_conn_data_ready
 .text.get_conn_ready
                0x00000000000050b4       0xcc zephyr/subsys/bluetooth/host/libsubsys__bluetooth__host.a(conn.c.obj)
                0x00000000000050b4                get_conn_ready
 .text.bt_conn_unref
                0x0000000000005180       0x74 zephyr/subsys/bluetooth/host/libsubsys__bluetooth__host.a(conn.c.obj)
                0x0000000000005180                bt_conn_unref
 .text.bt_conn_set_state
                0x00000000000051f4      0x100 zephyr/subsys/bluetooth/host/libsubsys__bluetooth__host.a(conn.c.obj)
                0x00000000000051f4                bt_conn_set_state
 .text.bt_conn_lookup_handle
                0x00000000000052f4       0x28 zephyr/subsys/bluetooth/host/libsubsys__bluetooth__host.a(conn.c.obj)
                0x00000000000052f4                bt_conn_lookup_handle
 .text.bt_conn_foreach
                0x000000000000531c       0x30 zephyr/subsys/bluetooth/host/libsubsys__bluetooth__host.a(conn.c.obj)
                0x000000000000531c                bt_conn_foreach
 .text.bt_conn_index
                0x000000000000534c       0x18 zephyr/subsys/bluetooth/host/libsubsys__bluetooth__host.a(conn.c.obj)
                0x000000000000534c                bt_conn_index
 .text.bt_conn_create_pdu_timeout
                0x0000000000005364       0x48 zephyr/subsys/bluetooth/host/libsubsys__bluetooth__host.a(conn.c.obj)
                0x0000000000005364                bt_conn_create_pdu_timeout
 .text.bt_conn_tx_processor
                0x00000000000053ac      0x1bc zephyr/subsys/bluetooth/host/libsubsys__bluetooth__host.a(conn.c.obj)
                0x00000000000053ac                bt_conn_tx_processor
 .text.notify_le_param_updated
                0x0000000000005568       0x9c zephyr/subsys/bluetooth/host/libsubsys__bluetooth__host.a(conn.c.obj)
                0x0000000000005568                notify_le_param_updated
 .text.le_param_req
                0x0000000000005604       0x78 zephyr/subsys/bluetooth/host/libsubsys__bluetooth__host.a(conn.c.obj)
                0x0000000000005604                le_param_req
 .text.bt_conn_identity_resolved
                0x000000000000567c       0x60 zephyr/subsys/bluetooth/host/libsubsys__bluetooth__host.a(conn.c.obj)
                0x000000000000567c                bt_conn_identity_resolved
 .text.bt_conn_security_changed
                0x00000000000056dc       0x6c zephyr/subsys/bluetooth/host/libsubsys__bluetooth__host.a(conn.c.obj)
                0x00000000000056dc                bt_conn_security_changed
 .text.bt_conn_cb_register
                0x0000000000005748       0x28 zephyr/subsys/bluetooth/host/libsubsys__bluetooth__host.a(conn.c.obj)
                0x0000000000005748                bt_conn_cb_register
 .text.bt_conn_add_le
                0x0000000000005770       0x58 zephyr/subsys/bluetooth/host/libsubsys__bluetooth__host.a(conn.c.obj)
                0x0000000000005770                bt_conn_add_le
 .text.bt_conn_lookup_addr_le
                0x00000000000057c8       0x34 zephyr/subsys/bluetooth/host/libsubsys__bluetooth__host.a(conn.c.obj)
                0x00000000000057c8                bt_conn_lookup_addr_le
 .text.bt_conn_lookup_state_le
                0x00000000000057fc       0x44 zephyr/subsys/bluetooth/host/libsubsys__bluetooth__host.a(conn.c.obj)
                0x00000000000057fc                bt_conn_lookup_state_le
 .text.send_conn_le_param_update
                0x0000000000005840       0x6c zephyr/subsys/bluetooth/host/libsubsys__bluetooth__host.a(conn.c.obj)
 .text.deferred_work
                0x00000000000058ac       0xfc zephyr/subsys/bluetooth/host/libsubsys__bluetooth__host.a(conn.c.obj)
 .text.bt_conn_init
                0x00000000000059a8       0x44 zephyr/subsys/bluetooth/host/libsubsys__bluetooth__host.a(conn.c.obj)
                0x00000000000059a8                bt_conn_init
 .text.l2cap_accept
                0x00000000000059ec       0x1c zephyr/subsys/bluetooth/host/libsubsys__bluetooth__host.a(l2cap.c.obj)
 .text.bt_l2cap_connected
                0x0000000000005a08       0xa0 zephyr/subsys/bluetooth/host/libsubsys__bluetooth__host.a(l2cap.c.obj)
                0x0000000000005a08                bt_l2cap_connected
 .text.l2cap_data_pull
                0x0000000000005aa8       0xcc zephyr/subsys/bluetooth/host/libsubsys__bluetooth__host.a(l2cap.c.obj)
                0x0000000000005aa8                l2cap_data_pull
 .text.bt_l2cap_update_conn_param
                0x0000000000005b74       0x50 zephyr/subsys/bluetooth/host/libsubsys__bluetooth__host.a(l2cap.c.obj)
                0x0000000000005b74                bt_l2cap_update_conn_param
 .text.att_op_get_type
                0x0000000000005bc4       0x74 zephyr/subsys/bluetooth/host/libsubsys__bluetooth__host.a(att.c.obj)
 .text.bt_att_chan_create_pdu
                0x0000000000005c38       0x6c zephyr/subsys/bluetooth/host/libsubsys__bluetooth__host.a(att.c.obj)
 .text.bt_att_released
                0x0000000000005ca4        0xc zephyr/subsys/bluetooth/host/libsubsys__bluetooth__host.a(att.c.obj)
 .text.bt_att_connected
                0x0000000000005cb0       0x40 zephyr/subsys/bluetooth/host/libsubsys__bluetooth__host.a(att.c.obj)
 .text.read_group_cb
                0x0000000000005cf0       0xb8 zephyr/subsys/bluetooth/host/libsubsys__bluetooth__host.a(att.c.obj)
 .text.bt_att_accept
                0x0000000000005da8       0xd0 zephyr/subsys/bluetooth/host/libsubsys__bluetooth__host.a(att.c.obj)
 .text.read_type_cb
                0x0000000000005e78       0xac zephyr/subsys/bluetooth/host/libsubsys__bluetooth__host.a(att.c.obj)
 .text.prep_write_cb
                0x0000000000005f24       0x7c zephyr/subsys/bluetooth/host/libsubsys__bluetooth__host.a(att.c.obj)
 .text.chan_send
                0x0000000000005fa0       0xac zephyr/subsys/bluetooth/host/libsubsys__bluetooth__host.a(att.c.obj)
 .text.att_tx_destroy
                0x000000000000604c       0xdc zephyr/subsys/bluetooth/host/libsubsys__bluetooth__host.a(att.c.obj)
 .text.bt_att_recv
                0x0000000000006128       0x8c zephyr/subsys/bluetooth/host/libsubsys__bluetooth__host.a(att.c.obj)
 .text.att_write_rsp
                0x00000000000061b4       0xc0 zephyr/subsys/bluetooth/host/libsubsys__bluetooth__host.a(att.c.obj)
 .text.bt_att_create_rsp_pdu
                0x0000000000006274       0x48 zephyr/subsys/bluetooth/host/libsubsys__bluetooth__host.a(att.c.obj)
                0x0000000000006274                bt_att_create_rsp_pdu
 .text.att_exec_write_req
                0x00000000000062bc      0x138 zephyr/subsys/bluetooth/host/libsubsys__bluetooth__host.a(att.c.obj)
 .text.att_prepare_write_req
                0x00000000000063f4       0xdc zephyr/subsys/bluetooth/host/libsubsys__bluetooth__host.a(att.c.obj)
 .text.att_read_group_req
                0x00000000000064d0       0xf0 zephyr/subsys/bluetooth/host/libsubsys__bluetooth__host.a(att.c.obj)
 .text.att_read_mult_vl_req
                0x00000000000065c0       0x9c zephyr/subsys/bluetooth/host/libsubsys__bluetooth__host.a(att.c.obj)
 .text.att_read_mult_req
                0x000000000000665c       0x9c zephyr/subsys/bluetooth/host/libsubsys__bluetooth__host.a(att.c.obj)
 .text.att_read_rsp
                0x00000000000066f8       0x90 zephyr/subsys/bluetooth/host/libsubsys__bluetooth__host.a(att.c.obj)
 .text.att_read_type_req
                0x0000000000006788       0xbc zephyr/subsys/bluetooth/host/libsubsys__bluetooth__host.a(att.c.obj)
 .text.att_find_type_req
                0x0000000000006844       0xc0 zephyr/subsys/bluetooth/host/libsubsys__bluetooth__host.a(att.c.obj)
 .text.att_find_info_req
                0x0000000000006904       0x6c zephyr/subsys/bluetooth/host/libsubsys__bluetooth__host.a(att.c.obj)
 .text.bt_att_req_alloc
                0x0000000000006970       0x50 zephyr/subsys/bluetooth/host/libsubsys__bluetooth__host.a(att.c.obj)
                0x0000000000006970                bt_att_req_alloc
 .text.bt_att_req_free
                0x00000000000069c0       0x20 zephyr/subsys/bluetooth/host/libsubsys__bluetooth__host.a(att.c.obj)
                0x00000000000069c0                bt_att_req_free
 .text.att_handle_rsp
                0x00000000000069e0       0x6c zephyr/subsys/bluetooth/host/libsubsys__bluetooth__host.a(att.c.obj)
 .text.bt_att_disconnected
                0x0000000000006a4c       0xdc zephyr/subsys/bluetooth/host/libsubsys__bluetooth__host.a(att.c.obj)
 .text.att_timeout
                0x0000000000006b28       0x88 zephyr/subsys/bluetooth/host/libsubsys__bluetooth__host.a(att.c.obj)
 .text.bt_att_set_tx_meta_data
                0x0000000000006bb0       0x24 zephyr/subsys/bluetooth/host/libsubsys__bluetooth__host.a(att.c.obj)
                0x0000000000006bb0                bt_att_set_tx_meta_data
 .text.find_cf_cfg
                0x0000000000006bd4       0x5c zephyr/subsys/bluetooth/host/libsubsys__bluetooth__host.a(gatt.c.obj)
 .text.find_sc_cfg
                0x0000000000006c30       0x40 zephyr/subsys/bluetooth/host/libsubsys__bluetooth__host.a(gatt.c.obj)
 .text.find_ccc_cfg
                0x0000000000006c70       0x48 zephyr/subsys/bluetooth/host/libsubsys__bluetooth__host.a(gatt.c.obj)
 .text.clear_cf_cfg
                0x0000000000006cb8       0x2c zephyr/subsys/bluetooth/host/libsubsys__bluetooth__host.a(gatt.c.obj)
 .text.remove_peer_from_attr
                0x0000000000006ce4       0x50 zephyr/subsys/bluetooth/host/libsubsys__bluetooth__host.a(gatt.c.obj)
 .text.sc_save  0x0000000000006d34       0x48 zephyr/subsys/bluetooth/host/libsubsys__bluetooth__host.a(gatt.c.obj)
 .text.disconnected_cb
                0x0000000000006d7c       0xb4 zephyr/subsys/bluetooth/host/libsubsys__bluetooth__host.a(gatt.c.obj)
 .text.bt_gatt_attr_write_ccc
                0x0000000000006e30       0xa8 zephyr/subsys/bluetooth/host/libsubsys__bluetooth__host.a(gatt.c.obj)
                0x0000000000006e30                bt_gatt_attr_write_ccc
 .text.read_ppcp
                0x0000000000006ed8       0x38 zephyr/subsys/bluetooth/host/libsubsys__bluetooth__host.a(gatt.c.obj)
 .text.sc_indicate_rsp
                0x0000000000006f10       0x5c zephyr/subsys/bluetooth/host/libsubsys__bluetooth__host.a(gatt.c.obj)
 .text.bt_gatt_init
                0x0000000000006f6c       0x78 zephyr/subsys/bluetooth/host/libsubsys__bluetooth__host.a(gatt.c.obj)
                0x0000000000006f6c                bt_gatt_init
 .text.bt_gatt_attr_get_handle
                0x0000000000006fe4       0x60 zephyr/subsys/bluetooth/host/libsubsys__bluetooth__host.a(gatt.c.obj)
                0x0000000000006fe4                bt_gatt_attr_get_handle
 .text.bt_gatt_foreach_attr_type
                0x0000000000007044       0xb4 zephyr/subsys/bluetooth/host/libsubsys__bluetooth__host.a(gatt.c.obj)
                0x0000000000007044                bt_gatt_foreach_attr_type
 .text.db_hash_gen
                0x00000000000070f8       0x64 zephyr/subsys/bluetooth/host/libsubsys__bluetooth__host.a(gatt.c.obj)
 .text.db_hash_read
                0x000000000000715c       0x84 zephyr/subsys/bluetooth/host/libsubsys__bluetooth__host.a(gatt.c.obj)
 .text.db_hash_process
                0x00000000000071e0       0x1c zephyr/subsys/bluetooth/host/libsubsys__bluetooth__host.a(gatt.c.obj)
 .text.bt_gatt_attr_next
                0x00000000000071fc       0x24 zephyr/subsys/bluetooth/host/libsubsys__bluetooth__host.a(gatt.c.obj)
                0x00000000000071fc                bt_gatt_attr_next
 .text.gatt_indicate
                0x0000000000007220       0xbc zephyr/subsys/bluetooth/host/libsubsys__bluetooth__host.a(gatt.c.obj)
 .text.bt_gatt_indicate
                0x00000000000072dc       0xf4 zephyr/subsys/bluetooth/host/libsubsys__bluetooth__host.a(gatt.c.obj)
                0x00000000000072dc                bt_gatt_indicate
 .text.sc_process
                0x00000000000073d0       0x68 zephyr/subsys/bluetooth/host/libsubsys__bluetooth__host.a(gatt.c.obj)
 .text.update_ccc
                0x0000000000007438       0xf0 zephyr/subsys/bluetooth/host/libsubsys__bluetooth__host.a(gatt.c.obj)
 .text.bt_gatt_notify_cb
                0x0000000000007528       0xec zephyr/subsys/bluetooth/host/libsubsys__bluetooth__host.a(gatt.c.obj)
                0x0000000000007528                bt_gatt_notify_cb
 .text.notify_cb
                0x0000000000007614      0x128 zephyr/subsys/bluetooth/host/libsubsys__bluetooth__host.a(gatt.c.obj)
 .text.bt_gatt_connected
                0x000000000000773c       0x34 zephyr/subsys/bluetooth/host/libsubsys__bluetooth__host.a(gatt.c.obj)
                0x000000000000773c                bt_gatt_connected
 .text.bt_gatt_att_max_mtu_changed
                0x0000000000007770       0x28 zephyr/subsys/bluetooth/host/libsubsys__bluetooth__host.a(gatt.c.obj)
                0x0000000000007770                bt_gatt_att_max_mtu_changed
 .text.bt_gatt_encrypt_change
                0x0000000000007798       0x28 zephyr/subsys/bluetooth/host/libsubsys__bluetooth__host.a(gatt.c.obj)
                0x0000000000007798                bt_gatt_encrypt_change
 .text.bt_gatt_clear
                0x00000000000077c0       0x70 zephyr/subsys/bluetooth/host/libsubsys__bluetooth__host.a(gatt.c.obj)
                0x00000000000077c0                bt_gatt_clear
 .text.bt_gatt_disconnected
                0x0000000000007830       0x48 zephyr/subsys/bluetooth/host/libsubsys__bluetooth__host.a(gatt.c.obj)
                0x0000000000007830                bt_gatt_disconnected
 .text.bt_smp_accept
                0x0000000000007878       0x24 zephyr/subsys/bluetooth/host/libsubsys__bluetooth__host.a(smp.c.obj)
 .text.smp_find
                0x000000000000789c       0x1c zephyr/subsys/bluetooth/host/libsubsys__bluetooth__host.a(smp.c.obj)
 .text.latch_auth_cb
                0x00000000000078b8       0x3c zephyr/subsys/bluetooth/host/libsubsys__bluetooth__host.a(smp.c.obj)
 .text.get_io_capa
                0x00000000000078f4       0x4c zephyr/subsys/bluetooth/host/libsubsys__bluetooth__host.a(smp.c.obj)
 .text.smp_init
                0x0000000000007940       0x38 zephyr/subsys/bluetooth/host/libsubsys__bluetooth__host.a(smp.c.obj)
 .text.smp_dhkey_generate
                0x0000000000007978       0x2c zephyr/subsys/bluetooth/host/libsubsys__bluetooth__host.a(smp.c.obj)
 .text.smp_send_pairing_confirm
                0x00000000000079a4       0x7c zephyr/subsys/bluetooth/host/libsubsys__bluetooth__host.a(smp.c.obj)
 .text.smp_public_key_periph
                0x0000000000007a20      0x138 zephyr/subsys/bluetooth/host/libsubsys__bluetooth__host.a(smp.c.obj)
 .text.smp_public_key
                0x0000000000007b58       0x98 zephyr/subsys/bluetooth/host/libsubsys__bluetooth__host.a(smp.c.obj)
 .text.bt_smp_connected
                0x0000000000007bf0       0x54 zephyr/subsys/bluetooth/host/libsubsys__bluetooth__host.a(smp.c.obj)
 .text.smp_pairing_random
                0x0000000000007c44      0x204 zephyr/subsys/bluetooth/host/libsubsys__bluetooth__host.a(smp.c.obj)
 .text.get_auth
                0x0000000000007e48       0x68 zephyr/subsys/bluetooth/host/libsubsys__bluetooth__host.a(smp.c.obj)
 .text.smp_pairing_req
                0x0000000000007eb0      0x374 zephyr/subsys/bluetooth/host/libsubsys__bluetooth__host.a(smp.c.obj)
 .text.bt_smp_start_security
                0x0000000000008224      0x188 zephyr/subsys/bluetooth/host/libsubsys__bluetooth__host.a(smp.c.obj)
                0x0000000000008224                bt_smp_start_security
 .text.smp_pairing_complete
                0x00000000000083ac      0x114 zephyr/subsys/bluetooth/host/libsubsys__bluetooth__host.a(smp.c.obj)
 .text.bt_smp_recv
                0x00000000000084c0       0x84 zephyr/subsys/bluetooth/host/libsubsys__bluetooth__host.a(smp.c.obj)
 .text.bt_smp_pkey_ready
                0x0000000000008544       0x40 zephyr/subsys/bluetooth/host/libsubsys__bluetooth__host.a(smp.c.obj)
 .text.smp_ident_addr_info
                0x0000000000008584      0x114 zephyr/subsys/bluetooth/host/libsubsys__bluetooth__host.a(smp.c.obj)
 .text.bt_smp_encrypt_change
                0x0000000000008698      0x240 zephyr/subsys/bluetooth/host/libsubsys__bluetooth__host.a(smp.c.obj)
 .text.bt_smp_init
                0x00000000000088d8       0x2c zephyr/subsys/bluetooth/host/libsubsys__bluetooth__host.a(smp.c.obj)
                0x00000000000088d8                bt_smp_init
 .text.bt_keys_get_addr
                0x0000000000008904       0xa0 zephyr/subsys/bluetooth/host/libsubsys__bluetooth__host.a(keys.c.obj)
                0x0000000000008904                bt_keys_get_addr
 .text.bt_foreach_bond
                0x00000000000089a4       0x44 zephyr/subsys/bluetooth/host/libsubsys__bluetooth__host.a(keys.c.obj)
                0x00000000000089a4                bt_foreach_bond
 .text.bt_keys_foreach_type
                0x00000000000089e8       0x1c zephyr/subsys/bluetooth/host/libsubsys__bluetooth__host.a(keys.c.obj)
                0x00000000000089e8                bt_keys_foreach_type
 .text.bt_keys_find
                0x0000000000008a04       0x30 zephyr/subsys/bluetooth/host/libsubsys__bluetooth__host.a(keys.c.obj)
                0x0000000000008a04                bt_keys_find
 .text.bt_keys_find_irk
                0x0000000000008a34       0x84 zephyr/subsys/bluetooth/host/libsubsys__bluetooth__host.a(keys.c.obj)
                0x0000000000008a34                bt_keys_find_irk
 .text.bt_keys_find_addr
                0x0000000000008ab8       0x24 zephyr/subsys/bluetooth/host/libsubsys__bluetooth__host.a(keys.c.obj)
                0x0000000000008ab8                bt_keys_find_addr
 .text.find_key_in_use
                0x0000000000008adc       0x34 zephyr/subsys/bluetooth/host/libsubsys__bluetooth__host.a(keys.c.obj)
 .text.bt_keys_update_usage
                0x0000000000008b10       0x28 zephyr/subsys/bluetooth/host/libsubsys__bluetooth__host.a(keys.c.obj)
                0x0000000000008b10                bt_keys_update_usage
 .text.bt_crypto_f5
                0x0000000000008b38       0xd0 zephyr/subsys/bluetooth/crypto/libsubsys__bluetooth__crypto.a(bt_crypto.c.obj)
                0x0000000000008b38                bt_crypto_f5
 .text.bt_crypto_g2
                0x0000000000008c08       0x5c zephyr/subsys/bluetooth/crypto/libsubsys__bluetooth__crypto.a(bt_crypto.c.obj)
                0x0000000000008c08                bt_crypto_g2
 .text.mayfly_init
                0x0000000000008c64       0x4c zephyr/subsys/bluetooth/controller/libsubsys__bluetooth__controller.a(mayfly.c.obj)
                0x0000000000008c64                mayfly_init
 .text.mayfly_enable
                0x0000000000008cb0       0x50 zephyr/subsys/bluetooth/controller/libsubsys__bluetooth__controller.a(mayfly.c.obj)
                0x0000000000008cb0                mayfly_enable
 .text.mayfly_enqueue
                0x0000000000008d00       0xa4 zephyr/subsys/bluetooth/controller/libsubsys__bluetooth__controller.a(mayfly.c.obj)
                0x0000000000008d00                mayfly_enqueue
 .text.mayfly_run
                0x0000000000008da4      0x13c zephyr/subsys/bluetooth/controller/libsubsys__bluetooth__controller.a(mayfly.c.obj)
                0x0000000000008da4                mayfly_run
 .text.ticker_remainder_inc
                0x0000000000008ee0       0x30 zephyr/subsys/bluetooth/controller/libsubsys__bluetooth__controller.a(ticker.c.obj)
 .text.start_us.constprop.0
                0x0000000000008f10       0x94 zephyr/subsys/bluetooth/controller/libsubsys__bluetooth__controller.a(ticker.c.obj)
 .text.ticker_job
                0x0000000000008fa4      0x840 zephyr/subsys/bluetooth/controller/libsubsys__bluetooth__controller.a(ticker.c.obj)
                0x0000000000008fa4                ticker_job
 .text.ticker_init
                0x00000000000097e4       0x64 zephyr/subsys/bluetooth/controller/libsubsys__bluetooth__controller.a(ticker.c.obj)
                0x00000000000097e4                ticker_init
 .text.ticker_is_initialized
                0x0000000000009848       0x18 zephyr/subsys/bluetooth/controller/libsubsys__bluetooth__controller.a(ticker.c.obj)
                0x0000000000009848                ticker_is_initialized
 .text.ticker_trigger
                0x0000000000009860       0x24 zephyr/subsys/bluetooth/controller/libsubsys__bluetooth__controller.a(ticker.c.obj)
                0x0000000000009860                ticker_trigger
 .text.ticker_update_ext
                0x0000000000009884       0x94 zephyr/subsys/bluetooth/controller/libsubsys__bluetooth__controller.a(ticker.c.obj)
                0x0000000000009884                ticker_update_ext
 .text.ticker_stop
                0x0000000000009918       0x74 zephyr/subsys/bluetooth/controller/libsubsys__bluetooth__controller.a(ticker.c.obj)
                0x0000000000009918                ticker_stop
 .text.ticker_stop_abs
                0x000000000000998c       0x78 zephyr/subsys/bluetooth/controller/libsubsys__bluetooth__controller.a(ticker.c.obj)
                0x000000000000998c                ticker_stop_abs
 .text.ll_feat_get
                0x0000000000009a04        0xc zephyr/subsys/bluetooth/controller/libsubsys__bluetooth__controller.a(ll_feat.c.obj)
                0x0000000000009a04                ll_feat_get
 .text.ll_addr_set
                0x0000000000009a10       0x38 zephyr/subsys/bluetooth/controller/libsubsys__bluetooth__controller.a(ll_addr.c.obj)
                0x0000000000009a10                ll_addr_set
 .text.ll_addr_get
                0x0000000000009a48       0x20 zephyr/subsys/bluetooth/controller/libsubsys__bluetooth__controller.a(ll_addr.c.obj)
                0x0000000000009a48                ll_addr_get
 .text.ll_rx_link_quota_update
                0x0000000000009a68       0x48 zephyr/subsys/bluetooth/controller/libsubsys__bluetooth__controller.a(ull.c.obj)
 .text.perform_lll_reset
                0x0000000000009ab0       0x88 zephyr/subsys/bluetooth/controller/libsubsys__bluetooth__controller.a(ull.c.obj)
 .text.tx_cmplt_get
                0x0000000000009b38       0xac zephyr/subsys/bluetooth/controller/libsubsys__bluetooth__controller.a(ull.c.obj)
 .text.ull_ticker_status_give
                0x0000000000009be4        0xc zephyr/subsys/bluetooth/controller/libsubsys__bluetooth__controller.a(ull.c.obj)
                0x0000000000009be4                ull_ticker_status_give
 .text.ll_rx_link_alloc
                0x0000000000009bf0        0xc zephyr/subsys/bluetooth/controller/libsubsys__bluetooth__controller.a(ull.c.obj)
                0x0000000000009bf0                ll_rx_link_alloc
 .text.ll_rx_link_release
                0x0000000000009bfc        0xc zephyr/subsys/bluetooth/controller/libsubsys__bluetooth__controller.a(ull.c.obj)
                0x0000000000009bfc                ll_rx_link_release
 .text.rx_replenish
                0x0000000000009c08       0xcc zephyr/subsys/bluetooth/controller/libsubsys__bluetooth__controller.a(ull.c.obj)
 .text.ll_rx_alloc
                0x0000000000009cd4        0xc zephyr/subsys/bluetooth/controller/libsubsys__bluetooth__controller.a(ull.c.obj)
                0x0000000000009cd4                ll_rx_alloc
 .text.ll_rx_release
                0x0000000000009ce0        0xc zephyr/subsys/bluetooth/controller/libsubsys__bluetooth__controller.a(ull.c.obj)
                0x0000000000009ce0                ll_rx_release
 .text.ll_rx_get
                0x0000000000009cec       0xac zephyr/subsys/bluetooth/controller/libsubsys__bluetooth__controller.a(ull.c.obj)
                0x0000000000009cec                ll_rx_get
 .text.ll_rx_dequeue
                0x0000000000009d98      0x180 zephyr/subsys/bluetooth/controller/libsubsys__bluetooth__controller.a(ull.c.obj)
                0x0000000000009d98                ll_rx_dequeue
 .text.ll_rx_mem_release
                0x0000000000009f18      0x144 zephyr/subsys/bluetooth/controller/libsubsys__bluetooth__controller.a(ull.c.obj)
                0x0000000000009f18                ll_rx_mem_release
 .text.ll_rx_put
                0x000000000000a05c       0x18 zephyr/subsys/bluetooth/controller/libsubsys__bluetooth__controller.a(ull.c.obj)
                0x000000000000a05c                ll_rx_put
 .text.ll_rx_sched
                0x000000000000a074        0xc zephyr/subsys/bluetooth/controller/libsubsys__bluetooth__controller.a(ull.c.obj)
                0x000000000000a074                ll_rx_sched
 .text.ll_pdu_rx_alloc_peek
                0x000000000000a080       0x34 zephyr/subsys/bluetooth/controller/libsubsys__bluetooth__controller.a(ull.c.obj)
                0x000000000000a080                ll_pdu_rx_alloc_peek
 .text.ll_pdu_rx_alloc
                0x000000000000a0b4       0x24 zephyr/subsys/bluetooth/controller/libsubsys__bluetooth__controller.a(ull.c.obj)
                0x000000000000a0b4                ll_pdu_rx_alloc
 .text.ll_tx_ack_put
                0x000000000000a0d8       0x5c zephyr/subsys/bluetooth/controller/libsubsys__bluetooth__controller.a(ull.c.obj)
                0x000000000000a0d8                ll_tx_ack_put
 .text.ll_radio_state_abort
                0x000000000000a134       0x40 zephyr/subsys/bluetooth/controller/libsubsys__bluetooth__controller.a(ull.c.obj)
                0x000000000000a134                ll_radio_state_abort
 .text.ull_ticker_status_take
                0x000000000000a174       0x24 zephyr/subsys/bluetooth/controller/libsubsys__bluetooth__controller.a(ull.c.obj)
                0x000000000000a174                ull_ticker_status_take
 .text.ull_disable_mark
                0x000000000000a198       0x10 zephyr/subsys/bluetooth/controller/libsubsys__bluetooth__controller.a(ull.c.obj)
                0x000000000000a198                ull_disable_mark
 .text.ull_disable_unmark
                0x000000000000a1a8       0x1c zephyr/subsys/bluetooth/controller/libsubsys__bluetooth__controller.a(ull.c.obj)
                0x000000000000a1a8                ull_disable_unmark
 .text.ull_disable_mark_get
                0x000000000000a1c4        0xc zephyr/subsys/bluetooth/controller/libsubsys__bluetooth__controller.a(ull.c.obj)
                0x000000000000a1c4                ull_disable_mark_get
 .text.ull_update_mark
                0x000000000000a1d0       0x10 zephyr/subsys/bluetooth/controller/libsubsys__bluetooth__controller.a(ull.c.obj)
                0x000000000000a1d0                ull_update_mark
 .text.ull_update_unmark
                0x000000000000a1e0       0x1c zephyr/subsys/bluetooth/controller/libsubsys__bluetooth__controller.a(ull.c.obj)
                0x000000000000a1e0                ull_update_unmark
 .text.ull_update_mark_get
                0x000000000000a1fc        0xc zephyr/subsys/bluetooth/controller/libsubsys__bluetooth__controller.a(ull.c.obj)
                0x000000000000a1fc                ull_update_mark_get
 .text.ull_disable
                0x000000000000a208       0x7c zephyr/subsys/bluetooth/controller/libsubsys__bluetooth__controller.a(ull.c.obj)
                0x000000000000a208                ull_disable
 .text.ull_ticker_stop_with_mark
                0x000000000000a284       0x70 zephyr/subsys/bluetooth/controller/libsubsys__bluetooth__controller.a(ull.c.obj)
                0x000000000000a284                ull_ticker_stop_with_mark
 .text.ull_pdu_rx_alloc_peek
                0x000000000000a2f4       0x34 zephyr/subsys/bluetooth/controller/libsubsys__bluetooth__controller.a(ull.c.obj)
                0x000000000000a2f4                ull_pdu_rx_alloc_peek
 .text.ull_pdu_rx_alloc
                0x000000000000a328       0x24 zephyr/subsys/bluetooth/controller/libsubsys__bluetooth__controller.a(ull.c.obj)
                0x000000000000a328                ull_pdu_rx_alloc
 .text.ull_rx_put
                0x000000000000a34c       0x20 zephyr/subsys/bluetooth/controller/libsubsys__bluetooth__controller.a(ull.c.obj)
                0x000000000000a34c                ull_rx_put
 .text.ull_rx_sched
                0x000000000000a36c       0x10 zephyr/subsys/bluetooth/controller/libsubsys__bluetooth__controller.a(ull.c.obj)
                0x000000000000a36c                ull_rx_sched
 .text.ull_prepare_enqueue
                0x000000000000a37c       0x68 zephyr/subsys/bluetooth/controller/libsubsys__bluetooth__controller.a(ull.c.obj)
                0x000000000000a37c                ull_prepare_enqueue
 .text.ull_prepare_dequeue_get
                0x000000000000a3e4       0x1c zephyr/subsys/bluetooth/controller/libsubsys__bluetooth__controller.a(ull.c.obj)
                0x000000000000a3e4                ull_prepare_dequeue_get
 .text.ull_prepare_dequeue_iter
                0x000000000000a400       0x38 zephyr/subsys/bluetooth/controller/libsubsys__bluetooth__controller.a(ull.c.obj)
                0x000000000000a400                ull_prepare_dequeue_iter
 .text.ull_prepare_dequeue
                0x000000000000a438      0x110 zephyr/subsys/bluetooth/controller/libsubsys__bluetooth__controller.a(ull.c.obj)
                0x000000000000a438                ull_prepare_dequeue
 .text.ull_event_done_extra_get
                0x000000000000a548       0x1c zephyr/subsys/bluetooth/controller/libsubsys__bluetooth__controller.a(ull.c.obj)
                0x000000000000a548                ull_event_done_extra_get
 .text.ull_event_done
                0x000000000000a564       0x40 zephyr/subsys/bluetooth/controller/libsubsys__bluetooth__controller.a(ull.c.obj)
                0x000000000000a564                ull_event_done
 .text.init_reset
                0x000000000000a5a4       0xf4 zephyr/subsys/bluetooth/controller/libsubsys__bluetooth__controller.a(ull.c.obj)
 .text.ll_init  0x000000000000a698       0xe0 zephyr/subsys/bluetooth/controller/libsubsys__bluetooth__controller.a(ull.c.obj)
                0x000000000000a698                ll_init
 .text.ll_reset
                0x000000000000a778      0x128 zephyr/subsys/bluetooth/controller/libsubsys__bluetooth__controller.a(ull.c.obj)
                0x000000000000a778                ll_reset
 .text.rx_demux
                0x000000000000a8a0      0x1f0 zephyr/subsys/bluetooth/controller/libsubsys__bluetooth__controller.a(ull.c.obj)
 .text.lll_resume
                0x000000000000aa90       0x50 zephyr/subsys/bluetooth/controller/libsubsys__bluetooth__controller.a(lll_common.c.obj)
                0x000000000000aa90                lll_resume
 .text.recv_thread
                0x000000000000aae0       0xe8 zephyr/subsys/bluetooth/controller/libsubsys__bluetooth__controller.a(hci_driver.c.obj)
 .text.hci_driver_send
                0x000000000000abc8       0x70 zephyr/subsys/bluetooth/controller/libsubsys__bluetooth__controller.a(hci_driver.c.obj)
 .text.prio_recv_thread
                0x000000000000ac38       0xc4 zephyr/subsys/bluetooth/controller/libsubsys__bluetooth__controller.a(hci_driver.c.obj)
 .text.hci_driver_close
                0x000000000000acfc       0x50 zephyr/subsys/bluetooth/controller/libsubsys__bluetooth__controller.a(hci_driver.c.obj)
 .text.hci_driver_open
                0x000000000000ad4c       0xb0 zephyr/subsys/bluetooth/controller/libsubsys__bluetooth__controller.a(hci_driver.c.obj)
 .text.hci_recv_fifo_reset
                0x000000000000adfc       0x20 zephyr/subsys/bluetooth/controller/libsubsys__bluetooth__controller.a(hci_driver.c.obj)
                0x000000000000adfc                hci_recv_fifo_reset
 .text.cmd_complete_status
                0x000000000000ae1c       0x24 zephyr/subsys/bluetooth/controller/libsubsys__bluetooth__controller.a(hci.c.obj)
 .text.cmd_status
                0x000000000000ae40       0x10 zephyr/subsys/bluetooth/controller/libsubsys__bluetooth__controller.a(hci.c.obj)
 .text.encrypt_change
                0x000000000000ae50       0x3c zephyr/subsys/bluetooth/controller/libsubsys__bluetooth__controller.a(hci.c.obj)
 .text.le_remote_feat_complete
                0x000000000000ae8c       0x4c zephyr/subsys/bluetooth/controller/libsubsys__bluetooth__controller.a(hci.c.obj)
 .text.hci_cmd_complete
                0x000000000000aed8       0x20 zephyr/subsys/bluetooth/controller/libsubsys__bluetooth__controller.a(hci.c.obj)
                0x000000000000aed8                hci_cmd_complete
 .text.hci_vendor_cmd_handle_common
                0x000000000000aef8      0x134 zephyr/subsys/bluetooth/controller/libsubsys__bluetooth__controller.a(hci.c.obj)
                0x000000000000aef8                hci_vendor_cmd_handle_common
 .text.hci_cmd_handle
                0x000000000000b02c      0x79c zephyr/subsys/bluetooth/controller/libsubsys__bluetooth__controller.a(hci.c.obj)
                0x000000000000b02c                hci_cmd_handle
 .text.hci_acl_handle
                0x000000000000b7c8       0xb8 zephyr/subsys/bluetooth/controller/libsubsys__bluetooth__controller.a(hci.c.obj)
                0x000000000000b7c8                hci_acl_handle
 .text.hci_disconn_complete_encode
                0x000000000000b880       0x38 zephyr/subsys/bluetooth/controller/libsubsys__bluetooth__controller.a(hci.c.obj)
                0x000000000000b880                hci_disconn_complete_encode
 .text.hci_disconn_complete_process
                0x000000000000b8b8       0x10 zephyr/subsys/bluetooth/controller/libsubsys__bluetooth__controller.a(hci.c.obj)
                0x000000000000b8b8                hci_disconn_complete_process
 .text.hci_acl_encode
                0x000000000000b8c8       0x78 zephyr/subsys/bluetooth/controller/libsubsys__bluetooth__controller.a(hci.c.obj)
                0x000000000000b8c8                hci_acl_encode
 .text.hci_evt_encode
                0x000000000000b940      0x43c zephyr/subsys/bluetooth/controller/libsubsys__bluetooth__controller.a(hci.c.obj)
                0x000000000000b940                hci_evt_encode
 .text.hci_init
                0x000000000000bd7c       0x3c zephyr/subsys/bluetooth/controller/libsubsys__bluetooth__controller.a(hci.c.obj)
                0x000000000000bd7c                hci_init
 .text.ticker_stop_cb
                0x000000000000bdb8       0x84 zephyr/subsys/bluetooth/controller/libsubsys__bluetooth__controller.a(ull_adv.c.obj)
 .text.disabled_cb
                0x000000000000be3c       0x88 zephyr/subsys/bluetooth/controller/libsubsys__bluetooth__controller.a(ull_adv.c.obj)
 .text.conn_release
                0x000000000000bec4       0x84 zephyr/subsys/bluetooth/controller/libsubsys__bluetooth__controller.a(ull_adv.c.obj)
 .text.ticker_stop_op_cb
                0x000000000000bf48       0x44 zephyr/subsys/bluetooth/controller/libsubsys__bluetooth__controller.a(ull_adv.c.obj)
 .text.adv_disable
                0x000000000000bf8c       0x88 zephyr/subsys/bluetooth/controller/libsubsys__bluetooth__controller.a(ull_adv.c.obj)
 .text.ticker_update_op_cb
                0x000000000000c014       0x60 zephyr/subsys/bluetooth/controller/libsubsys__bluetooth__controller.a(ull_adv.c.obj)
 .text.init_reset
                0x000000000000c074       0x64 zephyr/subsys/bluetooth/controller/libsubsys__bluetooth__controller.a(ull_adv.c.obj)
 .text.ticker_cb
                0x000000000000c0d8      0x12c zephyr/subsys/bluetooth/controller/libsubsys__bluetooth__controller.a(ull_adv.c.obj)
 .text.ll_adv_params_set
                0x000000000000c204      0x1b4 zephyr/subsys/bluetooth/controller/libsubsys__bluetooth__controller.a(ull_adv.c.obj)
                0x000000000000c204                ll_adv_params_set
 .text.ull_adv_reset_finalize
                0x000000000000c3b8       0x20 zephyr/subsys/bluetooth/controller/libsubsys__bluetooth__controller.a(ull_adv.c.obj)
                0x000000000000c3b8                ull_adv_reset_finalize
 .text.ull_adv_handle_get
                0x000000000000c3d8       0x14 zephyr/subsys/bluetooth/controller/libsubsys__bluetooth__controller.a(ull_adv.c.obj)
                0x000000000000c3d8                ull_adv_handle_get
 .text.ull_adv_lll_handle_get
                0x000000000000c3ec       0x14 zephyr/subsys/bluetooth/controller/libsubsys__bluetooth__controller.a(ull_adv.c.obj)
                0x000000000000c3ec                ull_adv_lll_handle_get
 .text.ull_adv_is_enabled_get
                0x000000000000c400       0x1c zephyr/subsys/bluetooth/controller/libsubsys__bluetooth__controller.a(ull_adv.c.obj)
                0x000000000000c400                ull_adv_is_enabled_get
 .text.disable.constprop.0
                0x000000000000c41c      0x160 zephyr/subsys/bluetooth/controller/libsubsys__bluetooth__controller.a(ull_adv.c.obj)
 .text.ll_adv_data_set
                0x000000000000c57c       0x10 zephyr/subsys/bluetooth/controller/libsubsys__bluetooth__controller.a(ull_adv.c.obj)
                0x000000000000c57c                ll_adv_data_set
 .text.ll_adv_scan_rsp_set
                0x000000000000c58c       0x10 zephyr/subsys/bluetooth/controller/libsubsys__bluetooth__controller.a(ull_adv.c.obj)
                0x000000000000c58c                ll_adv_scan_rsp_set
 .text.init_reset
                0x000000000000c59c       0x70 zephyr/subsys/bluetooth/controller/libsubsys__bluetooth__controller.a(ull_conn.c.obj)
 .text.ticker_stop_op_cb
                0x000000000000c60c       0x68 zephyr/subsys/bluetooth/controller/libsubsys__bluetooth__controller.a(ull_conn.c.obj)
 .text.disabled_cb
                0x000000000000c674       0x44 zephyr/subsys/bluetooth/controller/libsubsys__bluetooth__controller.a(ull_conn.c.obj)
 .text.conn_disable
                0x000000000000c6b8       0x88 zephyr/subsys/bluetooth/controller/libsubsys__bluetooth__controller.a(ull_conn.c.obj)
 .text.conn_setup_adv_scan_disabled_cb
                0x000000000000c740       0x44 zephyr/subsys/bluetooth/controller/libsubsys__bluetooth__controller.a(ull_conn.c.obj)
 .text.ticker_update_conn_op_cb
                0x000000000000c784       0x44 zephyr/subsys/bluetooth/controller/libsubsys__bluetooth__controller.a(ull_conn.c.obj)
 .text.ticker_start_conn_op_cb
                0x000000000000c7c8       0x60 zephyr/subsys/bluetooth/controller/libsubsys__bluetooth__controller.a(ull_conn.c.obj)
 .text.ticker_stop_conn_op_cb
                0x000000000000c828       0x60 zephyr/subsys/bluetooth/controller/libsubsys__bluetooth__controller.a(ull_conn.c.obj)
 .text.ll_conn_acquire
                0x000000000000c888        0xc zephyr/subsys/bluetooth/controller/libsubsys__bluetooth__controller.a(ull_conn.c.obj)
                0x000000000000c888                ll_conn_acquire
 .text.ll_conn_release
                0x000000000000c894        0xc zephyr/subsys/bluetooth/controller/libsubsys__bluetooth__controller.a(ull_conn.c.obj)
                0x000000000000c894                ll_conn_release
 .text.ll_conn_handle_get
                0x000000000000c8a0       0x10 zephyr/subsys/bluetooth/controller/libsubsys__bluetooth__controller.a(ull_conn.c.obj)
                0x000000000000c8a0                ll_conn_handle_get
 .text.tx_lll_flush
                0x000000000000c8b0       0xdc zephyr/subsys/bluetooth/controller/libsubsys__bluetooth__controller.a(ull_conn.c.obj)
 .text.ll_conn_get
                0x000000000000c98c       0x10 zephyr/subsys/bluetooth/controller/libsubsys__bluetooth__controller.a(ull_conn.c.obj)
                0x000000000000c98c                ll_conn_get
 .text.ll_tx_mem_acquire
                0x000000000000c99c        0xc zephyr/subsys/bluetooth/controller/libsubsys__bluetooth__controller.a(ull_conn.c.obj)
                0x000000000000c99c                ll_tx_mem_acquire
 .text.ll_tx_mem_release
                0x000000000000c9a8        0xc zephyr/subsys/bluetooth/controller/libsubsys__bluetooth__controller.a(ull_conn.c.obj)
                0x000000000000c9a8                ll_tx_mem_release
 .text.ll_tx_mem_enqueue
                0x000000000000c9b4       0x70 zephyr/subsys/bluetooth/controller/libsubsys__bluetooth__controller.a(ull_conn.c.obj)
                0x000000000000c9b4                ll_tx_mem_enqueue
 .text.ll_terminate_ind_send
                0x000000000000ca24       0x58 zephyr/subsys/bluetooth/controller/libsubsys__bluetooth__controller.a(ull_conn.c.obj)
                0x000000000000ca24                ll_terminate_ind_send
 .text.ll_length_default_get
                0x000000000000ca7c       0x18 zephyr/subsys/bluetooth/controller/libsubsys__bluetooth__controller.a(ull_conn.c.obj)
                0x000000000000ca7c                ll_length_default_get
 .text.ll_length_default_set
                0x000000000000ca94       0x14 zephyr/subsys/bluetooth/controller/libsubsys__bluetooth__controller.a(ull_conn.c.obj)
                0x000000000000ca94                ll_length_default_set
 .text.ll_phy_default_set
                0x000000000000caa8       0x14 zephyr/subsys/bluetooth/controller/libsubsys__bluetooth__controller.a(ull_conn.c.obj)
                0x000000000000caa8                ll_phy_default_set
 .text.ull_conn_reset
                0x000000000000cabc       0x80 zephyr/subsys/bluetooth/controller/libsubsys__bluetooth__controller.a(ull_conn.c.obj)
                0x000000000000cabc                ull_conn_reset
 .text.ull_conn_default_phy_tx_get
                0x000000000000cb3c        0xc zephyr/subsys/bluetooth/controller/libsubsys__bluetooth__controller.a(ull_conn.c.obj)
                0x000000000000cb3c                ull_conn_default_phy_tx_get
 .text.ull_conn_default_phy_rx_get
                0x000000000000cb48        0xc zephyr/subsys/bluetooth/controller/libsubsys__bluetooth__controller.a(ull_conn.c.obj)
                0x000000000000cb48                ull_conn_default_phy_rx_get
 .text.ull_conn_setup
                0x000000000000cb54       0x54 zephyr/subsys/bluetooth/controller/libsubsys__bluetooth__controller.a(ull_conn.c.obj)
                0x000000000000cb54                ull_conn_setup
 .text.ull_conn_llcp
                0x000000000000cba8       0x64 zephyr/subsys/bluetooth/controller/libsubsys__bluetooth__controller.a(ull_conn.c.obj)
                0x000000000000cba8                ull_conn_llcp
 .text.ull_conn_tx_demux
                0x000000000000cc0c       0x64 zephyr/subsys/bluetooth/controller/libsubsys__bluetooth__controller.a(ull_conn.c.obj)
                0x000000000000cc0c                ull_conn_tx_demux
 .text.conn_cleanup
                0x000000000000cc70       0xe8 zephyr/subsys/bluetooth/controller/libsubsys__bluetooth__controller.a(ull_conn.c.obj)
 .text.ull_conn_tx_lll_enqueue
                0x000000000000cd58       0x6c zephyr/subsys/bluetooth/controller/libsubsys__bluetooth__controller.a(ull_conn.c.obj)
                0x000000000000cd58                ull_conn_tx_lll_enqueue
 .text.ull_conn_link_tx_release
                0x000000000000cdc4        0xc zephyr/subsys/bluetooth/controller/libsubsys__bluetooth__controller.a(ull_conn.c.obj)
                0x000000000000cdc4                ull_conn_link_tx_release
 .text.ull_conn_ack_last_idx_get
                0x000000000000cdd0        0xc zephyr/subsys/bluetooth/controller/libsubsys__bluetooth__controller.a(ull_conn.c.obj)
                0x000000000000cdd0                ull_conn_ack_last_idx_get
 .text.ull_conn_ack_peek
                0x000000000000cddc       0x2c zephyr/subsys/bluetooth/controller/libsubsys__bluetooth__controller.a(ull_conn.c.obj)
                0x000000000000cddc                ull_conn_ack_peek
 .text.ull_conn_ack_by_last_peek
                0x000000000000ce08       0x28 zephyr/subsys/bluetooth/controller/libsubsys__bluetooth__controller.a(ull_conn.c.obj)
                0x000000000000ce08                ull_conn_ack_by_last_peek
 .text.ull_conn_ack_dequeue
                0x000000000000ce30       0x2c zephyr/subsys/bluetooth/controller/libsubsys__bluetooth__controller.a(ull_conn.c.obj)
                0x000000000000ce30                ull_conn_ack_dequeue
 .text.ull_conn_lll_ack_enqueue
                0x000000000000ce5c       0x5c zephyr/subsys/bluetooth/controller/libsubsys__bluetooth__controller.a(ull_conn.c.obj)
                0x000000000000ce5c                ull_conn_lll_ack_enqueue
 .text.ull_conn_tx_ack
                0x000000000000ceb8       0xa4 zephyr/subsys/bluetooth/controller/libsubsys__bluetooth__controller.a(ull_conn.c.obj)
                0x000000000000ceb8                ull_conn_tx_ack
 .text.ull_dle_init
                0x000000000000cf5c       0x7c zephyr/subsys/bluetooth/controller/libsubsys__bluetooth__controller.a(ull_conn.c.obj)
                0x000000000000cf5c                ull_dle_init
 .text.llcp_rp_enc_tx
                0x000000000000cfd8       0xc4 zephyr/subsys/bluetooth/controller/libsubsys__bluetooth__controller.a(ull_llcp_enc.c.obj)
 .text.rp_enc_send_enc_rsp.constprop.0
                0x000000000000d09c       0x88 zephyr/subsys/bluetooth/controller/libsubsys__bluetooth__controller.a(ull_llcp_enc.c.obj)
 .text.rp_enc_execute_fsm
                0x000000000000d124      0x230 zephyr/subsys/bluetooth/controller/libsubsys__bluetooth__controller.a(ull_llcp_enc.c.obj)
 .text.pu_ntf   0x000000000000d354       0xa4 zephyr/subsys/bluetooth/controller/libsubsys__bluetooth__controller.a(ull_llcp_phy.c.obj)
 .text.pu_dle_ntf
                0x000000000000d3f8       0x70 zephyr/subsys/bluetooth/controller/libsubsys__bluetooth__controller.a(ull_llcp_phy.c.obj)
 .text.rp_pu_tx.constprop.0
                0x000000000000d468       0xb8 zephyr/subsys/bluetooth/controller/libsubsys__bluetooth__controller.a(ull_llcp_phy.c.obj)
 .text.lp_pu_tx.constprop.0
                0x000000000000d520      0x104 zephyr/subsys/bluetooth/controller/libsubsys__bluetooth__controller.a(ull_llcp_phy.c.obj)
 .text.rp_pu_execute_fsm
                0x000000000000d624      0x214 zephyr/subsys/bluetooth/controller/libsubsys__bluetooth__controller.a(ull_llcp_phy.c.obj)
 .text.lp_pu_execute_fsm
                0x000000000000d838      0x274 zephyr/subsys/bluetooth/controller/libsubsys__bluetooth__controller.a(ull_llcp_phy.c.obj)
 .text.llcp_proc_ctx_release
                0x000000000000daac       0x3c zephyr/subsys/bluetooth/controller/libsubsys__bluetooth__controller.a(ull_llcp.c.obj)
                0x000000000000daac                llcp_proc_ctx_release
 .text.llcp_tx_alloc_peek
                0x000000000000dae8       0x10 zephyr/subsys/bluetooth/controller/libsubsys__bluetooth__controller.a(ull_llcp.c.obj)
                0x000000000000dae8                llcp_tx_alloc_peek
 .text.llcp_tx_alloc
                0x000000000000daf8       0x18 zephyr/subsys/bluetooth/controller/libsubsys__bluetooth__controller.a(ull_llcp.c.obj)
                0x000000000000daf8                llcp_tx_alloc
 .text.llcp_rx_node_retain
                0x000000000000db10       0x44 zephyr/subsys/bluetooth/controller/libsubsys__bluetooth__controller.a(ull_llcp.c.obj)
                0x000000000000db10                llcp_rx_node_retain
 .text.llcp_rx_node_release
                0x000000000000db54       0x4c zephyr/subsys/bluetooth/controller/libsubsys__bluetooth__controller.a(ull_llcp.c.obj)
                0x000000000000db54                llcp_rx_node_release
 .text.llcp_create_local_procedure
                0x000000000000dba0        0xc zephyr/subsys/bluetooth/controller/libsubsys__bluetooth__controller.a(ull_llcp.c.obj)
                0x000000000000dba0                llcp_create_local_procedure
 .text.llcp_create_remote_procedure
                0x000000000000dbac        0xc zephyr/subsys/bluetooth/controller/libsubsys__bluetooth__controller.a(ull_llcp.c.obj)
                0x000000000000dbac                llcp_create_remote_procedure
 .text.ull_cp_init
                0x000000000000dbb8       0x38 zephyr/subsys/bluetooth/controller/libsubsys__bluetooth__controller.a(ull_llcp.c.obj)
                0x000000000000dbb8                ull_cp_init
 .text.ull_cp_release_tx
                0x000000000000dbf0        0xc zephyr/subsys/bluetooth/controller/libsubsys__bluetooth__controller.a(ull_llcp.c.obj)
                0x000000000000dbf0                ull_cp_release_tx
 .text.ull_cp_prt_elapse
                0x000000000000dbfc       0x74 zephyr/subsys/bluetooth/controller/libsubsys__bluetooth__controller.a(ull_llcp.c.obj)
                0x000000000000dbfc                ull_cp_prt_elapse
 .text.ull_cp_prt_reload_set
                0x000000000000dc70       0x14 zephyr/subsys/bluetooth/controller/libsubsys__bluetooth__controller.a(ull_llcp.c.obj)
                0x000000000000dc70                ull_cp_prt_reload_set
 .text.ull_cp_release_nodes
                0x000000000000dc84       0x38 zephyr/subsys/bluetooth/controller/libsubsys__bluetooth__controller.a(ull_llcp.c.obj)
                0x000000000000dc84                ull_cp_release_nodes
 .text.ull_cp_conn_update
                0x000000000000dcbc       0xe4 zephyr/subsys/bluetooth/controller/libsubsys__bluetooth__controller.a(ull_llcp.c.obj)
                0x000000000000dcbc                ull_cp_conn_update
 .text.ull_cp_rx
                0x000000000000dda0      0x190 zephyr/subsys/bluetooth/controller/libsubsys__bluetooth__controller.a(ull_llcp.c.obj)
                0x000000000000dda0                ull_cp_rx
 .text.lp_comm_tx
                0x000000000000df30       0xf0 zephyr/subsys/bluetooth/controller/libsubsys__bluetooth__controller.a(ull_llcp_common.c.obj)
 .text.rp_comm_tx_proxy
                0x000000000000e020       0xe8 zephyr/subsys/bluetooth/controller/libsubsys__bluetooth__controller.a(ull_llcp_common.c.obj)
 .text.rp_comm_send_rsp.constprop.0
                0x000000000000e108       0x90 zephyr/subsys/bluetooth/controller/libsubsys__bluetooth__controller.a(ull_llcp_common.c.obj)
 .text.lp_comm_ntf
                0x000000000000e198       0xd0 zephyr/subsys/bluetooth/controller/libsubsys__bluetooth__controller.a(ull_llcp_common.c.obj)
 .text.lp_comm_complete.constprop.0
                0x000000000000e268       0xf8 zephyr/subsys/bluetooth/controller/libsubsys__bluetooth__controller.a(ull_llcp_common.c.obj)
 .text.lp_comm_send_req.constprop.0.isra.0
                0x000000000000e360       0xd8 zephyr/subsys/bluetooth/controller/libsubsys__bluetooth__controller.a(ull_llcp_common.c.obj)
 .text.rp_comm_execute_fsm
                0x000000000000e438      0x1e0 zephyr/subsys/bluetooth/controller/libsubsys__bluetooth__controller.a(ull_llcp_common.c.obj)
 .text.lp_comm_execute_fsm
                0x000000000000e618      0x160 zephyr/subsys/bluetooth/controller/libsubsys__bluetooth__controller.a(ull_llcp_common.c.obj)
 .text.llcp_lr_check_done
                0x000000000000e778       0x78 zephyr/subsys/bluetooth/controller/libsubsys__bluetooth__controller.a(ull_llcp_local.c.obj)
                0x000000000000e778                llcp_lr_check_done
 .text.lr_act_run
                0x000000000000e7f0       0x7c zephyr/subsys/bluetooth/controller/libsubsys__bluetooth__controller.a(ull_llcp_local.c.obj)
 .text.lr_act_complete
                0x000000000000e86c       0x40 zephyr/subsys/bluetooth/controller/libsubsys__bluetooth__controller.a(ull_llcp_local.c.obj)
 .text.lr_execute_fsm.constprop.0
                0x000000000000e8ac       0x8c zephyr/subsys/bluetooth/controller/libsubsys__bluetooth__controller.a(ull_llcp_local.c.obj)
 .text.llcp_lr_rx
                0x000000000000e938       0x84 zephyr/subsys/bluetooth/controller/libsubsys__bluetooth__controller.a(ull_llcp_local.c.obj)
                0x000000000000e938                llcp_lr_rx
 .text.feature_filter
                0x000000000000e9bc       0x18 zephyr/subsys/bluetooth/controller/libsubsys__bluetooth__controller.a(ull_llcp_pdu.c.obj)
 .text.cu_ntf   0x000000000000e9d4       0x74 zephyr/subsys/bluetooth/controller/libsubsys__bluetooth__controller.a(ull_llcp_conn_upd.c.obj)
 .text.rp_cu_conn_param_req_ntf
                0x000000000000ea48       0x5c zephyr/subsys/bluetooth/controller/libsubsys__bluetooth__controller.a(ull_llcp_conn_upd.c.obj)
 .text.lp_cu_complete
                0x000000000000eaa4       0x3c zephyr/subsys/bluetooth/controller/libsubsys__bluetooth__controller.a(ull_llcp_conn_upd.c.obj)
 .text.rp_cu_tx
                0x000000000000eae0       0xc0 zephyr/subsys/bluetooth/controller/libsubsys__bluetooth__controller.a(ull_llcp_conn_upd.c.obj)
 .text.rp_cu_send_conn_update_ind_finalize.constprop.0
                0x000000000000eba0       0x94 zephyr/subsys/bluetooth/controller/libsubsys__bluetooth__controller.a(ull_llcp_conn_upd.c.obj)
 .text.lp_cu_send_conn_param_req.constprop.0
                0x000000000000ec34       0xf8 zephyr/subsys/bluetooth/controller/libsubsys__bluetooth__controller.a(ull_llcp_conn_upd.c.obj)
 .text.rp_cu_complete
                0x000000000000ed2c       0x28 zephyr/subsys/bluetooth/controller/libsubsys__bluetooth__controller.a(ull_llcp_conn_upd.c.obj)
 .text.rp_cu_st_wait_conn_param_req_available.part.0.isra.0
                0x000000000000ed54       0x84 zephyr/subsys/bluetooth/controller/libsubsys__bluetooth__controller.a(ull_llcp_conn_upd.c.obj)
 .text.rp_cu_execute_fsm
                0x000000000000edd8      0x21c zephyr/subsys/bluetooth/controller/libsubsys__bluetooth__controller.a(ull_llcp_conn_upd.c.obj)
 .text.lp_cu_execute_fsm
                0x000000000000eff4      0x1c0 zephyr/subsys/bluetooth/controller/libsubsys__bluetooth__controller.a(ull_llcp_conn_upd.c.obj)
 .text.llcp_rp_chmu_rx
                0x000000000000f1b4       0x84 zephyr/subsys/bluetooth/controller/libsubsys__bluetooth__controller.a(ull_llcp_chmu.c.obj)
                0x000000000000f1b4                llcp_rp_chmu_rx
 .text.llcp_rp_chmu_run
                0x000000000000f238       0x64 zephyr/subsys/bluetooth/controller/libsubsys__bluetooth__controller.a(ull_llcp_chmu.c.obj)
                0x000000000000f238                llcp_rp_chmu_run
 .text.rr_act_unsupported
                0x000000000000f29c       0x98 zephyr/subsys/bluetooth/controller/libsubsys__bluetooth__controller.a(ull_llcp_remote.c.obj)
 .text.rr_act_reject
                0x000000000000f334       0xd8 zephyr/subsys/bluetooth/controller/libsubsys__bluetooth__controller.a(ull_llcp_remote.c.obj)
 .text.llcp_rr_check_done
                0x000000000000f40c       0x78 zephyr/subsys/bluetooth/controller/libsubsys__bluetooth__controller.a(ull_llcp_remote.c.obj)
                0x000000000000f40c                llcp_rr_check_done
 .text.rr_act_run
                0x000000000000f484       0x88 zephyr/subsys/bluetooth/controller/libsubsys__bluetooth__controller.a(ull_llcp_remote.c.obj)
 .text.rr_st_active.constprop.0
                0x000000000000f50c       0x70 zephyr/subsys/bluetooth/controller/libsubsys__bluetooth__controller.a(ull_llcp_remote.c.obj)
 .text.rr_execute_fsm
                0x000000000000f57c      0x14c zephyr/subsys/bluetooth/controller/libsubsys__bluetooth__controller.a(ull_llcp_remote.c.obj)
 .text.llcp_rr_rx
                0x000000000000f6c8       0x94 zephyr/subsys/bluetooth/controller/libsubsys__bluetooth__controller.a(ull_llcp_remote.c.obj)
                0x000000000000f6c8                llcp_rr_rx
 .text.llcp_rr_new
                0x000000000000f75c       0x90 zephyr/subsys/bluetooth/controller/libsubsys__bluetooth__controller.a(ull_llcp_remote.c.obj)
                0x000000000000f75c                llcp_rr_new
 .text.ticker_update_latency_cancel_op_cb
                0x000000000000f7ec       0x40 zephyr/subsys/bluetooth/controller/libsubsys__bluetooth__controller.a(ull_peripheral.c.obj)
 .text.ticker_op_cb
                0x000000000000f82c       0x30 zephyr/subsys/bluetooth/controller/libsubsys__bluetooth__controller.a(ull_peripheral.c.obj)
 .text.ticker_op_stop_adv_cb
                0x000000000000f85c       0x3c zephyr/subsys/bluetooth/controller/libsubsys__bluetooth__controller.a(ull_peripheral.c.obj)
 .text.ull_periph_ticker_cb
                0x000000000000f898       0xbc zephyr/subsys/bluetooth/controller/libsubsys__bluetooth__controller.a(ull_peripheral.c.obj)
                0x000000000000f898                ull_periph_ticker_cb
 .text.ull_periph_latency_cancel
                0x000000000000f954       0x70 zephyr/subsys/bluetooth/controller/libsubsys__bluetooth__controller.a(ull_peripheral.c.obj)
                0x000000000000f954                ull_periph_latency_cancel
 .text.ull_chan_reset
                0x000000000000f9c4       0x20 zephyr/subsys/bluetooth/controller/libsubsys__bluetooth__controller.a(ull_chan.c.obj)
                0x000000000000f9c4                ull_chan_reset
 .text.lll_chan_sel_2
                0x000000000000f9e4       0xac zephyr/subsys/bluetooth/controller/libsubsys__bluetooth__controller.a(lll_chan.c.obj)
                0x000000000000f9e4                lll_chan_sel_2
 .text.fal_clear
                0x000000000000fa90       0x3c zephyr/subsys/bluetooth/controller/libsubsys__bluetooth__controller.a(ull_filter.c.obj)
 .text.rl_clear
                0x000000000000facc       0x70 zephyr/subsys/bluetooth/controller/libsubsys__bluetooth__controller.a(ull_filter.c.obj)
 .text.fal_find
                0x000000000000fb3c       0x58 zephyr/subsys/bluetooth/controller/libsubsys__bluetooth__controller.a(ull_filter.c.obj)
 .text.fal_update
                0x000000000000fb94       0x94 zephyr/subsys/bluetooth/controller/libsubsys__bluetooth__controller.a(ull_filter.c.obj)
 .text.rl_update
                0x000000000000fc28       0x54 zephyr/subsys/bluetooth/controller/libsubsys__bluetooth__controller.a(ull_filter.c.obj)
 .text.ll_fal_remove
                0x000000000000fc7c       0x60 zephyr/subsys/bluetooth/controller/libsubsys__bluetooth__controller.a(ull_filter.c.obj)
                0x000000000000fc7c                ll_fal_remove
 .text.ll_rl_id_addr_get
                0x000000000000fcdc       0x90 zephyr/subsys/bluetooth/controller/libsubsys__bluetooth__controller.a(ull_filter.c.obj)
                0x000000000000fcdc                ll_rl_id_addr_get
 .text.ll_rl_enable
                0x000000000000fd6c       0x28 zephyr/subsys/bluetooth/controller/libsubsys__bluetooth__controller.a(ull_filter.c.obj)
                0x000000000000fd6c                ll_rl_enable
 .text.ll_rl_timeout_set
                0x000000000000fd94       0x10 zephyr/subsys/bluetooth/controller/libsubsys__bluetooth__controller.a(ull_filter.c.obj)